2025-06-19 05:21:48,865 - INFO - root - --- Параметры запуска ---
2025-06-19 05:21:48,865 - INFO - root - start_date: 2024-11-25 18:00:00
2025-06-19 05:21:48,865 - INFO - root - end_date: 2024-12-11 12:10:00
2025-06-19 05:21:48,866 - INFO - root - use_cache: True
2025-06-19 05:21:48,866 - INFO - root - cache_filename: common_cad_avg1h_20241125_20241211.parquet
2025-06-19 05:21:48,866 - INFO - root - target_col: common_cad_avg1h
2025-06-19 05:21:48,866 - INFO - root - history_minutes: 180
2025-06-19 05:21:48,866 - INFO - root - n_splits: 5
2025-06-19 05:21:48,866 - INFO - root - test_size: 900
2025-06-19 05:21:48,866 - INFO - root - --------------------------
2025-06-19 05:21:48,866 - INFO - root - Загрузка и очистка данных...
2025-06-19 05:21:48,903 - INFO - root - Запускаю кросс-валидацию с 5 фолдами...
2025-06-19 05:21:48,903 - INFO - root - ==== ФОЛД 1/5 ====
2025-06-19 05:21:48,905 - INFO - root - Размер обучающей выборки: 86257, тестовой: 900
2025-06-19 05:21:48,905 - INFO - root - Генерация сезонного наивного прогноза...
2025-06-19 05:21:48,909 - INFO - root - Прогноз 'как сутки назад' сгенерирован.
2025-06-19 05:21:48,911 - INFO - root - Метрики на фолде 1: {'MAE': 36.05787260764794, 'RMSE': np.float64(45.05479408753142), 'MAPE': 8.68732815075183}
2025-06-19 05:21:48,911 - INFO - root - Сохранение графика прогноза для фолда...
2025-06-19 05:21:49,130 - INFO - root - ==== ФОЛД 2/5 ====
2025-06-19 05:21:49,132 - INFO - root - Размер обучающей выборки: 87157, тестовой: 900
2025-06-19 05:21:49,170 - INFO - root - Генерация сезонного наивного прогноза...
2025-06-19 05:21:49,174 - INFO - root - Прогноз 'как сутки назад' сгенерирован.
2025-06-19 05:21:49,177 - INFO - root - Метрики на фолде 2: {'MAE': 37.019343765145756, 'RMSE': np.float64(44.36419660586506), 'MAPE': 9.147973424850075}
2025-06-19 05:21:49,177 - INFO - root - Сохранение графика прогноза для фолда...
2025-06-19 05:21:49,416 - INFO - root - ==== ФОЛД 3/5 ====
2025-06-19 05:21:49,419 - INFO - root - Размер обучающей выборки: 88057, тестовой: 900
2025-06-19 05:21:49,419 - INFO - root - Генерация сезонного наивного прогноза...
2025-06-19 05:21:49,423 - INFO - root - Прогноз 'как сутки назад' сгенерирован.
2025-06-19 05:21:49,424 - INFO - root - Метрики на фолде 3: {'MAE': 49.72081280223705, 'RMSE': np.float64(55.21445253852614), 'MAPE': 12.358772138072641}
2025-06-19 05:21:49,425 - INFO - root - Сохранение графика прогноза для фолда...
2025-06-19 05:21:49,735 - INFO - root - ==== ФОЛД 4/5 ====
2025-06-19 05:21:49,738 - INFO - root - Размер обучающей выборки: 88957, тестовой: 900
2025-06-19 05:21:49,738 - INFO - root - Генерация сезонного наивного прогноза...
2025-06-19 05:21:49,743 - INFO - root - Прогноз 'как сутки назад' сгенерирован.
2025-06-19 05:21:49,745 - INFO - root - Метрики на фолде 4: {'MAE': 47.37649236337167, 'RMSE': np.float64(60.13868968861996), 'MAPE': 12.328537713187117}
2025-06-19 05:21:49,745 - INFO - root - Сохранение графика прогноза для фолда...
2025-06-19 05:21:49,955 - INFO - root - ==== ФОЛД 5/5 ====
2025-06-19 05:21:49,957 - INFO - root - Размер обучающей выборки: 89857, тестовой: 900
2025-06-19 05:21:49,958 - INFO - root - Генерация сезонного наивного прогноза...
2025-06-19 05:21:49,961 - INFO - root - Прогноз 'как сутки назад' сгенерирован.
2025-06-19 05:21:49,962 - INFO - root - Метрики на фолде 5: {'MAE': 89.85596283711108, 'RMSE': np.float64(95.47659945150184), 'MAPE': 24.281176539918423}
2025-06-19 05:21:49,962 - INFO - root - Сохранение графика прогноза для фолда...
2025-06-19 05:21:50,176 - INFO - root - ==== ИТОГОВЫЕ МЕТРИКИ (среднее по фолдам) ====
2025-06-19 05:21:50,176 - INFO - root - {'MAE': np.float64(52.0060968751027), 'RMSE': np.float64(60.04974647440888), 'MAPE': np.float64(13.360757593356016)}
2025-06-19 05:21:50,176 - INFO - root - Скрипт завершен. Графики и лог сохранены в plots/seasonal_naive_baseline_20250619_052148
