2025-06-17 19:40:19,410 - INFO -        common_cad_avg1h
count      90757.000000
mean         423.524946
std          138.010021
min          273.657007
25%          334.943368
50%          400.366144
75%          462.853268
max         1591.184778
2025-06-17 19:40:20,850 - INFO - Размер полного датасета: 90757
2025-06-17 19:40:20,853 - INFO - Размер для обучения и CV: 72605
2025-06-17 19:40:20,855 - INFO - Размер для валидации: 9076
2025-06-17 19:40:20,857 - INFO - Размер для hold-out теста: 9076
2025-06-17 19:40:21,158 - INFO - Запускаю кросс-валидацию на 5 фолдах...
2025-06-17 19:40:21,165 - INFO - 
--- Фолд 1/5 ---
2025-06-17 19:40:21,168 - INFO - Размер train фолда 1: 36681
2025-06-17 19:40:21,168 - INFO - Размер val фолда 1: 9000
2025-06-17 19:40:21,169 - INFO - Период фолда 1: 2024-11-25 18:01:00 - 2024-12-02 02:51:00
2025-06-17 19:40:21,169 - INFO - Начинаю обучение на фолде...
2025-06-17 19:40:41,857 - INFO - Обучение на фолде завершено.
2025-06-17 19:45:55,658 - INFO - Метрики на фолде 1: MAE=79.5, RMSE=99.2, MAPE=22.98%
2025-06-17 19:45:56,076 - INFO - 
--- Фолд 2/5 ---
2025-06-17 19:45:56,083 - INFO - Размер train фолда 2: 45681
2025-06-17 19:45:56,084 - INFO - Размер val фолда 2: 9000
2025-06-17 19:45:56,085 - INFO - Период фолда 2: 2024-11-25 18:01:00 - 2024-12-03 16:21:00
2025-06-17 19:45:56,141 - INFO - Начинаю обучение на фолде...
2025-06-17 19:46:20,592 - INFO - Обучение на фолде завершено.
2025-06-17 19:52:58,677 - INFO - Метрики на фолде 2: MAE=151.7, RMSE=241.8, MAPE=20.03%
2025-06-17 19:52:59,015 - INFO - 
--- Фолд 3/5 ---
2025-06-17 19:52:59,023 - INFO - Размер train фолда 3: 54681
2025-06-17 19:52:59,023 - INFO - Размер val фолда 3: 9000
2025-06-17 19:52:59,023 - INFO - Период фолда 3: 2024-11-25 18:01:00 - 2024-12-05 05:51:00
2025-06-17 19:52:59,152 - INFO - Начинаю обучение на фолде...
2025-06-17 19:53:26,979 - INFO - Обучение на фолде завершено.
2025-06-17 20:01:14,979 - INFO - Метрики на фолде 3: MAE=1615.0, RMSE=1841.4, MAPE=347.31%
2025-06-17 20:01:15,318 - INFO - 
--- Фолд 4/5 ---
2025-06-17 20:01:15,330 - INFO - Размер train фолда 4: 63681
2025-06-17 20:01:15,330 - INFO - Размер val фолда 4: 9000
2025-06-17 20:01:15,331 - INFO - Период фолда 4: 2024-11-25 18:01:00 - 2024-12-06 19:21:00
2025-06-17 20:01:15,404 - INFO - Начинаю обучение на фолде...
2025-06-17 20:01:42,440 - INFO - Обучение на фолде завершено.
2025-06-17 20:10:39,676 - INFO - Метрики на фолде 4: MAE=117.9, RMSE=136.0, MAPE=36.59%
2025-06-17 20:10:40,010 - INFO - 
--- Фолд 5/5 ---
2025-06-17 20:10:40,020 - INFO - Размер train фолда 5: 72681
2025-06-17 20:10:40,021 - INFO - Размер val фолда 5: 9000
2025-06-17 20:10:40,021 - INFO - Период фолда 5: 2024-11-25 18:01:00 - 2024-12-08 08:51:00
2025-06-17 20:10:40,130 - INFO - Начинаю обучение на фолде...
2025-06-17 20:11:11,083 - INFO - Обучение на фолде завершено.
2025-06-17 20:21:56,769 - INFO - Метрики на фолде 5: MAE=121.2, RMSE=131.5, MAPE=32.10%
2025-06-17 20:21:57,086 - INFO - 
--- Результаты кросс-валидации (средние) ---
2025-06-17 20:21:57,087 - INFO - CV Avg • MAE=417.0  RMSE=490.0  MAPE=91.80%
2025-06-17 20:21:57,087 - INFO - 
Начинаю обучение финальной модели на всех данных train+val...
2025-06-17 20:22:30,472 - INFO - Финальная модель успешно обучена!
2025-06-17 20:22:30,475 - INFO - Параметры модели: {'loss_function': 'RMSE', 'boosting_type': 'Plain', 'l2_leaf_reg': 10.0, 'depth': 10, 'learning_rate': 0.075, 'iterations': 1000, 'random_seed': 42, 'early_stopping_rounds': 150, 'verbose': False}
2025-06-17 20:22:32,049 - INFO - 
Делаю прогноз на hold-out сете...
2025-06-17 20:33:46,508 - INFO - Прогноз готов!
2025-06-17 20:33:46,642 - INFO - Длина прогноза: 9076, Длина реальных данных: 9076
2025-06-17 20:33:46,666 - INFO - Blind ~4h test • MAE=227.2  RMSE=233.8  MAPE=53.53%  on 9076 valid points
2025-06-17 20:33:47,906 - INFO - 
*** Hold-out metrics ***
2025-06-17 20:33:47,911 - INFO -            value
MAE   227.183678
RMSE  233.807880
MAPE   53.526003
2025-06-17 20:33:47,954 - INFO - 
MAE by day:
2025-06-17 20:33:47,955 - INFO -         index         MAE
0  2024-12-09  154.423051
1  2024-12-10  224.872703
2  2024-12-11  241.580004
2025-06-17 20:33:48,650 - INFO -                    feature  importance
0            f_resid_lag_1   24.227824
1            f_resid_lag_2   18.909671
2     f_resid_roll_mean_96   18.336390
3      f_resid_roll_mean_4   15.964949
4            f_resid_lag_4   12.768066
5           f_resid_lag_96    2.334584
6    f_resid_roll_mean_192    2.070175
7          f_resid_lag_192    0.772530
8    f_resid_roll_std_2880    0.752021
9    f_resid_roll_std_4320    0.649911
10        f_resid_lag_5760    0.417763
11   f_resid_roll_std_1920    0.398879
12              is_weekend    0.370432
13  f_resid_roll_mean_4320    0.352091
14   f_resid_roll_std_5760    0.286836
15  f_resid_roll_mean_5760    0.262870
16    f_resid_roll_std_192    0.260703
17   f_resid_roll_std_8640    0.205179
18     f_resid_roll_std_96    0.177944
19  f_resid_roll_mean_1920    0.154748
