2025-06-19 05:19:28,670 - INFO - root - --- Параметры запуска ---
2025-06-19 05:19:28,670 - INFO - root - start_date: 2024-11-25 18:00:00
2025-06-19 05:19:28,670 - INFO - root - end_date: 2024-12-11 12:10:00
2025-06-19 05:19:28,670 - INFO - root - use_cache: True
2025-06-19 05:19:28,670 - INFO - root - cache_filename: common_cad_avg1h_20241125_20241211.parquet
2025-06-19 05:19:28,670 - INFO - root - target_col: common_cad_avg1h
2025-06-19 05:19:28,670 - INFO - root - history_minutes: 180
2025-06-19 05:19:28,670 - INFO - root - n_splits: 5
2025-06-19 05:19:28,670 - INFO - root - test_size: 900
2025-06-19 05:19:28,670 - INFO - root - --------------------------
2025-06-19 05:19:28,670 - INFO - root - Загрузка и очистка данных...
2025-06-19 05:19:28,892 - INFO - root - Запускаю кросс-валидацию с 5 фолдами...
2025-06-19 05:19:28,893 - INFO - root - ==== ФОЛД 1/5 ====
2025-06-19 05:19:28,896 - INFO - root - Размер обучающей выборки: 86257, тестовой: 900
2025-06-19 05:19:28,896 - INFO - root - Наивный прогноз: все значения равны 452.2559
2025-06-19 05:19:28,899 - INFO - root - Метрики на фолде 1: {'MAE': 26.369751636420382, 'RMSE': np.float64(33.6514985784248), 'MAPE': 6.413001110706623}
2025-06-19 05:19:28,899 - INFO - root - Сохранение графика прогноза для фолда...
2025-06-19 05:19:29,207 - INFO - root - ==== ФОЛД 2/5 ====
2025-06-19 05:19:29,210 - INFO - root - Размер обучающей выборки: 87157, тестовой: 900
2025-06-19 05:19:29,210 - INFO - root - Наивный прогноз: все значения равны 444.6167
2025-06-19 05:19:29,212 - INFO - root - Метрики на фолде 2: {'MAE': 33.71864217009369, 'RMSE': np.float64(39.583043370032065), 'MAPE': 8.476811532387796}
2025-06-19 05:19:29,212 - INFO - root - Сохранение графика прогноза для фолда...
2025-06-19 05:19:29,415 - INFO - root - ==== ФОЛД 3/5 ====
2025-06-19 05:19:29,417 - INFO - root - Размер обучающей выборки: 88057, тестовой: 900
2025-06-19 05:19:29,418 - INFO - root - Наивный прогноз: все значения равны 396.6488
2025-06-19 05:19:29,419 - INFO - root - Метрики на фолде 3: {'MAE': 18.80444619457102, 'RMSE': np.float64(22.626752657574496), 'MAPE': 4.527312167340677}
2025-06-19 05:19:29,419 - INFO - root - Сохранение графика прогноза для фолда...
2025-06-19 05:19:29,613 - INFO - root - ==== ФОЛД 4/5 ====
2025-06-19 05:19:29,615 - INFO - root - Размер обучающей выборки: 88957, тестовой: 900
2025-06-19 05:19:29,616 - INFO - root - Наивный прогноз: все значения равны 375.0243
2025-06-19 05:19:29,617 - INFO - root - Метрики на фолде 4: {'MAE': 55.13581319760922, 'RMSE': np.float64(64.93018090381011), 'MAPE': 12.403988251101968}
2025-06-19 05:19:29,617 - INFO - root - Сохранение графика прогноза для фолда...
2025-06-19 05:19:29,819 - INFO - root - ==== ФОЛД 5/5 ====
2025-06-19 05:19:29,821 - INFO - root - Размер обучающей выборки: 89857, тестовой: 900
2025-06-19 05:19:29,822 - INFO - root - Наивный прогноз: все значения равны 478.3088
2025-06-19 05:19:29,823 - INFO - root - Метрики на фолде 5: {'MAE': 92.31669988725936, 'RMSE': np.float64(100.63499058420891), 'MAPE': 25.237975933521454}
2025-06-19 05:19:29,823 - INFO - root - Сохранение графика прогноза для фолда...
2025-06-19 05:19:30,026 - INFO - root - ==== ИТОГОВЫЕ МЕТРИКИ (среднее по фолдам) ====
2025-06-19 05:19:30,027 - INFO - root - {'MAE': np.float64(45.269070617190735), 'RMSE': np.float64(52.28529321881008), 'MAPE': np.float64(11.411817799011704)}
2025-06-19 05:19:30,027 - INFO - root - Скрипт завершен. Графики и лог сохранены в plots/naive_baseline_20250619_051928
