2025-06-17 21:16:21,829 - INFO -        common_cad_avg1h
count      90757.000000
mean         423.524946
std          138.010021
min          273.657007
25%          334.943368
50%          400.366144
75%          462.853268
max         1591.184778
2025-06-17 21:16:21,852 - INFO - Размер полного датасета: 90757
2025-06-17 21:16:21,854 - INFO - Размер для обучения и CV: 72605
2025-06-17 21:16:21,855 - INFO - Размер для валидации: 17244
2025-06-17 21:16:21,855 - INFO - Размер для hold-out теста: 908
2025-06-17 21:16:21,872 - INFO - Запускаю кросс-валидацию на 5 фолдах...
2025-06-17 21:16:21,874 - INFO - 
--- Фолд 1/5 ---
2025-06-17 21:16:21,877 - INFO - Размер train фолда 1: 85349
2025-06-17 21:16:21,878 - INFO - Размер val фолда 1: 900
2025-06-17 21:16:21,878 - INFO - Период фолда 1: 2024-11-25 18:01:00 - 2024-12-10 13:38:00
2025-06-17 21:16:21,879 - INFO - Начинаю обучение на фолде...
2025-06-17 21:16:56,304 - INFO -        common_cad_avg1h
count      90757.000000
mean         423.524946
std          138.010021
min          273.657007
25%          334.943368
50%          400.366144
75%          462.853268
max         1591.184778
2025-06-17 21:16:56,325 - INFO - Размер полного датасета: 90757
2025-06-17 21:16:56,329 - INFO - Размер для обучения и CV: 72605
2025-06-17 21:16:56,331 - INFO - Размер для валидации: 17244
2025-06-17 21:16:56,331 - INFO - Размер для hold-out теста: 908
2025-06-17 21:16:56,377 - INFO - Запускаю кросс-валидацию на 5 фолдах...
2025-06-17 21:16:56,404 - INFO - 
--- Фолд 1/5 ---
2025-06-17 21:16:56,407 - INFO - Размер train фолда 1: 85349
2025-06-17 21:16:56,407 - INFO - Размер val фолда 1: 900
2025-06-17 21:16:56,408 - INFO - Период фолда 1: 2024-11-25 18:01:00 - 2024-12-10 13:38:00
2025-06-17 21:16:56,409 - INFO - Начинаю обучение на фолде...
2025-06-17 21:17:28,430 - INFO - Обучение на фолде завершено.
2025-06-17 21:18:36,474 - INFO - Метрики на фолде 1: MAE=24.4, RMSE=32.7, MAPE=6.17%
2025-06-17 21:18:36,866 - INFO - 
--- Фолд 2/5 ---
2025-06-17 21:18:36,876 - INFO - Размер train фолда 2: 86249
2025-06-17 21:18:36,876 - INFO - Размер val фолда 2: 900
2025-06-17 21:18:36,877 - INFO - Период фолда 2: 2024-11-25 18:01:00 - 2024-12-10 17:23:00
2025-06-17 21:18:36,898 - INFO - Начинаю обучение на фолде...
2025-06-17 21:19:04,356 - INFO - Обучение на фолде завершено.
2025-06-17 21:20:13,811 - INFO - Метрики на фолде 2: MAE=19.2, RMSE=24.6, MAPE=4.63%
2025-06-17 21:20:14,070 - INFO - 
--- Фолд 3/5 ---
2025-06-17 21:20:14,073 - INFO - Размер train фолда 3: 87149
2025-06-17 21:20:14,073 - INFO - Размер val фолда 3: 900
2025-06-17 21:20:14,074 - INFO - Период фолда 3: 2024-11-25 18:01:00 - 2024-12-10 21:08:00
2025-06-17 21:20:14,085 - INFO - Начинаю обучение на фолде...
2025-06-17 21:20:44,115 - INFO - Обучение на фолде завершено.
2025-06-17 21:21:54,228 - INFO - Метрики на фолде 3: MAE=23.0, RMSE=27.0, MAPE=5.57%
2025-06-17 21:21:54,496 - INFO - 
--- Фолд 4/5 ---
2025-06-17 21:21:54,501 - INFO - Размер train фолда 4: 88049
2025-06-17 21:21:54,501 - INFO - Размер val фолда 4: 900
2025-06-17 21:21:54,501 - INFO - Период фолда 4: 2024-11-25 18:01:00 - 2024-12-11 00:53:00
2025-06-17 21:21:54,517 - INFO - Начинаю обучение на фолде...
2025-06-17 21:22:22,545 - INFO - Обучение на фолде завершено.
2025-06-17 21:23:33,451 - INFO - Метрики на фолде 4: MAE=20.0, RMSE=22.9, MAPE=4.91%
2025-06-17 21:23:33,704 - INFO - 
--- Фолд 5/5 ---
2025-06-17 21:23:33,708 - INFO - Размер train фолда 5: 88949
2025-06-17 21:23:33,709 - INFO - Размер val фолда 5: 900
2025-06-17 21:23:33,709 - INFO - Период фолда 5: 2024-11-25 18:01:00 - 2024-12-11 04:38:00
2025-06-17 21:23:33,720 - INFO - Начинаю обучение на фолде...
2025-06-17 21:24:01,610 - INFO - Обучение на фолде завершено.
2025-06-17 21:25:13,393 - INFO - Метрики на фолде 5: MAE=97.1, RMSE=117.1, MAPE=21.68%
2025-06-17 21:25:13,662 - INFO - 
--- Результаты кросс-валидации (средние) ---
2025-06-17 21:25:13,663 - INFO - CV Avg • MAE=36.8  RMSE=44.9  MAPE=8.59%
2025-06-17 21:25:13,663 - INFO - 
Начинаю обучение финальной модели на всех данных train+val...
2025-06-17 21:25:38,196 - INFO - Финальная модель успешно обучена!
2025-06-17 21:25:38,198 - INFO - Параметры модели: {'loss_function': 'RMSE', 'boosting_type': 'Plain', 'l2_leaf_reg': 10.0, 'depth': 10, 'learning_rate': 0.075, 'iterations': 1000, 'rsm': 0.8, 'random_seed': 42, 'early_stopping_rounds': 300, 'verbose': False}
2025-06-17 21:25:39,428 - INFO - 
Делаю прогноз на hold-out сете...
2025-06-17 21:26:52,144 - INFO - Прогноз готов!
2025-06-17 21:26:52,177 - INFO - Длина прогноза: 908, Длина реальных данных: 908
2025-06-17 21:26:52,197 - INFO - Blind ~4h test • MAE=63.9  RMSE=79.0  MAPE=17.92%  on 908 valid points
2025-06-17 21:26:52,782 - INFO - 
*** Hold-out metrics ***
2025-06-17 21:26:52,783 - INFO -           value
MAE   63.934101
RMSE  78.969472
MAPE  17.924968
2025-06-17 21:26:52,791 - INFO - 
MAE by day:
2025-06-17 21:26:52,791 - INFO -         index        MAE
0  2024-12-11  63.934101
2025-06-17 21:26:53,632 - INFO -                    feature  importance
0            f_resid_lag_1   25.636767
1      f_resid_roll_mean_4   22.171578
2            f_resid_lag_4   21.694315
3            f_resid_lag_2   14.817812
4    f_resid_roll_mean_192    6.264872
5     f_resid_roll_mean_96    4.481329
6           f_resid_lag_96    1.581840
7   f_resid_roll_mean_8640    0.960808
8    f_resid_roll_std_1920    0.301340
9    f_resid_roll_std_8640    0.288200
10                hour_cos    0.263086
11   f_resid_roll_std_4320    0.222602
12        f_resid_lag_5760    0.203805
13    f_resid_roll_std_192    0.121068
14                hour_sin    0.119351
15     f_resid_roll_std_96    0.112079
16  f_resid_roll_mean_4320    0.104270
17  f_resid_roll_mean_5760    0.100901
18         f_resid_lag_192    0.098635
19                time_idx    0.096096
