2025-06-19 01:07:38,306 - INFO - root - --- Параметры запуска ---
2025-06-19 01:07:38,306 - INFO - root - start_date: 2024-11-25 18:00:00
2025-06-19 01:07:38,306 - INFO - root - end_date: 2024-12-11 12:10:00
2025-06-19 01:07:38,306 - INFO - root - use_cache: True
2025-06-19 01:07:38,306 - INFO - root - cache_filename: common_cad_avg1h_20241125_20241211.parquet
2025-06-19 01:07:38,306 - INFO - root - target_col: common_cad_avg1h
2025-06-19 01:07:38,306 - INFO - root - history_minutes: 30
2025-06-19 01:07:38,306 - INFO - root - n_splits: 5
2025-06-19 01:07:38,306 - INFO - root - test_size: 900
2025-06-19 01:07:38,306 - INFO - root - order: (1, 1, 0)
2025-06-19 01:07:38,306 - INFO - root - seasonal_order: (1, 1, 1, 24)
2025-06-19 01:07:38,306 - INFO - root - --------------------------
2025-06-19 01:07:38,306 - INFO - root - Загрузка и очистка данных...
2025-06-19 01:07:38,344 - INFO - root - Запускаю кросс-валидацию с 5 фолдами...
2025-06-19 01:07:38,344 - INFO - root - ==== ФОЛД 1/5 ====
2025-06-19 01:07:38,346 - INFO - root - Размер обучающей выборки: 86257, тестовой: 900
2025-06-19 01:07:38,346 - INFO - root - Обучение модели SARIMA... Это может занять время.
2025-06-19 01:10:50,937 - INFO - root - Модель обучена.
2025-06-19 01:10:50,937 - INFO - root - Получение прогноза...
2025-06-19 01:10:51,018 - INFO - root - Метрики на фолде 1: {'MAE': 25.13212447192049, 'RMSE': np.float64(31.826081690887996), 'MAPE': 6.081481253752187}
2025-06-19 01:10:51,018 - INFO - root - Сохранение графика прогноза для фолда...
2025-06-19 01:10:51,238 - INFO - root - ==== ФОЛД 2/5 ====
2025-06-19 01:10:51,240 - INFO - root - Размер обучающей выборки: 87157, тестовой: 900
2025-06-19 01:10:51,240 - INFO - root - Обучение модели SARIMA... Это может занять время.
2025-06-19 01:13:38,808 - INFO - root - Модель обучена.
2025-06-19 01:13:38,808 - INFO - root - Получение прогноза...
2025-06-19 01:13:38,876 - INFO - root - Метрики на фолде 2: {'MAE': 28.84758606402909, 'RMSE': np.float64(34.76269014563888), 'MAPE': 7.262332785860755}
2025-06-19 01:13:38,876 - INFO - root - Сохранение графика прогноза для фолда...
2025-06-19 01:13:39,096 - INFO - root - ==== ФОЛД 3/5 ====
2025-06-19 01:13:39,098 - INFO - root - Размер обучающей выборки: 88057, тестовой: 900
2025-06-19 01:13:39,098 - INFO - root - Обучение модели SARIMA... Это может занять время.
2025-06-19 01:16:29,544 - INFO - root - Модель обучена.
2025-06-19 01:16:29,544 - INFO - root - Получение прогноза...
2025-06-19 01:16:29,612 - INFO - root - Метрики на фолде 3: {'MAE': 20.50140848424264, 'RMSE': np.float64(25.652218534998315), 'MAPE': 4.888821985699025}
2025-06-19 01:16:29,612 - INFO - root - Сохранение графика прогноза для фолда...
2025-06-19 01:16:29,816 - INFO - root - ==== ФОЛД 4/5 ====
2025-06-19 01:16:29,818 - INFO - root - Размер обучающей выборки: 88957, тестовой: 900
2025-06-19 01:16:29,818 - INFO - root - Обучение модели SARIMA... Это может занять время.
2025-06-19 01:20:57,150 - INFO - root - Модель обучена.
2025-06-19 01:20:57,150 - INFO - root - Получение прогноза...
2025-06-19 01:20:57,221 - INFO - root - Метрики на фолде 4: {'MAE': 57.708876024944225, 'RMSE': np.float64(68.44121212242656), 'MAPE': 12.949059072908312}
2025-06-19 01:20:57,221 - INFO - root - Сохранение графика прогноза для фолда...
2025-06-19 01:20:57,459 - INFO - root - ==== ФОЛД 5/5 ====
2025-06-19 01:20:57,462 - INFO - root - Размер обучающей выборки: 89857, тестовой: 900
2025-06-19 01:20:57,462 - INFO - root - Обучение модели SARIMA... Это может занять время.
2025-06-19 01:24:11,178 - INFO - root - Модель обучена.
2025-06-19 01:24:11,178 - INFO - root - Получение прогноза...
2025-06-19 01:24:11,252 - INFO - root - Метрики на фолде 5: {'MAE': 88.13521544114697, 'RMSE': np.float64(96.18197890990297), 'MAPE': 24.1014836932712}
2025-06-19 01:24:11,252 - INFO - root - Сохранение графика прогноза для фолда...
2025-06-19 01:24:11,483 - INFO - root - ==== ИТОГОВЫЕ МЕТРИКИ (среднее по фолдам) ====
2025-06-19 01:24:11,483 - INFO - root - {'MAE': np.float64(44.065042097256686), 'RMSE': np.float64(51.37283628077095), 'MAPE': np.float64(11.056635758298295)}
2025-06-19 01:24:11,483 - INFO - root - Скрипт завершен. Графики и лог сохранены в plots/sarima_order_1_1_0_seasonal_1_1_1_24_20250619_010738
