[2025-06-18 19:13:51] INFO: Загрузка и подготовка данных...
[2025-06-18 19:13:51] INFO: Данные загружены. Размер: (90757, 3). Период: 2024-11-25 18:01:00 – 2024-12-11 12:10:00
[2025-06-18 19:13:51] INFO: Данные для CV (train+val): 90757 точек
[2025-06-18 19:13:51] INFO: Hold-out для финального теста: 908 точек
[2025-06-18 19:13:51] INFO: Запускаю кросс-валидацию на 5 фолдах...
[2025-06-18 19:13:51] INFO: --- Фолд 1/5 ---
[2025-06-18 19:13:51] INFO: Начинаю обучение на фолде...
[2025-06-18 19:13:51] INFO: Обучение на фолде завершено.
[2025-06-18 19:13:51] INFO: Метрики на фолде 1: MAE=10.8, RMSE=12.9, MAPE=2.44%
[2025-06-18 19:13:52] INFO: --- Фолд 2/5 ---
[2025-06-18 19:13:52] INFO: Начинаю обучение на фолде...
[2025-06-18 19:13:52] INFO: Обучение на фолде завершено.
[2025-06-18 19:13:52] INFO: Метрики на фолде 2: MAE=7.0, RMSE=8.8, MAPE=1.68%
[2025-06-18 19:13:52] INFO: --- Фолд 3/5 ---
[2025-06-18 19:13:52] INFO: Начинаю обучение на фолде...
[2025-06-18 19:13:53] INFO: Обучение на фолде завершено.
[2025-06-18 19:13:53] INFO: Метрики на фолде 3: MAE=6.2, RMSE=7.4, MAPE=1.53%
[2025-06-18 19:13:53] INFO: --- Фолд 4/5 ---
[2025-06-18 19:13:53] INFO: Начинаю обучение на фолде...
[2025-06-18 19:13:54] INFO: Обучение на фолде завершено.
[2025-06-18 19:13:54] INFO: Метрики на фолде 4: MAE=18.0, RMSE=19.3, MAPE=4.29%
[2025-06-18 19:13:55] INFO: --- Фолд 5/5 ---
[2025-06-18 19:13:55] INFO: Начинаю обучение на фолде...
[2025-06-18 19:13:55] INFO: Обучение на фолде завершено.
[2025-06-18 19:13:55] INFO: Метрики на фолде 5: MAE=12.7, RMSE=15.8, MAPE=3.59%
[2025-06-18 19:13:55] INFO: 
*** Hold-out metrics ***
[2025-06-18 19:13:55] INFO:           value
MAE   12.672826
RMSE  15.826818
MAPE   3.586344
[2025-06-18 19:13:56] INFO: 
--- Результаты кросс-валидации (средние) ---
[2025-06-18 19:13:56] INFO: CV Avg • MAE=11.0  RMSE=12.8  MAPE=2.70%
