2025-06-16 14:27:37,468 - INFO -          common_cad
count  90437.000000
mean     423.157471
std      200.322570
min      205.757349
25%      314.537964
50%      389.539380
75%      483.270654
max     8093.401355
2025-06-16 14:27:37,603 - INFO - Размер полного датасета: 90437
2025-06-16 14:27:37,605 - INFO - Размер для обучения и CV: 89533
2025-06-16 14:27:37,607 - INFO - Размер для hold-out теста: 904
2025-06-16 14:27:47,022 - INFO - Запускаю кросс-валидацию на 5 фолдах...
2025-06-16 14:27:47,024 - INFO - 
--- Фолд 1/5 ---
2025-06-16 14:27:47,042 - INFO - Размер train фолда 1: 85033
2025-06-16 14:27:47,044 - INFO - Размер val фолда 1: 900
2025-06-16 14:27:47,045 - INFO - Период фолда 1: 2024-11-25 18:01:00 - 2024-12-10 12:19:00
2025-06-16 14:27:47,048 - INFO - model_fold.OUTLIER_UPPER_BOUND=2606
2025-06-16 14:27:47,049 - INFO - Начинаю обучение на фолде...
2025-06-16 14:29:13,358 - INFO - Обучение на фолде завершено.
2025-06-16 14:32:53,081 - INFO - Метрики на фолде 1: MAE=76.6, RMSE=90.3, MAPE=19.03%
2025-06-16 14:32:56,974 - INFO - 
--- Фолд 2/5 ---
2025-06-16 14:32:57,010 - INFO - Размер train фолда 2: 85933
2025-06-16 14:32:57,021 - INFO - Размер val фолда 2: 900
2025-06-16 14:32:57,040 - INFO - Период фолда 2: 2024-11-25 18:01:00 - 2024-12-10 16:04:00
2025-06-16 14:32:57,192 - INFO - model_fold.OUTLIER_UPPER_BOUND=2606
2025-06-16 14:32:57,208 - INFO - Начинаю обучение на фолде...
2025-06-16 14:34:26,177 - INFO - Обучение на фолде завершено.
2025-06-16 14:37:23,751 - INFO - Метрики на фолде 2: MAE=87.0, RMSE=109.1, MAPE=24.27%
2025-06-16 14:37:25,642 - INFO - 
--- Фолд 3/5 ---
2025-06-16 14:37:25,660 - INFO - Размер train фолда 3: 86833
2025-06-16 14:37:25,661 - INFO - Размер val фолда 3: 900
2025-06-16 14:37:25,662 - INFO - Период фолда 3: 2024-11-25 18:01:00 - 2024-12-10 19:49:00
2025-06-16 14:37:25,708 - INFO - model_fold.OUTLIER_UPPER_BOUND=2606
2025-06-16 14:37:25,709 - INFO - Начинаю обучение на фолде...
2025-06-16 14:38:23,122 - INFO - Обучение на фолде завершено.
2025-06-16 14:42:10,803 - INFO - Метрики на фолде 3: MAE=85.3, RMSE=113.9, MAPE=25.01%
2025-06-16 14:42:12,729 - INFO - 
--- Фолд 4/5 ---
2025-06-16 14:42:12,743 - INFO - Размер train фолда 4: 87733
2025-06-16 14:42:12,746 - INFO - Размер val фолда 4: 900
2025-06-16 14:42:12,747 - INFO - Период фолда 4: 2024-11-25 18:01:00 - 2024-12-10 23:34:00
2025-06-16 14:42:12,820 - INFO - model_fold.OUTLIER_UPPER_BOUND=2530
2025-06-16 14:42:12,821 - INFO - Начинаю обучение на фолде...
2025-06-16 14:43:02,080 - INFO - Обучение на фолде завершено.
2025-06-16 14:46:07,492 - INFO - Метрики на фолде 4: MAE=54.7, RMSE=70.3, MAPE=14.96%
2025-06-16 14:46:09,037 - INFO - 
--- Фолд 5/5 ---
2025-06-16 14:46:09,042 - INFO - Размер train фолда 5: 88633
2025-06-16 14:46:09,043 - INFO - Размер val фолда 5: 900
2025-06-16 14:46:09,043 - INFO - Период фолда 5: 2024-11-25 18:01:00 - 2024-12-11 03:19:00
2025-06-16 14:46:09,055 - INFO - model_fold.OUTLIER_UPPER_BOUND=2502
2025-06-16 14:46:09,056 - INFO - Начинаю обучение на фолде...
2025-06-16 14:46:36,759 - INFO - Обучение на фолде завершено.
2025-06-16 14:49:24,072 - INFO - Метрики на фолде 5: MAE=84.7, RMSE=111.6, MAPE=20.89%
2025-06-16 14:49:25,381 - INFO - 
--- Результаты кросс-валидации (средние) ---
2025-06-16 14:49:25,382 - INFO - CV Avg • MAE=77.7  RMSE=99.0  MAPE=20.83%
2025-06-16 14:49:25,383 - INFO - 
Начинаю обучение финальной модели на всех данных train+val...
2025-06-16 14:49:25,388 - INFO - final_model.OUTLIER_UPPER_BOUND=2502
2025-06-16 14:50:46,721 - INFO - Финальная модель успешно обучена!
2025-06-16 14:50:53,156 - INFO - 
Делаю прогноз на hold-out сете...
2025-06-16 14:53:37,842 - INFO - Прогноз готов!
2025-06-16 14:53:37,873 - INFO - Длина прогноза: 904, Длина реальных данных: 904
2025-06-16 14:53:38,046 - INFO - Blind ~4h test • MAE=99.3  RMSE=129.6  MAPE=26.65%  on 904 valid points
2025-06-16 14:53:41,638 - INFO - 
*** Hold-out metrics ***
2025-06-16 14:53:41,639 - INFO -            value
MAE    99.270440
RMSE  129.626525
MAPE   26.649125
2025-06-16 14:53:41,750 - INFO - 
MAE by day:
2025-06-16 14:53:41,753 - INFO -         index       MAE
0  2024-12-11  99.27044
2025-06-16 14:53:44,915 - INFO -                         feature  importance
0   f_target_ewm_mean_alpha_0_3   32.185882
1           f_target_roll_max_4   10.272237
2              common_cad_lag_1    8.886697
3               f_target_diff_2    7.671332
4               f_target_diff_4    7.042752
5             common_cad_roll_4    4.730728
6    f_target_diff_1_roll_std_4    4.077542
7              common_cad_lag_4    3.550563
8   f_target_ewm_mean_alpha_0_1    3.549917
9          f_target_roll_max_12    2.803780
10             f_target_diff_96    2.601420
11             common_cad_lag_2    2.308435
12              f_target_diff_1    2.041372
13           common_cad_lag_192    1.799789
14            common_cad_lag_96    1.794871
15          common_cad_lag_5760    1.617470
16                          dow    1.137596
17                         hour    0.802450
18                     hour_cos    0.577197
19                     hour_sin    0.467215
