2025-06-16 14:59:22,035 - INFO -          common_cad
count  90437.000000
mean     423.157471
std      200.322570
min      205.757349
25%      314.537964
50%      389.539380
75%      483.270654
max     8093.401355
2025-06-16 14:59:29,298 - INFO - Размер полного датасета: 90437
2025-06-16 14:59:29,300 - INFO - Размер для обучения и CV: 89533
2025-06-16 14:59:29,300 - INFO - Размер для hold-out теста: 904
2025-06-16 15:01:46,791 - INFO -          common_cad
count  90437.000000
mean     423.157471
std      200.322570
min      205.757349
25%      314.537964
50%      389.539380
75%      483.270654
max     8093.401355
2025-06-16 15:01:50,099 - INFO - Размер полного датасета: 90437
2025-06-16 15:01:50,102 - INFO - Размер для обучения и CV: 89533
2025-06-16 15:01:50,103 - INFO - Размер для hold-out теста: 904
2025-06-16 15:01:50,616 - INFO - Запускаю кросс-валидацию на 5 фолдах...
2025-06-16 15:01:50,642 - INFO - 
--- Фолд 1/5 ---
2025-06-16 15:01:50,645 - INFO - Размер train фолда 1: 85033
2025-06-16 15:01:50,646 - INFO - Размер val фолда 1: 900
2025-06-16 15:01:50,647 - INFO - Период фолда 1: 2024-11-25 18:01:00 - 2024-12-10 12:19:00
2025-06-16 15:01:50,649 - INFO - Начинаю обучение на фолде...
2025-06-16 15:05:41,179 - INFO - Обучение на фолде завершено.
2025-06-16 15:08:03,182 - INFO - Метрики на фолде 1: MAE=81.3, RMSE=96.5, MAPE=19.46%
2025-06-16 15:08:05,467 - INFO - 
--- Фолд 2/5 ---
2025-06-16 15:08:05,472 - INFO - Размер train фолда 2: 85933
2025-06-16 15:08:05,474 - INFO - Размер val фолда 2: 900
2025-06-16 15:08:05,475 - INFO - Период фолда 2: 2024-11-25 18:01:00 - 2024-12-10 16:04:00
2025-06-16 15:08:05,533 - INFO - Начинаю обучение на фолде...
2025-06-16 15:14:32,796 - INFO - Обучение на фолде завершено.
2025-06-16 15:19:02,050 - INFO - Метрики на фолде 2: MAE=106.8, RMSE=129.8, MAPE=23.11%
2025-06-16 15:19:03,695 - INFO - 
--- Фолд 3/5 ---
2025-06-16 15:19:03,701 - INFO - Размер train фолда 3: 86833
2025-06-16 15:19:03,703 - INFO - Размер val фолда 3: 900
2025-06-16 15:19:03,704 - INFO - Период фолда 3: 2024-11-25 18:01:00 - 2024-12-10 19:49:00
2025-06-16 15:19:03,724 - INFO - Начинаю обучение на фолде...
2025-06-16 15:24:26,627 - INFO - Обучение на фолде завершено.
2025-06-16 15:27:25,458 - INFO - Метрики на фолде 3: MAE=100.5, RMSE=124.4, MAPE=25.10%
2025-06-16 15:27:26,105 - INFO - 
--- Фолд 4/5 ---
2025-06-16 15:27:26,111 - INFO - Размер train фолда 4: 87733
2025-06-16 15:27:26,112 - INFO - Размер val фолда 4: 900
2025-06-16 15:27:26,113 - INFO - Период фолда 4: 2024-11-25 18:01:00 - 2024-12-10 23:34:00
2025-06-16 15:27:26,130 - INFO - Начинаю обучение на фолде...
2025-06-16 15:28:40,656 - INFO - Обучение на фолде завершено.
2025-06-16 15:30:09,017 - INFO - Метрики на фолде 4: MAE=71.8, RMSE=91.5, MAPE=17.11%
2025-06-16 15:30:09,635 - INFO - 
--- Фолд 5/5 ---
2025-06-16 15:30:09,638 - INFO - Размер train фолда 5: 88633
2025-06-16 15:30:09,639 - INFO - Размер val фолда 5: 900
2025-06-16 15:30:09,640 - INFO - Период фолда 5: 2024-11-25 18:01:00 - 2024-12-11 03:19:00
2025-06-16 15:30:09,662 - INFO - Начинаю обучение на фолде...
2025-06-16 15:31:17,793 - INFO - Обучение на фолде завершено.
2025-06-16 15:32:49,577 - INFO - Метрики на фолде 5: MAE=93.6, RMSE=119.7, MAPE=22.61%
2025-06-16 15:32:50,499 - INFO - 
--- Результаты кросс-валидации (средние) ---
2025-06-16 15:32:50,500 - INFO - CV Avg • MAE=90.8  RMSE=112.4  MAPE=21.48%
2025-06-16 15:32:50,501 - INFO - 
Начинаю обучение финальной модели на всех данных train+val...
2025-06-16 15:34:06,620 - INFO - Финальная модель успешно обучена!
2025-06-16 15:34:13,546 - INFO - 
Делаю прогноз на hold-out сете...
2025-06-16 15:35:48,722 - INFO - Прогноз готов!
2025-06-16 15:35:48,772 - INFO - Длина прогноза: 904, Длина реальных данных: 904
2025-06-16 15:35:49,068 - INFO - Blind ~4h test • MAE=96.1  RMSE=137.5  MAPE=21.91%  on 904 valid points
2025-06-16 15:35:51,587 - INFO - 
*** Hold-out metrics ***
2025-06-16 15:35:51,589 - INFO -            value
MAE    96.078413
RMSE  137.513409
MAPE   21.912158
2025-06-16 15:35:51,637 - INFO - 
MAE by day:
2025-06-16 15:35:51,639 - INFO -         index        MAE
0  2024-12-11  96.078413
2025-06-16 15:35:52,614 - INFO -                    feature  importance
0      f_resid_roll_mean_4   21.161169
1       f_resid_roll_std_4   20.280592
2            f_resid_lag_4   15.671801
3            f_resid_lag_1    9.096805
4            f_resid_lag_2    3.040171
5   f_resid_roll_mean_2880    2.392374
6   f_resid_roll_mean_4320    2.202859
7    f_resid_roll_mean_192    2.104879
8     f_resid_roll_mean_96    2.047714
9   f_resid_roll_mean_8640    1.979542
10  f_resid_roll_mean_1920    1.968923
11     f_resid_roll_std_96    1.909129
12                time_idx    1.817241
13  f_resid_roll_mean_5760    1.800495
14          f_resid_lag_96    1.752457
15         f_resid_lag_192    1.638741
16        f_resid_lag_5760    1.521242
17    f_resid_roll_std_192    1.468796
18   f_resid_roll_std_1920    1.338095
19   f_resid_roll_std_8640    1.163568
