[2025-06-19 05:33:03] INFO: Загрузка и подготовка данных...
[2025-06-19 05:33:03] INFO: Данные загружены. Размер: (90757, 3). Период: 2024-11-25 18:01:00 – 2024-12-11 12:10:00
[2025-06-19 05:33:03] INFO: Данные для CV (train+val): 90757 точек
[2025-06-19 05:33:03] INFO: Hold-out для финального теста: 908 точек
[2025-06-19 05:33:03] INFO: Запускаю кросс-валидацию на 5 фолдах...
[2025-06-19 05:33:03] INFO: --- Фолд 1/5 ---
[2025-06-19 05:33:03] INFO: Начинаю обучение на фолде...
[2025-06-19 05:33:07] INFO: Обучение на фолде завершено.
[2025-06-19 05:33:07] INFO: Метрики на фолде 1: MAE=1.6, RMSE=2.1, MAPE=0.37%
[2025-06-19 05:33:09] INFO: --- Фолд 2/5 ---
[2025-06-19 05:33:09] INFO: Начинаю обучение на фолде...
[2025-06-19 05:33:13] INFO: Обучение на фолде завершено.
[2025-06-19 05:33:13] INFO: Метрики на фолде 2: MAE=1.9, RMSE=2.5, MAPE=0.47%
[2025-06-19 05:33:13] INFO: --- Фолд 3/5 ---
[2025-06-19 05:33:13] INFO: Начинаю обучение на фолде...
[2025-06-19 05:33:17] INFO: Обучение на фолде завершено.
[2025-06-19 05:33:17] INFO: Метрики на фолде 3: MAE=1.3, RMSE=1.7, MAPE=0.33%
[2025-06-19 05:33:17] INFO: --- Фолд 4/5 ---
[2025-06-19 05:33:17] INFO: Начинаю обучение на фолде...
[2025-06-19 05:33:20] INFO: Обучение на фолде завершено.
[2025-06-19 05:33:20] INFO: Метрики на фолде 4: MAE=1.8, RMSE=2.4, MAPE=0.42%
[2025-06-19 05:33:20] INFO: --- Фолд 5/5 ---
[2025-06-19 05:33:20] INFO: Начинаю обучение на фолде...
[2025-06-19 05:33:26] INFO: Обучение на фолде завершено.
[2025-06-19 05:33:26] INFO: Метрики на фолде 5: MAE=1.9, RMSE=2.5, MAPE=0.51%
[2025-06-19 05:33:26] INFO: 
*** Hold-out metrics ***
[2025-06-19 05:33:26] INFO:          value
MAE   1.914706
RMSE  2.539605
MAPE  0.508617
[2025-06-19 05:33:26] INFO: 
--- Результаты кросс-валидации (средние) ---
[2025-06-19 05:33:26] INFO: CV Avg • MAE=1.7  RMSE=2.2  MAPE=0.42%
