2025-06-15 22:48:31,019 - INFO - Графики будут сохраняться в директорию: plots
2025-06-15 22:48:31,020 - INFO - Загрузка данных...
2025-06-15 22:48:31,233 - INFO - Данные загружены. Размер: 90643. Частота: 15 секунд.
2025-06-15 22:48:31,233 - INFO - Размер для обучения и CV: 89743
2025-06-15 22:48:31,234 - INFO - Размер для hold-out теста: 900
2025-06-15 22:48:31,234 - INFO - Запуск кросс-валидации на 5 фолдах...
2025-06-15 22:48:31,234 - INFO - --- Фолд 1/5 ---
2025-06-15 22:48:31,239 - INFO - Обучение на 85243 точках, прогноз на 900 точек...
2025-06-15 22:50:24,935 - INFO - Графики будут сохраняться в директорию: plots
2025-06-15 22:50:24,952 - INFO - Загрузка данных...
2025-06-15 22:50:25,040 - INFO - Данные загружены. Размер: 90643. Частота: 15 секунд.
2025-06-15 22:50:25,044 - INFO - Размер для обучения и CV: 89743
2025-06-15 22:50:25,044 - INFO - Размер для hold-out теста: 900
2025-06-15 22:50:25,044 - INFO - Запуск кросс-валидации на 5 фолдах...
2025-06-15 22:50:25,045 - INFO - --- Фолд 1/5 ---
2025-06-15 22:50:25,049 - INFO - Обучение на 85243 точках, прогноз на 900 точек...



2025-06-16 07:13:47,951 - INFO - Графики будут сохраняться в директорию: plots
2025-06-16 07:13:47,952 - INFO - Загрузка данных...
2025-06-16 07:13:48,096 - INFO - Данные загружены. Размер: 90643. Частота: 15 секунд.
2025-06-16 07:13:48,097 - INFO - Размер для обучения и CV: 89743
2025-06-16 07:13:48,107 - INFO - Размер для hold-out теста: 900
2025-06-16 07:13:48,107 - INFO - Запуск кросс-валидации на 5 фолдах...
2025-06-16 07:13:48,107 - INFO - --- Фолд 1/5 ---
2025-06-16 07:13:48,112 - INFO - Обрезаем историю обучения с 85243 до 23040 точек.
2025-06-16 07:13:48,112 - INFO - Обучение на 23040 точках, прогноз на 900 точек...
2025-06-16 07:20:36,329 - INFO - Графики будут сохраняться в директорию: plots
2025-06-16 07:20:36,330 - INFO - Загрузка данных...
2025-06-16 07:20:36,429 - INFO - Данные загружены. Размер: 90643. Частота: 15 секунд.
2025-06-16 07:20:36,444 - INFO - Размер для обучения и CV: 89743
2025-06-16 07:20:36,444 - INFO - Размер для hold-out теста: 900
2025-06-16 07:20:36,444 - INFO - Запуск кросс-валидации на 5 фолдах...
2025-06-16 07:20:36,445 - INFO - --- Фолд 1/5 ---
2025-06-16 07:20:36,449 - INFO - Обрезаем историю обучения с 85243 до 23040 точек.
2025-06-16 07:20:36,450 - INFO - Обучение на 23040 точках, прогноз на 900 точек...
2025-06-16 07:36:21,491 - INFO - Графики будут сохраняться в директорию: plots
2025-06-16 07:36:21,492 - INFO - Загрузка данных...
2025-06-16 07:36:21,541 - INFO - Данные загружены. Размер: 90643. Частота: 15 секунд.
2025-06-16 07:36:21,542 - INFO - Размер для обучения и CV: 89743
2025-06-16 07:36:21,542 - INFO - Размер для hold-out теста: 900
2025-06-16 07:36:37,881 - INFO - Графики будут сохраняться в директорию: plots
2025-06-16 07:36:37,882 - INFO - Загрузка данных...
2025-06-16 07:36:37,961 - INFO - Данные загружены. Размер: 90643. Частота: 15 секунд.
2025-06-16 07:36:37,964 - INFO - Размер для обучения и CV: 89743
2025-06-16 07:36:37,964 - INFO - Размер для hold-out теста: 900
2025-06-16 07:36:37,965 - INFO - Запуск кросс-валидации на 2 фолдах...
2025-06-16 07:36:37,965 - INFO - --- Фолд 1/2 ---
2025-06-16 07:36:37,979 - INFO - Обрезаем историю обучения с 87943 до 23040 точек.
2025-06-16 07:36:37,979 - INFO - Обучение на 23040 точках, прогноз на 900 точек...
2025-06-16 07:41:48,843 - INFO - Графики будут сохраняться в директорию: plots
2025-06-16 07:41:48,844 - INFO - Загрузка данных...
2025-06-16 07:41:48,908 - INFO - Данные загружены. Размер: 90643. Частота: 15 секунд.
2025-06-16 07:41:48,924 - INFO - Размер для обучения и CV: 89743
2025-06-16 07:41:48,924 - INFO - Размер для hold-out теста: 900
2025-06-16 07:41:48,924 - INFO - Запуск кросс-валидации на 2 фолдах...
2025-06-16 07:41:48,925 - INFO - --- Фолд 1/2 ---
2025-06-16 07:41:48,930 - INFO - Обрезаем историю обучения с 87943 до 17280 точек.
2025-06-16 07:41:48,931 - INFO - Обучение на 17280 точках, прогноз на 900 точек...
2025-06-16 07:51:37,310 - INFO - Графики будут сохраняться в директорию: plots
2025-06-16 07:51:37,312 - INFO - Загрузка данных...
2025-06-16 07:51:37,379 - INFO - Данные загружены. Размер: 90643. Частота: 15 секунд.
2025-06-16 07:51:37,383 - INFO - Размер для обучения и CV: 89743
2025-06-16 07:51:37,383 - INFO - Размер для hold-out теста: 900
2025-06-16 07:51:37,384 - INFO - Запуск кросс-валидации на 3 фолдах...
2025-06-16 07:51:37,384 - INFO - --- Фолд 1/3 ---
2025-06-16 07:51:37,390 - INFO - Обрезаем историю обучения с 87043 до 5760 точек.
2025-06-16 07:51:37,390 - INFO - Обучение на 5760 точках, прогноз на 900 точек...
2025-06-16 07:52:33,924 - INFO - Графики будут сохраняться в директорию: plots
2025-06-16 07:52:33,924 - INFO - Загрузка данных...
2025-06-16 07:52:34,015 - INFO - Данные загружены. Размер: 90643. Частота: 15 секунд.
2025-06-16 07:52:34,016 - INFO - Размер для обучения и CV: 89743
2025-06-16 07:52:34,016 - INFO - Размер для hold-out теста: 900
2025-06-16 07:52:34,016 - INFO - Запуск кросс-валидации на 3 фолдах...
2025-06-16 07:52:34,017 - INFO - --- Фолд 1/3 ---
2025-06-16 07:52:34,022 - INFO - Обрезаем историю обучения с 89473 до 5760 точек.
2025-06-16 07:52:34,022 - INFO - Обучение на 5760 точках, прогноз на 90 точек...


