2025-06-16 16:04:10,769 - INFO -          common_cad
count  90437.000000
mean     423.157471
std      200.322570
min      205.757349
25%      314.537964
50%      389.539380
75%      483.270654
max     8093.401355
2025-06-16 16:04:10,879 - INFO - Размер полного датасета: 90437
2025-06-16 16:04:10,880 - INFO - Размер для обучения и CV: 89533
2025-06-16 16:04:10,881 - INFO - Размер для hold-out теста: 904
2025-06-16 16:04:11,012 - INFO - Запускаю кросс-валидацию на 5 фолдах...
2025-06-16 16:04:11,014 - INFO - 
--- Фолд 1/5 ---
2025-06-16 16:04:11,017 - INFO - Размер train фолда 1: 85033
2025-06-16 16:04:11,018 - INFO - Размер val фолда 1: 900
2025-06-16 16:04:11,019 - INFO - Период фолда 1: 2024-11-25 18:01:00 - 2024-12-10 12:19:00
2025-06-16 16:04:11,019 - INFO - Начинаю обучение на фолде...
2025-06-16 16:10:34,157 - INFO - Обучение на фолде завершено.
2025-06-16 16:13:34,039 - INFO - Метрики на фолде 1: MAE=116.5, RMSE=137.8, MAPE=25.96%
2025-06-16 16:13:36,179 - INFO - 
--- Фолд 2/5 ---
2025-06-16 16:13:36,199 - INFO - Размер train фолда 2: 85933
2025-06-16 16:13:36,201 - INFO - Размер val фолда 2: 900
2025-06-16 16:13:36,202 - INFO - Период фолда 2: 2024-11-25 18:01:00 - 2024-12-10 16:04:00
2025-06-16 16:13:36,240 - INFO - Начинаю обучение на фолде...
2025-06-16 16:19:38,861 - INFO - Обучение на фолде завершено.
2025-06-16 16:22:36,078 - INFO - Метрики на фолде 2: MAE=77.0, RMSE=93.3, MAPE=18.73%
2025-06-16 16:22:37,519 - INFO - 
--- Фолд 3/5 ---
2025-06-16 16:22:37,545 - INFO - Размер train фолда 3: 86833
2025-06-16 16:22:37,546 - INFO - Размер val фолда 3: 900
2025-06-16 16:22:37,548 - INFO - Период фолда 3: 2024-11-25 18:01:00 - 2024-12-10 19:49:00
2025-06-16 16:22:37,663 - INFO - Начинаю обучение на фолде...
2025-06-16 16:28:46,200 - INFO - Обучение на фолде завершено.
2025-06-16 16:32:00,568 - INFO - Метрики на фолде 3: MAE=90.8, RMSE=119.2, MAPE=26.65%
2025-06-16 16:32:02,131 - INFO - 
--- Фолд 4/5 ---
2025-06-16 16:32:02,155 - INFO - Размер train фолда 4: 87733
2025-06-16 16:32:02,156 - INFO - Размер val фолда 4: 900
2025-06-16 16:32:02,157 - INFO - Период фолда 4: 2024-11-25 18:01:00 - 2024-12-10 23:34:00
2025-06-16 16:32:02,230 - INFO - Начинаю обучение на фолде...
2025-06-16 16:37:49,248 - INFO - Обучение на фолде завершено.
2025-06-16 16:40:56,247 - INFO - Метрики на фолде 4: MAE=82.0, RMSE=106.5, MAPE=22.03%
2025-06-16 16:40:57,931 - INFO - 
--- Фолд 5/5 ---
2025-06-16 16:40:57,952 - INFO - Размер train фолда 5: 88633
2025-06-16 16:40:57,954 - INFO - Размер val фолда 5: 900
2025-06-16 16:40:57,955 - INFO - Период фолда 5: 2024-11-25 18:01:00 - 2024-12-11 03:19:00
2025-06-16 16:40:58,065 - INFO - Начинаю обучение на фолде...
2025-06-16 16:46:22,299 - INFO - Обучение на фолде завершено.
2025-06-16 16:49:16,618 - INFO - Метрики на фолде 5: MAE=119.7, RMSE=159.7, MAPE=27.28%
2025-06-16 16:49:18,027 - INFO - 
--- Результаты кросс-валидации (средние) ---
2025-06-16 16:49:18,028 - INFO - CV Avg • MAE=97.2  RMSE=123.3  MAPE=24.13%
2025-06-16 16:49:18,029 - INFO - 
Начинаю обучение финальной модели на всех данных train+val...
2025-06-16 16:54:46,320 - INFO - Финальная модель успешно обучена!
2025-06-16 16:54:56,229 - INFO - 
Делаю прогноз на hold-out сете...
2025-06-16 16:57:54,249 - INFO - Прогноз готов!
2025-06-16 16:57:54,279 - INFO - Длина прогноза: 904, Длина реальных данных: 904
2025-06-16 16:57:54,411 - INFO - Blind ~4h test • MAE=113.6  RMSE=164.5  MAPE=23.89%  on 904 valid points
2025-06-16 16:57:57,048 - INFO - 
*** Hold-out metrics ***
2025-06-16 16:57:57,050 - INFO -            value
MAE   113.568867
RMSE  164.521262
MAPE   23.889485
2025-06-16 16:57:57,135 - INFO - 
MAE by day:
2025-06-16 16:57:57,148 - INFO -         index         MAE
0  2024-12-11  113.568867
2025-06-16 16:57:59,566 - INFO -                    feature  importance
0      f_resid_roll_mean_4   26.547397
1            f_resid_lag_1   15.776269
2       f_resid_roll_std_4   14.754707
3            f_resid_lag_4   13.788196
4     f_resid_roll_mean_96    3.433378
5          f_resid_lag_192    2.711651
6           f_resid_lag_96    2.416086
7         f_resid_lag_5760    2.295964
8            f_resid_lag_2    2.217460
9    f_resid_roll_std_2880    1.492744
10     f_resid_roll_std_96    1.467154
11    f_resid_roll_std_192    1.327147
12  f_resid_roll_mean_8640    1.239823
13   f_resid_roll_mean_192    1.198090
14  f_resid_roll_mean_5760    1.159828
15  f_resid_roll_mean_4320    1.040157
16  f_resid_roll_mean_2880    1.005114
17   f_resid_roll_std_1920    0.939257
18   f_resid_roll_std_5760    0.897928
19  f_resid_roll_mean_1920    0.855155
2025-06-16 17:12:38,764 - INFO - 
Делаю прогноз на hold-out сете...
2025-06-16 17:14:50,374 - INFO - Прогноз готов!
2025-06-16 17:14:50,424 - INFO - Длина прогноза: 904, Длина реальных данных: 904
2025-06-16 17:14:50,676 - INFO - Blind ~4h test • MAE=134.7  RMSE=177.1  MAPE=29.21%  on 904 valid points
2025-06-16 17:16:16,896 - INFO - 
Делаю прогноз на hold-out сете...
2025-06-16 17:17:42,183 - INFO - Прогноз готов!
2025-06-16 17:17:42,196 - INFO - Длина прогноза: 904, Длина реальных данных: 904
2025-06-16 17:17:42,477 - INFO - Blind ~4h test • MAE=134.7  RMSE=177.1  MAPE=29.21%  on 904 valid points
