2025-06-19 01:45:13,507 - INFO - root - --- Параметры запуска ---
2025-06-19 01:45:13,507 - INFO - root - start_date: 2024-11-25 18:00:00
2025-06-19 01:45:13,507 - INFO - root - end_date: 2024-12-11 12:10:00
2025-06-19 01:45:13,508 - INFO - root - use_cache: True
2025-06-19 01:45:13,508 - INFO - root - cache_filename: common_cad_avg1h_20241125_20241211.parquet
2025-06-19 01:45:13,508 - INFO - root - target_col: common_cad_avg1h
2025-06-19 01:45:13,508 - INFO - root - history_minutes: 30
2025-06-19 01:45:13,508 - INFO - root - n_splits: 5
2025-06-19 01:45:13,508 - INFO - root - test_size: 900
2025-06-19 01:45:13,508 - INFO - root - order: (1, 1, 0)
2025-06-19 01:45:13,508 - INFO - root - seasonal_order: (2, 1, 0, 24)
2025-06-19 01:45:13,508 - INFO - root - --------------------------
2025-06-19 01:45:13,508 - INFO - root - Загрузка и очистка данных...
2025-06-19 01:45:13,546 - INFO - root - Запускаю кросс-валидацию с 5 фолдами...
2025-06-19 01:45:13,547 - INFO - root - ==== ФОЛД 1/5 ====
2025-06-19 01:45:13,548 - INFO - root - Размер обучающей выборки: 86257, тестовой: 900
2025-06-19 01:45:13,549 - INFO - root - Обучение модели SARIMA... Это может занять время.
2025-06-19 01:47:14,062 - INFO - root - Модель обучена.
2025-06-19 01:47:14,063 - INFO - root - Получение прогноза...
2025-06-19 01:47:14,298 - INFO - root - Метрики на фолде 1: {'MAE': 29.45273036363395, 'RMSE': np.float64(37.34017041436155), 'MAPE': 6.745964761156522}
2025-06-19 01:47:14,298 - INFO - root - Сохранение графика прогноза для фолда...
2025-06-19 01:47:14,524 - INFO - root - ==== ФОЛД 2/5 ====
2025-06-19 01:47:14,526 - INFO - root - Размер обучающей выборки: 87157, тестовой: 900
2025-06-19 01:47:14,526 - INFO - root - Обучение модели SARIMA... Это может занять время.
2025-06-19 02:21:53,636 - INFO - root - Модель обучена.
2025-06-19 02:21:53,637 - INFO - root - Получение прогноза...
2025-06-19 02:21:53,797 - INFO - root - Метрики на фолде 2: {'MAE': 199.7251383049379, 'RMSE': np.float64(243.84232902155424), 'MAPE': 47.81639388888376}
2025-06-19 02:21:53,797 - INFO - root - Сохранение графика прогноза для фолда...
2025-06-19 02:21:54,020 - INFO - root - ==== ФОЛД 3/5 ====
2025-06-19 02:21:54,024 - INFO - root - Размер обучающей выборки: 88057, тестовой: 900
2025-06-19 02:21:54,024 - INFO - root - Обучение модели SARIMA... Это может занять время.
2025-06-19 02:26:12,620 - INFO - root - Модель обучена.
2025-06-19 02:26:12,620 - INFO - root - Получение прогноза...
2025-06-19 02:26:12,783 - INFO - root - Метрики на фолде 3: {'MAE': 123.84817642139292, 'RMSE': np.float64(143.03057998159147), 'MAPE': 30.159169613868446}
2025-06-19 02:26:12,783 - INFO - root - Сохранение графика прогноза для фолда...
2025-06-19 02:26:12,992 - INFO - root - ==== ФОЛД 4/5 ====
2025-06-19 02:26:12,994 - INFO - root - Размер обучающей выборки: 88957, тестовой: 900
2025-06-19 02:26:12,995 - INFO - root - Обучение модели SARIMA... Это может занять время.
2025-06-19 03:11:49,975 - INFO - root - Модель обучена.
2025-06-19 03:11:49,976 - INFO - root - Получение прогноза...
2025-06-19 03:11:50,128 - INFO - root - Метрики на фолде 4: {'MAE': 52.85138879383133, 'RMSE': np.float64(61.93901230082634), 'MAPE': 11.912934683067602}
2025-06-19 03:11:50,128 - INFO - root - Сохранение графика прогноза для фолда...
2025-06-19 03:11:50,357 - INFO - root - ==== ФОЛД 5/5 ====
2025-06-19 03:11:50,378 - INFO - root - Размер обучающей выборки: 89857, тестовой: 900
2025-06-19 03:11:50,379 - INFO - root - Обучение модели SARIMA... Это может занять время.
2025-06-19 03:16:58,057 - INFO - root - Модель обучена.
2025-06-19 03:16:58,058 - INFO - root - Получение прогноза...
2025-06-19 03:16:58,216 - INFO - root - Метрики на фолде 5: {'MAE': 112.9067907667089, 'RMSE': np.float64(123.42535897273721), 'MAPE': 30.88773996611684}
2025-06-19 03:16:58,216 - INFO - root - Сохранение графика прогноза для фолда...
2025-06-19 03:16:58,437 - INFO - root - ==== ИТОГОВЫЕ МЕТРИКИ (среднее по фолдам) ====
2025-06-19 03:16:58,437 - INFO - root - {'MAE': np.float64(103.75684493010101), 'RMSE': np.float64(121.91549013821415), 'MAPE': np.float64(25.504440582618635)}
2025-06-19 03:16:58,437 - INFO - root - Скрипт завершен. Графики и лог сохранены в plots/sarima_order_1_1_0_seasonal_2_1_0_24_20250619_014513
