2025-06-17 18:53:43,250 - INFO -        common_cad_avg1h
count      90757.000000
mean         423.524946
std          138.010021
min          273.657007
25%          334.943368
50%          400.366144
75%          462.853268
max         1591.184778
2025-06-17 18:53:50,269 - INFO - Размер полного датасета: 90757
2025-06-17 18:53:50,272 - INFO - Размер для обучения и CV: 72605
2025-06-17 18:53:50,290 - INFO - Размер для валидации: 17244
2025-06-17 18:53:50,309 - INFO - Размер для hold-out теста: 908
2025-06-17 18:53:51,085 - INFO - Запускаю кросс-валидацию на 5 фолдах...
2025-06-17 18:53:51,090 - INFO - 
--- Фолд 1/5 ---
2025-06-17 18:53:51,096 - INFO - Размер train фолда 1: 85349
2025-06-17 18:53:51,097 - INFO - Размер val фолда 1: 900
2025-06-17 18:53:51,097 - INFO - Период фолда 1: 2024-11-25 18:01:00 - 2024-12-10 13:38:00
2025-06-17 18:53:51,098 - INFO - Начинаю обучение на фолде...
2025-06-17 18:55:07,679 - INFO - Обучение на фолде завершено.
2025-06-17 18:55:59,625 - INFO - Метрики на фолде 1: MAE=22.5, RMSE=31.8, MAPE=5.75%
2025-06-17 18:56:00,020 - INFO - 
--- Фолд 2/5 ---
2025-06-17 18:56:00,027 - INFO - Размер train фолда 2: 86249
2025-06-17 18:56:00,027 - INFO - Размер val фолда 2: 900
2025-06-17 18:56:00,028 - INFO - Период фолда 2: 2024-11-25 18:01:00 - 2024-12-10 17:23:00
2025-06-17 18:56:00,064 - INFO - Начинаю обучение на фолде...
2025-06-17 18:57:16,577 - INFO - Обучение на фолде завершено.
2025-06-17 18:58:09,508 - INFO - Метрики на фолде 2: MAE=19.1, RMSE=23.0, MAPE=4.46%
2025-06-17 18:58:09,805 - INFO - 
--- Фолд 3/5 ---
2025-06-17 18:58:09,811 - INFO - Размер train фолда 3: 87149
2025-06-17 18:58:09,811 - INFO - Размер val фолда 3: 900
2025-06-17 18:58:09,812 - INFO - Период фолда 3: 2024-11-25 18:01:00 - 2024-12-10 21:08:00
2025-06-17 18:58:09,846 - INFO - Начинаю обучение на фолде...
2025-06-17 18:59:27,763 - INFO - Обучение на фолде завершено.
2025-06-17 19:00:24,219 - INFO - Метрики на фолде 3: MAE=26.9, RMSE=32.7, MAPE=6.36%
2025-06-17 19:00:24,566 - INFO - 
--- Фолд 4/5 ---
2025-06-17 19:00:24,579 - INFO - Размер train фолда 4: 88049
2025-06-17 19:00:24,580 - INFO - Размер val фолда 4: 900
2025-06-17 19:00:24,580 - INFO - Период фолда 4: 2024-11-25 18:01:00 - 2024-12-11 00:53:00
2025-06-17 19:00:24,667 - INFO - Начинаю обучение на фолде...
2025-06-17 19:01:56,108 - INFO - Обучение на фолде завершено.
2025-06-17 19:02:48,725 - INFO - Метрики на фолде 4: MAE=39.6, RMSE=45.4, MAPE=9.53%
2025-06-17 19:02:48,979 - INFO - 
--- Фолд 5/5 ---
2025-06-17 19:02:48,986 - INFO - Размер train фолда 5: 88949
2025-06-17 19:02:48,987 - INFO - Размер val фолда 5: 900
2025-06-17 19:02:48,987 - INFO - Период фолда 5: 2024-11-25 18:01:00 - 2024-12-11 04:38:00
2025-06-17 19:02:49,017 - INFO - Начинаю обучение на фолде...
2025-06-17 19:04:04,026 - INFO - Обучение на фолде завершено.
2025-06-17 19:04:57,047 - INFO - Метрики на фолде 5: MAE=109.7, RMSE=133.3, MAPE=24.45%
2025-06-17 19:04:57,438 - INFO - 
--- Результаты кросс-валидации (средние) ---
2025-06-17 19:04:57,439 - INFO - CV Avg • MAE=43.6  RMSE=53.2  MAPE=10.11%
2025-06-17 19:04:57,439 - INFO - 
Начинаю обучение финальной модели на всех данных train+val...
2025-06-17 19:06:07,128 - INFO - Финальная модель успешно обучена!
2025-06-17 19:06:07,137 - INFO - Параметры модели: {'loss_function': 'RMSE', 'boosting_type': 'Plain', 'l2_leaf_reg': 10.0, 'depth': 10, 'learning_rate': 0.075, 'iterations': 2500, 'random_seed': 42, 'early_stopping_rounds': 150, 'verbose': False}
2025-06-17 19:06:08,476 - INFO - 
Делаю прогноз на hold-out сете...
2025-06-17 19:07:07,975 - INFO - Прогноз готов!
2025-06-17 19:07:08,049 - INFO - Длина прогноза: 908, Длина реальных данных: 908
2025-06-17 19:07:08,068 - INFO - Blind ~4h test • MAE=66.4  RMSE=72.0  MAPE=17.98%  on 908 valid points
2025-06-17 19:07:08,888 - INFO - 
*** Hold-out metrics ***
2025-06-17 19:07:08,889 - INFO -           value
MAE   66.359466
RMSE  71.975227
MAPE  17.984120
2025-06-17 19:07:08,902 - INFO - 
MAE by day:
2025-06-17 19:07:08,902 - INFO -         index        MAE
0  2024-12-11  66.359466
2025-06-17 19:07:09,384 - INFO -                    feature  importance
0            f_resid_lag_2   28.765749
1            f_resid_lag_1   27.282483
2            f_resid_lag_4   18.833421
3      f_resid_roll_mean_4   18.491921
4    f_resid_roll_std_5760    0.941204
5   f_resid_roll_mean_1920    0.925672
6           f_resid_lag_96    0.733470
7    f_resid_roll_mean_192    0.515543
8     f_resid_roll_mean_96    0.461689
9   f_resid_roll_mean_8640    0.442251
10                time_idx    0.385269
11   f_resid_roll_std_4320    0.320686
12         f_resid_lag_192    0.310641
13    f_resid_roll_std_192    0.280760
14  f_resid_roll_mean_5760    0.190623
15     f_resid_roll_std_96    0.168063
16   f_resid_roll_std_2880    0.162180
17  f_resid_roll_mean_4320    0.149022
18   f_resid_roll_std_8640    0.141620
19   f_resid_roll_std_1920    0.141212
