2025-06-17 22:29:10,866 - INFO -        common_cad_avg1h
count      90757.000000
mean         423.524946
std          138.010021
min          273.657007
25%          334.943368
50%          400.366144
75%          462.853268
max         1591.184778
2025-06-17 22:29:10,873 - INFO - Размер полного датасета: 90757
2025-06-17 22:29:10,874 - INFO - Размер для обучения и CV: 72605
2025-06-17 22:29:10,875 - INFO - Размер для валидации: 17244
2025-06-17 22:29:10,875 - INFO - Размер для hold-out теста: 908
2025-06-17 22:29:10,891 - INFO - Запускаю кросс-валидацию на 5 фолдах...
2025-06-17 22:29:10,895 - INFO - 
--- Фолд 1/5 ---
2025-06-17 22:29:10,900 - INFO - Размер train фолда 1: 85349
2025-06-17 22:29:10,900 - INFO - Размер val фолда 1: 900
2025-06-17 22:29:10,901 - INFO - Период фолда 1: 2024-11-25 18:01:00 - 2024-12-10 13:38:00
2025-06-17 22:29:10,901 - INFO - Начинаю обучение на фолде...
