[2025-06-19 05:33:57] INFO: Загрузка и подготовка данных...
[2025-06-19 05:33:57] INFO: Данные загружены. Размер: (90757, 3). Период: 2024-11-25 18:01:00 – 2024-12-11 12:10:00
[2025-06-19 05:33:57] INFO: Данные для CV (train+val): 90757 точек
[2025-06-19 05:33:57] INFO: Hold-out для финального теста: 908 точек
[2025-06-19 05:33:57] INFO: Запускаю кросс-валидацию на 5 фолдах...
[2025-06-19 05:33:57] INFO: --- Фолд 1/5 ---
[2025-06-19 05:33:57] INFO: Начинаю обучение на фолде...
[2025-06-19 05:34:01] INFO: Обучение на фолде завершено.
[2025-06-19 05:34:01] INFO: Метрики на фолде 1: MAE=1.4, RMSE=1.8, MAPE=0.32%
[2025-06-19 05:34:01] INFO: --- Фолд 2/5 ---
[2025-06-19 05:34:01] INFO: Начинаю обучение на фолде...
[2025-06-19 05:34:05] INFO: Обучение на фолде завершено.
[2025-06-19 05:34:05] INFO: Метрики на фолде 2: MAE=1.6, RMSE=2.2, MAPE=0.40%
[2025-06-19 05:34:05] INFO: --- Фолд 3/5 ---
[2025-06-19 05:34:05] INFO: Начинаю обучение на фолде...
[2025-06-19 05:34:09] INFO: Обучение на фолде завершено.
[2025-06-19 05:34:09] INFO: Метрики на фолде 3: MAE=1.2, RMSE=1.5, MAPE=0.28%
[2025-06-19 05:34:09] INFO: --- Фолд 4/5 ---
[2025-06-19 05:34:09] INFO: Начинаю обучение на фолде...
[2025-06-19 05:34:14] INFO: Обучение на фолде завершено.
[2025-06-19 05:34:14] INFO: Метрики на фолде 4: MAE=1.5, RMSE=2.1, MAPE=0.36%
[2025-06-19 05:34:14] INFO: --- Фолд 5/5 ---
[2025-06-19 05:34:14] INFO: Начинаю обучение на фолде...
[2025-06-19 05:34:18] INFO: Обучение на фолде завершено.
[2025-06-19 05:34:18] INFO: Метрики на фолде 5: MAE=1.9, RMSE=2.5, MAPE=0.52%
[2025-06-19 05:34:18] INFO: 
*** Hold-out metrics ***
[2025-06-19 05:34:18] INFO:          value
MAE   1.944516
RMSE  2.480454
MAPE  0.523257
[2025-06-19 05:34:18] INFO: 
--- Результаты кросс-валидации (средние) ---
[2025-06-19 05:34:18] INFO: CV Avg • MAE=1.5  RMSE=2.0  MAPE=0.38%
