2025-06-18 21:28:20,736 - INFO - root - Загрузка и очистка данных...
2025-06-18 21:28:20,945 - INFO - root - Запускаю кросс-валидацию с 5 фолдами...
2025-06-18 21:28:20,945 - INFO - root - ==== ФОЛД 1/5 ====
2025-06-18 21:28:24,946 - INFO - root - Количество признаков: 1
2025-06-18 21:28:24,946 - INFO - root - Построение и обучение модели...
2025-06-18 22:25:03,510 - INFO - root - Загрузка и очистка данных...
2025-06-18 22:25:03,699 - INFO - root - Запускаю кросс-валидацию с 5 фолдами...
2025-06-18 22:25:03,699 - INFO - root - ==== ФОЛД 1/5 ====
2025-06-18 22:25:07,552 - INFO - root - Количество признаков: 1
2025-06-18 22:25:07,552 - INFO - root - Построение и обучение модели...
2025-06-18 22:25:37,161 - WARNING - absl - You are saving your model as an HDF5 file via `model.save()` or `keras.saving.save_model(model)`. This file format is considered legacy. We recommend using instead the native Keras format, e.g. `model.save('my_model.keras')` or `keras.saving.save_model(model, 'my_model.keras')`. 
2025-06-18 22:26:01,211 - WARNING - absl - You are saving your model as an HDF5 file via `model.save()` or `keras.saving.save_model(model)`. This file format is considered legacy. We recommend using instead the native Keras format, e.g. `model.save('my_model.keras')` or `keras.saving.save_model(model, 'my_model.keras')`. 
2025-06-18 22:26:24,533 - WARNING - absl - You are saving your model as an HDF5 file via `model.save()` or `keras.saving.save_model(model)`. This file format is considered legacy. We recommend using instead the native Keras format, e.g. `model.save('my_model.keras')` or `keras.saving.save_model(model, 'my_model.keras')`. 
2025-06-18 22:26:48,376 - WARNING - absl - You are saving your model as an HDF5 file via `model.save()` or `keras.saving.save_model(model)`. This file format is considered legacy. We recommend using instead the native Keras format, e.g. `model.save('my_model.keras')` or `keras.saving.save_model(model, 'my_model.keras')`. 
2025-06-18 22:27:13,034 - WARNING - absl - You are saving your model as an HDF5 file via `model.save()` or `keras.saving.save_model(model)`. This file format is considered legacy. We recommend using instead the native Keras format, e.g. `model.save('my_model.keras')` or `keras.saving.save_model(model, 'my_model.keras')`. 
2025-06-18 22:27:37,099 - WARNING - absl - You are saving your model as an HDF5 file via `model.save()` or `keras.saving.save_model(model)`. This file format is considered legacy. We recommend using instead the native Keras format, e.g. `model.save('my_model.keras')` or `keras.saving.save_model(model, 'my_model.keras')`. 
2025-06-18 22:47:59,846 - WARNING - absl - You are saving your model as an HDF5 file via `model.save()` or `keras.saving.save_model(model)`. This file format is considered legacy. We recommend using instead the native Keras format, e.g. `model.save('my_model.keras')` or `keras.saving.save_model(model, 'my_model.keras')`. 
2025-06-18 22:48:23,053 - WARNING - absl - You are saving your model as an HDF5 file via `model.save()` or `keras.saving.save_model(model)`. This file format is considered legacy. We recommend using instead the native Keras format, e.g. `model.save('my_model.keras')` or `keras.saving.save_model(model, 'my_model.keras')`. 
2025-06-18 22:48:46,621 - WARNING - absl - You are saving your model as an HDF5 file via `model.save()` or `keras.saving.save_model(model)`. This file format is considered legacy. We recommend using instead the native Keras format, e.g. `model.save('my_model.keras')` or `keras.saving.save_model(model, 'my_model.keras')`. 
2025-06-18 22:49:09,839 - WARNING - absl - You are saving your model as an HDF5 file via `model.save()` or `keras.saving.save_model(model)`. This file format is considered legacy. We recommend using instead the native Keras format, e.g. `model.save('my_model.keras')` or `keras.saving.save_model(model, 'my_model.keras')`. 
2025-06-18 22:49:09,926 - INFO - root - Оценка на тестовом фолде...
2025-06-18 22:49:09,986 - WARNING - absl - Compiled the loaded model, but the compiled metrics have yet to be built. `model.compile_metrics` will be empty until you train or evaluate the model.
2025-06-18 22:49:10,413 - INFO - root - Метрики на фолде 1: {'MAE': 1.4982560491044394, 'RMSE': np.float64(1.9669155862947345), 'MAPE': 0.3493806213489738}
2025-06-18 22:49:10,413 - INFO - root - Сохранение графика прогноза для фолда...
2025-06-18 22:49:10,655 - INFO - root - ==== ФОЛД 2/5 ====
2025-06-18 22:49:15,455 - INFO - root - Количество признаков: 1
2025-06-18 22:49:15,455 - INFO - root - Построение и обучение модели...
2025-06-18 22:49:40,884 - WARNING - absl - You are saving your model as an HDF5 file via `model.save()` or `keras.saving.save_model(model)`. This file format is considered legacy. We recommend using instead the native Keras format, e.g. `model.save('my_model.keras')` or `keras.saving.save_model(model, 'my_model.keras')`. 
2025-06-18 22:50:05,164 - WARNING - absl - You are saving your model as an HDF5 file via `model.save()` or `keras.saving.save_model(model)`. This file format is considered legacy. We recommend using instead the native Keras format, e.g. `model.save('my_model.keras')` or `keras.saving.save_model(model, 'my_model.keras')`. 
2025-06-18 22:50:29,226 - WARNING - absl - You are saving your model as an HDF5 file via `model.save()` or `keras.saving.save_model(model)`. This file format is considered legacy. We recommend using instead the native Keras format, e.g. `model.save('my_model.keras')` or `keras.saving.save_model(model, 'my_model.keras')`. 
2025-06-18 22:50:53,887 - WARNING - absl - You are saving your model as an HDF5 file via `model.save()` or `keras.saving.save_model(model)`. This file format is considered legacy. We recommend using instead the native Keras format, e.g. `model.save('my_model.keras')` or `keras.saving.save_model(model, 'my_model.keras')`. 
2025-06-18 22:51:18,530 - WARNING - absl - You are saving your model as an HDF5 file via `model.save()` or `keras.saving.save_model(model)`. This file format is considered legacy. We recommend using instead the native Keras format, e.g. `model.save('my_model.keras')` or `keras.saving.save_model(model, 'my_model.keras')`. 
2025-06-18 22:51:42,462 - WARNING - absl - You are saving your model as an HDF5 file via `model.save()` or `keras.saving.save_model(model)`. This file format is considered legacy. We recommend using instead the native Keras format, e.g. `model.save('my_model.keras')` or `keras.saving.save_model(model, 'my_model.keras')`. 
2025-06-18 22:52:06,878 - WARNING - absl - You are saving your model as an HDF5 file via `model.save()` or `keras.saving.save_model(model)`. This file format is considered legacy. We recommend using instead the native Keras format, e.g. `model.save('my_model.keras')` or `keras.saving.save_model(model, 'my_model.keras')`. 
2025-06-18 22:52:31,083 - WARNING - absl - You are saving your model as an HDF5 file via `model.save()` or `keras.saving.save_model(model)`. This file format is considered legacy. We recommend using instead the native Keras format, e.g. `model.save('my_model.keras')` or `keras.saving.save_model(model, 'my_model.keras')`. 
2025-06-18 22:53:28,391 - WARNING - absl - You are saving your model as an HDF5 file via `model.save()` or `keras.saving.save_model(model)`. This file format is considered legacy. We recommend using instead the native Keras format, e.g. `model.save('my_model.keras')` or `keras.saving.save_model(model, 'my_model.keras')`. 
2025-06-18 22:54:28,621 - WARNING - absl - You are saving your model as an HDF5 file via `model.save()` or `keras.saving.save_model(model)`. This file format is considered legacy. We recommend using instead the native Keras format, e.g. `model.save('my_model.keras')` or `keras.saving.save_model(model, 'my_model.keras')`. 
2025-06-18 22:54:28,704 - INFO - root - Оценка на тестовом фолде...
2025-06-18 22:54:28,755 - WARNING - absl - Compiled the loaded model, but the compiled metrics have yet to be built. `model.compile_metrics` will be empty until you train or evaluate the model.
2025-06-18 22:54:29,106 - INFO - root - Метрики на фолде 2: {'MAE': 1.1177651646340518, 'RMSE': np.float64(1.574006960022358), 'MAPE': 0.2720459672822774}
2025-06-18 22:54:29,106 - INFO - root - Сохранение графика прогноза для фолда...
2025-06-18 22:54:29,338 - INFO - root - ==== ФОЛД 3/5 ====
2025-06-18 22:54:32,800 - INFO - root - Количество признаков: 1
2025-06-18 22:54:32,800 - INFO - root - Построение и обучение модели...
2025-06-18 22:54:57,912 - WARNING - absl - You are saving your model as an HDF5 file via `model.save()` or `keras.saving.save_model(model)`. This file format is considered legacy. We recommend using instead the native Keras format, e.g. `model.save('my_model.keras')` or `keras.saving.save_model(model, 'my_model.keras')`. 
2025-06-18 22:55:22,589 - WARNING - absl - You are saving your model as an HDF5 file via `model.save()` or `keras.saving.save_model(model)`. This file format is considered legacy. We recommend using instead the native Keras format, e.g. `model.save('my_model.keras')` or `keras.saving.save_model(model, 'my_model.keras')`. 
2025-06-18 22:55:47,225 - WARNING - absl - You are saving your model as an HDF5 file via `model.save()` or `keras.saving.save_model(model)`. This file format is considered legacy. We recommend using instead the native Keras format, e.g. `model.save('my_model.keras')` or `keras.saving.save_model(model, 'my_model.keras')`. 
2025-06-18 22:56:11,960 - WARNING - absl - You are saving your model as an HDF5 file via `model.save()` or `keras.saving.save_model(model)`. This file format is considered legacy. We recommend using instead the native Keras format, e.g. `model.save('my_model.keras')` or `keras.saving.save_model(model, 'my_model.keras')`. 
2025-06-18 22:56:37,195 - WARNING - absl - You are saving your model as an HDF5 file via `model.save()` or `keras.saving.save_model(model)`. This file format is considered legacy. We recommend using instead the native Keras format, e.g. `model.save('my_model.keras')` or `keras.saving.save_model(model, 'my_model.keras')`. 
2025-06-18 22:57:02,440 - WARNING - absl - You are saving your model as an HDF5 file via `model.save()` or `keras.saving.save_model(model)`. This file format is considered legacy. We recommend using instead the native Keras format, e.g. `model.save('my_model.keras')` or `keras.saving.save_model(model, 'my_model.keras')`. 
2025-06-18 22:57:26,885 - WARNING - absl - You are saving your model as an HDF5 file via `model.save()` or `keras.saving.save_model(model)`. This file format is considered legacy. We recommend using instead the native Keras format, e.g. `model.save('my_model.keras')` or `keras.saving.save_model(model, 'my_model.keras')`. 
2025-06-18 22:57:51,292 - WARNING - absl - You are saving your model as an HDF5 file via `model.save()` or `keras.saving.save_model(model)`. This file format is considered legacy. We recommend using instead the native Keras format, e.g. `model.save('my_model.keras')` or `keras.saving.save_model(model, 'my_model.keras')`. 
2025-06-18 22:58:16,673 - WARNING - absl - You are saving your model as an HDF5 file via `model.save()` or `keras.saving.save_model(model)`. This file format is considered legacy. We recommend using instead the native Keras format, e.g. `model.save('my_model.keras')` or `keras.saving.save_model(model, 'my_model.keras')`. 
2025-06-18 22:58:42,279 - WARNING - absl - You are saving your model as an HDF5 file via `model.save()` or `keras.saving.save_model(model)`. This file format is considered legacy. We recommend using instead the native Keras format, e.g. `model.save('my_model.keras')` or `keras.saving.save_model(model, 'my_model.keras')`. 
2025-06-18 22:58:42,351 - INFO - root - Оценка на тестовом фолде...
2025-06-18 22:58:42,406 - WARNING - absl - Compiled the loaded model, but the compiled metrics have yet to be built. `model.compile_metrics` will be empty until you train or evaluate the model.
2025-06-18 22:58:42,787 - INFO - root - Метрики на фолде 3: {'MAE': 0.9806956581293184, 'RMSE': np.float64(1.2812171040075822), 'MAPE': 0.24056469619788998}
2025-06-18 22:58:42,788 - INFO - root - Сохранение графика прогноза для фолда...
2025-06-18 22:58:43,033 - INFO - root - ==== ФОЛД 4/5 ====
2025-06-18 22:58:47,269 - INFO - root - Количество признаков: 1
2025-06-18 22:58:47,269 - INFO - root - Построение и обучение модели...
2025-06-18 22:59:13,182 - WARNING - absl - You are saving your model as an HDF5 file via `model.save()` or `keras.saving.save_model(model)`. This file format is considered legacy. We recommend using instead the native Keras format, e.g. `model.save('my_model.keras')` or `keras.saving.save_model(model, 'my_model.keras')`. 
2025-06-18 22:59:38,267 - WARNING - absl - You are saving your model as an HDF5 file via `model.save()` or `keras.saving.save_model(model)`. This file format is considered legacy. We recommend using instead the native Keras format, e.g. `model.save('my_model.keras')` or `keras.saving.save_model(model, 'my_model.keras')`. 
2025-06-18 23:00:03,808 - WARNING - absl - You are saving your model as an HDF5 file via `model.save()` or `keras.saving.save_model(model)`. This file format is considered legacy. We recommend using instead the native Keras format, e.g. `model.save('my_model.keras')` or `keras.saving.save_model(model, 'my_model.keras')`. 
2025-06-18 23:00:28,741 - WARNING - absl - You are saving your model as an HDF5 file via `model.save()` or `keras.saving.save_model(model)`. This file format is considered legacy. We recommend using instead the native Keras format, e.g. `model.save('my_model.keras')` or `keras.saving.save_model(model, 'my_model.keras')`. 
2025-06-18 23:01:27,949 - WARNING - absl - You are saving your model as an HDF5 file via `model.save()` or `keras.saving.save_model(model)`. This file format is considered legacy. We recommend using instead the native Keras format, e.g. `model.save('my_model.keras')` or `keras.saving.save_model(model, 'my_model.keras')`. 
2025-06-18 23:02:29,118 - WARNING - absl - You are saving your model as an HDF5 file via `model.save()` or `keras.saving.save_model(model)`. This file format is considered legacy. We recommend using instead the native Keras format, e.g. `model.save('my_model.keras')` or `keras.saving.save_model(model, 'my_model.keras')`. 
2025-06-18 23:07:29,809 - WARNING - absl - You are saving your model as an HDF5 file via `model.save()` or `keras.saving.save_model(model)`. This file format is considered legacy. We recommend using instead the native Keras format, e.g. `model.save('my_model.keras')` or `keras.saving.save_model(model, 'my_model.keras')`. 
2025-06-18 23:07:54,338 - WARNING - absl - You are saving your model as an HDF5 file via `model.save()` or `keras.saving.save_model(model)`. This file format is considered legacy. We recommend using instead the native Keras format, e.g. `model.save('my_model.keras')` or `keras.saving.save_model(model, 'my_model.keras')`. 
2025-06-18 23:08:19,594 - WARNING - absl - You are saving your model as an HDF5 file via `model.save()` or `keras.saving.save_model(model)`. This file format is considered legacy. We recommend using instead the native Keras format, e.g. `model.save('my_model.keras')` or `keras.saving.save_model(model, 'my_model.keras')`. 
2025-06-18 23:08:44,511 - WARNING - absl - You are saving your model as an HDF5 file via `model.save()` or `keras.saving.save_model(model)`. This file format is considered legacy. We recommend using instead the native Keras format, e.g. `model.save('my_model.keras')` or `keras.saving.save_model(model, 'my_model.keras')`. 
2025-06-18 23:08:44,623 - INFO - root - Оценка на тестовом фолде...
2025-06-18 23:08:44,676 - WARNING - absl - Compiled the loaded model, but the compiled metrics have yet to be built. `model.compile_metrics` will be empty until you train or evaluate the model.
2025-06-18 23:08:45,042 - INFO - root - Метрики на фолде 4: {'MAE': 3.5165054155689783, 'RMSE': np.float64(4.483840955188736), 'MAPE': 0.8460974982351815}
2025-06-18 23:08:45,042 - INFO - root - Сохранение графика прогноза для фолда...
2025-06-18 23:08:45,281 - INFO - root - ==== ФОЛД 5/5 ====
2025-06-18 23:08:49,270 - INFO - root - Количество признаков: 1
2025-06-18 23:08:49,270 - INFO - root - Построение и обучение модели...
2025-06-18 23:09:15,480 - WARNING - absl - You are saving your model as an HDF5 file via `model.save()` or `keras.saving.save_model(model)`. This file format is considered legacy. We recommend using instead the native Keras format, e.g. `model.save('my_model.keras')` or `keras.saving.save_model(model, 'my_model.keras')`. 
2025-06-18 23:09:39,839 - WARNING - absl - You are saving your model as an HDF5 file via `model.save()` or `keras.saving.save_model(model)`. This file format is considered legacy. We recommend using instead the native Keras format, e.g. `model.save('my_model.keras')` or `keras.saving.save_model(model, 'my_model.keras')`. 
2025-06-18 23:10:05,054 - WARNING - absl - You are saving your model as an HDF5 file via `model.save()` or `keras.saving.save_model(model)`. This file format is considered legacy. We recommend using instead the native Keras format, e.g. `model.save('my_model.keras')` or `keras.saving.save_model(model, 'my_model.keras')`. 
2025-06-18 23:10:30,241 - WARNING - absl - You are saving your model as an HDF5 file via `model.save()` or `keras.saving.save_model(model)`. This file format is considered legacy. We recommend using instead the native Keras format, e.g. `model.save('my_model.keras')` or `keras.saving.save_model(model, 'my_model.keras')`. 
2025-06-18 23:10:55,366 - WARNING - absl - You are saving your model as an HDF5 file via `model.save()` or `keras.saving.save_model(model)`. This file format is considered legacy. We recommend using instead the native Keras format, e.g. `model.save('my_model.keras')` or `keras.saving.save_model(model, 'my_model.keras')`. 
2025-06-18 23:11:21,270 - WARNING - absl - You are saving your model as an HDF5 file via `model.save()` or `keras.saving.save_model(model)`. This file format is considered legacy. We recommend using instead the native Keras format, e.g. `model.save('my_model.keras')` or `keras.saving.save_model(model, 'my_model.keras')`. 
2025-06-18 23:11:46,470 - WARNING - absl - You are saving your model as an HDF5 file via `model.save()` or `keras.saving.save_model(model)`. This file format is considered legacy. We recommend using instead the native Keras format, e.g. `model.save('my_model.keras')` or `keras.saving.save_model(model, 'my_model.keras')`. 
2025-06-18 23:12:11,798 - WARNING - absl - You are saving your model as an HDF5 file via `model.save()` or `keras.saving.save_model(model)`. This file format is considered legacy. We recommend using instead the native Keras format, e.g. `model.save('my_model.keras')` or `keras.saving.save_model(model, 'my_model.keras')`. 
2025-06-18 23:12:37,153 - WARNING - absl - You are saving your model as an HDF5 file via `model.save()` or `keras.saving.save_model(model)`. This file format is considered legacy. We recommend using instead the native Keras format, e.g. `model.save('my_model.keras')` or `keras.saving.save_model(model, 'my_model.keras')`. 
2025-06-18 23:13:02,205 - WARNING - absl - You are saving your model as an HDF5 file via `model.save()` or `keras.saving.save_model(model)`. This file format is considered legacy. We recommend using instead the native Keras format, e.g. `model.save('my_model.keras')` or `keras.saving.save_model(model, 'my_model.keras')`. 
2025-06-18 23:13:02,273 - INFO - root - Оценка на тестовом фолде...
2025-06-18 23:13:02,330 - WARNING - absl - Compiled the loaded model, but the compiled metrics have yet to be built. `model.compile_metrics` will be empty until you train or evaluate the model.
2025-06-18 23:13:02,674 - INFO - root - Метрики на фолде 5: {'MAE': 1.1953720964907661, 'RMSE': np.float64(2.0567914472709186), 'MAPE': 0.303610874871805}
2025-06-18 23:13:02,674 - INFO - root - Сохранение графика прогноза для фолда...
2025-06-18 23:13:02,898 - INFO - root - ==== ИТОГОВЫЕ МЕТРИКИ (среднее по фолдам) ====
2025-06-18 23:13:02,898 - INFO - root - {'MAE': np.float64(1.661718876785511), 'RMSE': np.float64(2.272554410556866), 'MAPE': np.float64(0.4023399315872256)}
2025-06-18 23:13:02,898 - INFO - root - Скрипт завершен. Модели сохранены в models/lstm_univariate_cv_20250618_222503, графики в plots/lstm_univariate_cv_20250618_222503
