[2025-06-18 19:12:51] INFO: Загрузка и подготовка данных...
[2025-06-18 19:12:51] INFO: Данные загружены. Размер: (90757, 3). Период: 2024-11-25 18:01:00 – 2024-12-11 12:10:00
[2025-06-18 19:12:51] INFO: Данные для CV (train+val): 90757 точек
[2025-06-18 19:12:51] INFO: Hold-out для финального теста: 908 точек
[2025-06-18 19:12:51] INFO: Запускаю кросс-валидацию на 5 фолдах...
[2025-06-18 19:12:51] INFO: --- Фолд 1/5 ---
[2025-06-18 19:12:51] INFO: Начинаю обучение на фолде...
[2025-06-18 19:12:52] INFO: Обучение на фолде завершено.
[2025-06-18 19:12:52] INFO: Метрики на фолде 1: MAE=10.8, RMSE=12.8, MAPE=2.43%
[2025-06-18 19:12:52] INFO: --- Фолд 2/5 ---
[2025-06-18 19:12:52] INFO: Начинаю обучение на фолде...
[2025-06-18 19:12:53] INFO: Обучение на фолде завершено.
[2025-06-18 19:12:53] INFO: Метрики на фолде 2: MAE=7.0, RMSE=8.8, MAPE=1.68%
[2025-06-18 19:12:53] INFO: --- Фолд 3/5 ---
[2025-06-18 19:12:53] INFO: Начинаю обучение на фолде...
[2025-06-18 19:12:54] INFO: Обучение на фолде завершено.
[2025-06-18 19:12:54] INFO: Метрики на фолде 3: MAE=6.3, RMSE=7.5, MAPE=1.54%
[2025-06-18 19:12:54] INFO: --- Фолд 4/5 ---
[2025-06-18 19:12:54] INFO: Начинаю обучение на фолде...
[2025-06-18 19:12:55] INFO: Обучение на фолде завершено.
[2025-06-18 19:12:55] INFO: Метрики на фолде 4: MAE=18.0, RMSE=19.2, MAPE=4.27%
[2025-06-18 19:12:55] INFO: --- Фолд 5/5 ---
[2025-06-18 19:12:55] INFO: Начинаю обучение на фолде...
[2025-06-18 19:12:56] INFO: Обучение на фолде завершено.
[2025-06-18 19:12:56] INFO: Метрики на фолде 5: MAE=12.6, RMSE=15.8, MAPE=3.58%
[2025-06-18 19:12:56] INFO: 
*** Hold-out metrics ***
[2025-06-18 19:12:56] INFO:           value
MAE   12.647960
RMSE  15.770165
MAPE   3.578401
[2025-06-18 19:12:57] INFO: 
--- Результаты кросс-валидации (средние) ---
[2025-06-18 19:12:57] INFO: CV Avg • MAE=11.0  RMSE=12.8  MAPE=2.70%
