2025-06-18 06:15:09,274 - INFO - ==== Experiment 2/2 → lstm_decomp_hs128_do0.2_wd0.0005_20250618_061509 ====
2025-06-18 06:15:09,274 - INFO - Params: {'hidden_size': 128, 'dropout': 0.2, 'weight_decay': 0.0005}
2025-06-18 06:15:09,274 - INFO - -- Fold 1/5
2025-06-18 06:16:48,084 - INFO - [Ep 1/30] train=0.22645 val=0.39183
2025-06-18 06:18:36,730 - INFO - [Ep 2/30] train=0.15581 val=0.46041
2025-06-18 06:20:35,435 - INFO - [Ep 3/30] train=0.12699 val=0.58005
2025-06-18 06:22:24,154 - INFO - [Ep 4/30] train=0.11885 val=0.63403
2025-06-18 06:24:04,291 - INFO - [Ep 5/30] train=0.11459 val=0.60264
2025-06-18 06:25:57,351 - INFO - [Ep 6/30] train=0.09763 val=0.64230
2025-06-18 06:27:51,103 - INFO - Early stop at epoch 7
2025-06-18 06:27:51,207 - INFO - Fold 1: MAE=18.30 RMSE=21.86 MAPE=4.20% on 900 pts
2025-06-18 06:27:52,009 - INFO - -- Fold 2/5
2025-06-18 06:29:38,937 - INFO - [Ep 1/30] train=0.21892 val=0.47144
2025-06-18 06:31:25,086 - INFO - [Ep 2/30] train=0.14291 val=0.56411
2025-06-18 06:33:20,417 - INFO - [Ep 3/30] train=0.12672 val=0.40244
2025-06-18 06:35:15,982 - INFO - [Ep 4/30] train=0.10549 val=0.51402
2025-06-18 06:36:59,326 - INFO - [Ep 5/30] train=0.10208 val=0.79814
2025-06-18 06:38:52,845 - INFO - [Ep 6/30] train=0.11076 val=0.56262
2025-06-18 06:40:49,745 - INFO - [Ep 7/30] train=0.10148 val=0.50488
2025-06-18 06:42:40,663 - INFO - [Ep 8/30] train=0.10685 val=0.50496
2025-06-18 06:44:23,226 - INFO - [Ep 9/30] train=0.07963 val=0.37281
2025-06-18 06:46:16,685 - INFO - [Ep 10/30] train=0.08988 val=0.57738
2025-06-18 06:48:14,007 - INFO - [Ep 11/30] train=0.08402 val=0.59110
2025-06-18 06:50:03,717 - INFO - [Ep 12/30] train=0.08299 val=0.58851
2025-06-18 06:51:49,738 - INFO - [Ep 13/30] train=0.10745 val=0.52276
2025-06-18 06:53:44,144 - INFO - [Ep 14/30] train=0.10295 val=0.60526
2025-06-18 06:55:41,292 - INFO - Early stop at epoch 15
2025-06-18 06:55:41,393 - INFO - Fold 2: MAE=28.74 RMSE=35.53 MAPE=6.68% on 900 pts
2025-06-18 06:55:42,282 - INFO - -- Fold 3/5
2025-06-18 06:57:26,143 - INFO - [Ep 1/30] train=0.21764 val=0.60039
2025-06-18 06:59:15,511 - INFO - [Ep 2/30] train=0.14597 val=0.59192
2025-06-18 07:01:25,791 - INFO - [Ep 3/30] train=0.13693 val=0.55652
2025-06-18 07:03:34,854 - INFO - [Ep 4/30] train=0.11672 val=0.47255
2025-06-18 07:05:21,240 - INFO - [Ep 5/30] train=0.12015 val=0.47099
2025-06-18 07:07:16,086 - INFO - [Ep 6/30] train=0.09423 val=0.62030
2025-06-18 07:09:16,253 - INFO - [Ep 7/30] train=0.11024 val=0.53560
2025-06-18 07:11:11,217 - INFO - [Ep 8/30] train=0.09725 val=0.64858
2025-06-18 07:12:56,275 - INFO - [Ep 9/30] train=0.09724 val=0.61167
2025-06-18 07:14:53,373 - INFO - [Ep 10/30] train=0.08777 val=0.61176
2025-06-18 07:16:50,854 - INFO - Early stop at epoch 11
2025-06-18 07:16:51,005 - INFO - Fold 3: MAE=52.17 RMSE=54.08 MAPE=12.46% on 900 pts
2025-06-18 07:16:52,052 - INFO - -- Fold 4/5
2025-06-18 07:18:47,487 - INFO - [Ep 1/30] train=0.21993 val=0.40710
2025-06-18 07:20:40,346 - INFO - [Ep 2/30] train=0.15793 val=0.54664
2025-06-18 07:22:45,074 - INFO - [Ep 3/30] train=0.12089 val=0.53016
2025-06-18 07:24:50,614 - INFO - [Ep 4/30] train=0.11269 val=0.52136
2025-06-18 07:26:38,547 - INFO - [Ep 5/30] train=0.19360 val=0.53157
2025-06-18 07:28:44,591 - INFO - [Ep 6/30] train=0.11722 val=0.52434
2025-06-18 07:30:42,116 - INFO - Early stop at epoch 7
2025-06-18 07:30:42,235 - INFO - Fold 4: MAE=68.68 RMSE=91.37 MAPE=15.85% on 900 pts
2025-06-18 07:30:43,325 - INFO - -- Fold 5/5
2025-06-18 07:32:36,403 - INFO - [Ep 1/30] train=0.22008 val=0.54599
2025-06-18 07:34:23,139 - INFO - [Ep 2/30] train=0.16713 val=0.62206
2025-06-18 07:36:25,934 - INFO - [Ep 3/30] train=0.12966 val=0.60544
2025-06-18 07:38:24,727 - INFO - [Ep 4/30] train=0.12149 val=0.63274
2025-06-18 07:40:15,320 - INFO - [Ep 5/30] train=0.11292 val=0.59037
2025-06-18 07:42:11,745 - INFO - [Ep 6/30] train=0.09673 val=0.64060
2025-06-18 07:44:24,586 - INFO - Early stop at epoch 7
2025-06-18 07:44:24,692 - INFO - Fold 5: MAE=69.56 RMSE=79.77 MAPE=16.02% on 900 pts
2025-06-18 07:44:25,589 - INFO - === mean over folds: MAE=47.49 RMSE=56.52 MAPE=11.04% ===
