2025-06-17 20:52:08,324 - INFO -        common_cad_avg1h
count      90757.000000
mean         423.524946
std          138.010021
min          273.657007
25%          334.943368
50%          400.366144
75%          462.853268
max         1591.184778
2025-06-17 20:52:08,332 - INFO - Размер полного датасета: 90757
2025-06-17 20:52:08,333 - INFO - Размер для обучения и CV: 72605
2025-06-17 20:52:08,334 - INFO - Размер для валидации: 17244
2025-06-17 20:52:08,335 - INFO - Размер для hold-out теста: 908
2025-06-17 20:52:08,347 - INFO - Запускаю кросс-валидацию на 5 фолдах...
2025-06-17 20:52:08,437 - INFO - 
--- Фолд 1/5 ---
2025-06-17 20:52:08,439 - INFO - Размер train фолда 1: 85349
2025-06-17 20:52:08,440 - INFO - Размер val фолда 1: 900
2025-06-17 20:52:08,440 - INFO - Период фолда 1: 2024-11-25 18:01:00 - 2024-12-10 13:38:00
2025-06-17 20:52:08,440 - INFO - Начинаю обучение на фолде...
2025-06-17 20:52:44,541 - INFO - Обучение на фолде завершено.
2025-06-17 20:53:50,452 - INFO - Метрики на фолде 1: MAE=23.8, RMSE=34.4, MAPE=6.09%
2025-06-17 20:53:50,812 - INFO - 
--- Фолд 2/5 ---
2025-06-17 20:53:50,827 - INFO - Размер train фолда 2: 86249
2025-06-17 20:53:50,828 - INFO - Размер val фолда 2: 900
2025-06-17 20:53:50,828 - INFO - Период фолда 2: 2024-11-25 18:01:00 - 2024-12-10 17:23:00
2025-06-17 20:53:50,857 - INFO - Начинаю обучение на фолде...
2025-06-17 20:54:24,109 - INFO - Обучение на фолде завершено.
2025-06-17 20:55:35,773 - INFO - Метрики на фолде 2: MAE=19.1, RMSE=23.2, MAPE=4.49%
2025-06-17 20:55:36,231 - INFO - 
--- Фолд 3/5 ---
2025-06-17 20:55:36,246 - INFO - Размер train фолда 3: 87149
2025-06-17 20:55:36,246 - INFO - Размер val фолда 3: 900
2025-06-17 20:55:36,247 - INFO - Период фолда 3: 2024-11-25 18:01:00 - 2024-12-10 21:08:00
2025-06-17 20:55:36,348 - INFO - Начинаю обучение на фолде...
2025-06-17 20:56:12,396 - INFO - Обучение на фолде завершено.
2025-06-17 20:57:16,506 - INFO - Метрики на фолде 3: MAE=22.9, RMSE=26.7, MAPE=5.57%
2025-06-17 20:57:16,816 - INFO - 
--- Фолд 4/5 ---
2025-06-17 20:57:16,822 - INFO - Размер train фолда 4: 88049
2025-06-17 20:57:16,822 - INFO - Размер val фолда 4: 900
2025-06-17 20:57:16,822 - INFO - Период фолда 4: 2024-11-25 18:01:00 - 2024-12-11 00:53:00
2025-06-17 20:57:16,866 - INFO - Начинаю обучение на фолде...
2025-06-17 20:57:55,976 - INFO - Обучение на фолде завершено.
2025-06-17 20:59:04,394 - INFO - Метрики на фолде 4: MAE=17.1, RMSE=20.5, MAPE=4.21%
2025-06-17 20:59:04,670 - INFO - 
--- Фолд 5/5 ---
2025-06-17 20:59:04,685 - INFO - Размер train фолда 5: 88949
2025-06-17 20:59:04,686 - INFO - Размер val фолда 5: 900
2025-06-17 20:59:04,686 - INFO - Период фолда 5: 2024-11-25 18:01:00 - 2024-12-11 04:38:00
2025-06-17 20:59:04,719 - INFO - Начинаю обучение на фолде...
2025-06-17 20:59:44,884 - INFO - Обучение на фолде завершено.
2025-06-17 21:00:50,580 - INFO - Метрики на фолде 5: MAE=99.0, RMSE=119.9, MAPE=22.08%
2025-06-17 21:00:50,838 - INFO - 
--- Результаты кросс-валидации (средние) ---
2025-06-17 21:00:50,838 - INFO - CV Avg • MAE=36.4  RMSE=45.0  MAPE=8.49%
2025-06-17 21:00:50,839 - INFO - 
Начинаю обучение финальной модели на всех данных train+val...
2025-06-17 21:01:23,757 - INFO - Финальная модель успешно обучена!
2025-06-17 21:01:23,765 - INFO - Параметры модели: {'loss_function': 'RMSE', 'boosting_type': 'Plain', 'l2_leaf_reg': 10.0, 'depth': 10, 'learning_rate': 0.075, 'iterations': 1000, 'random_seed': 42, 'early_stopping_rounds': 300, 'verbose': False}
2025-06-17 21:01:25,433 - INFO - 
Делаю прогноз на hold-out сете...
2025-06-17 21:02:32,892 - INFO - Прогноз готов!
2025-06-17 21:02:32,917 - INFO - Длина прогноза: 908, Длина реальных данных: 908
2025-06-17 21:02:32,930 - INFO - Blind ~4h test • MAE=36.7  RMSE=39.1  MAPE=9.71%  on 908 valid points
2025-06-17 21:02:33,520 - INFO - 
*** Hold-out metrics ***
2025-06-17 21:02:33,521 - INFO -           value
MAE   36.749571
RMSE  39.060635
MAPE   9.707073
2025-06-17 21:02:33,535 - INFO - 
MAE by day:
2025-06-17 21:02:33,536 - INFO -         index        MAE
0  2024-12-11  36.749571
2025-06-17 21:02:34,349 - INFO -                    feature  importance
0            f_resid_lag_2   32.317091
1      f_resid_roll_mean_4   22.968971
2            f_resid_lag_1   20.763993
3            f_resid_lag_4   12.848082
4     f_resid_roll_mean_96    4.427904
5    f_resid_roll_mean_192    2.185989
6           f_resid_lag_96    0.923081
7   f_resid_roll_mean_5760    0.833515
8   f_resid_roll_mean_2880    0.406796
9   f_resid_roll_mean_1920    0.337654
10    f_resid_roll_std_192    0.250225
11         f_resid_lag_192    0.226250
12  f_resid_roll_mean_8640    0.221320
13  f_resid_roll_mean_4320    0.212865
14   f_resid_roll_std_8640    0.212827
15   f_resid_roll_std_1920    0.128408
16   f_resid_roll_std_5760    0.121059
17              is_weekend    0.119654
18   f_resid_roll_std_4320    0.119617
19     f_resid_roll_std_96    0.101878
