2025-06-17 22:38:47,376 - INFO - ========== Experiment 1/10 — lstm_multivar_hs64_do0.1_wd0.0001_20250617_223847 ==========
2025-06-17 22:38:47,376 - INFO - Parameter set: {'hidden_size': 64, 'dropout': 0.1, 'weight_decay': 0.0001}
2025-06-17 22:38:47,377 - INFO - --- Fold 1/5 ---
2025-06-17 22:39:52,465 - INFO - [Epoch 1/30] train_loss=0.24033 val_loss=0.11312
2025-06-17 22:41:00,612 - INFO - [Epoch 2/30] train_loss=0.19315 val_loss=0.11649
2025-06-17 22:42:09,032 - INFO - [Epoch 3/30] train_loss=0.15912 val_loss=0.15458
2025-06-17 22:43:15,847 - INFO - [Epoch 4/30] train_loss=0.13428 val_loss=0.13882
2025-06-17 22:44:18,681 - INFO - [Epoch 5/30] train_loss=0.17685 val_loss=0.11156
2025-06-17 22:45:21,439 - INFO - [Epoch 6/30] train_loss=0.13916 val_loss=0.11772
2025-06-17 22:46:24,292 - INFO - [Epoch 7/30] train_loss=0.13485 val_loss=0.12645
2025-06-17 22:47:29,052 - INFO - [Epoch 8/30] train_loss=0.15264 val_loss=0.13885
2025-06-17 22:48:34,562 - INFO - [Epoch 9/30] train_loss=0.13621 val_loss=0.15454
2025-06-17 22:49:40,639 - INFO - [Epoch 10/30] train_loss=0.14376 val_loss=0.14005
2025-06-17 22:50:46,555 - INFO - [Epoch 11/30] train_loss=0.13542 val_loss=0.10790
2025-06-17 22:51:52,515 - INFO - [Epoch 12/30] train_loss=0.15856 val_loss=0.15136
2025-06-17 22:52:57,913 - INFO - [Epoch 13/30] train_loss=0.12841 val_loss=0.14820
2025-06-17 22:54:04,397 - INFO - [Epoch 14/30] train_loss=0.12469 val_loss=0.16055
2025-06-17 22:55:11,326 - INFO - [Epoch 15/30] train_loss=0.12226 val_loss=0.14622
2025-06-17 22:56:17,423 - INFO - [Epoch 16/30] train_loss=0.17006 val_loss=0.11312
2025-06-17 22:57:20,444 - INFO - [Epoch 17/30] train_loss=0.16977 val_loss=0.10618
2025-06-17 22:58:23,438 - INFO - [Epoch 18/30] train_loss=0.19520 val_loss=0.10608
2025-06-17 22:59:28,064 - INFO - [Epoch 19/30] train_loss=0.17190 val_loss=0.11546
2025-06-17 23:00:36,117 - INFO - [Epoch 20/30] train_loss=0.14959 val_loss=0.13068
2025-06-17 23:01:43,824 - INFO - [Epoch 21/30] train_loss=0.16885 val_loss=0.14508
2025-06-17 23:02:51,174 - INFO - [Epoch 22/30] train_loss=0.17643 val_loss=0.13551
2025-06-17 23:03:58,328 - INFO - Early stop at epoch 23
2025-06-17 23:03:58,399 - INFO - Fold 1: MAE=37.28 RMSE=43.73 MAPE=9.02% on 900 pts
2025-06-17 23:04:00,045 - INFO - --- Fold 2/5 ---
2025-06-17 23:05:08,423 - INFO - [Epoch 1/30] train_loss=0.24155 val_loss=0.12161
2025-06-17 23:06:18,336 - INFO - [Epoch 2/30] train_loss=0.18096 val_loss=0.15606
2025-06-17 23:07:27,981 - INFO - [Epoch 3/30] train_loss=0.16460 val_loss=0.14782
2025-06-17 23:08:37,514 - INFO - [Epoch 4/30] train_loss=0.15441 val_loss=0.11062
2025-06-17 23:09:42,042 - INFO - [Epoch 5/30] train_loss=0.13279 val_loss=0.14405
2025-06-17 23:10:45,461 - INFO - [Epoch 6/30] train_loss=0.14784 val_loss=0.12434
2025-06-17 23:11:49,034 - INFO - [Epoch 7/30] train_loss=0.12358 val_loss=0.12828
2025-06-17 23:12:56,938 - INFO - [Epoch 8/30] train_loss=0.11647 val_loss=0.15925
2025-06-17 23:14:04,790 - INFO - [Epoch 9/30] train_loss=0.13022 val_loss=0.18963
2025-06-17 23:15:13,513 - INFO - Early stop at epoch 10
2025-06-17 23:15:13,570 - INFO - Fold 2: MAE=27.09 RMSE=32.23 MAPE=6.22% on 900 pts
2025-06-17 23:15:14,427 - INFO - --- Fold 3/5 ---
2025-06-17 23:16:22,168 - INFO - [Epoch 1/30] train_loss=0.25896 val_loss=0.13382
2025-06-17 23:17:32,845 - INFO - [Epoch 2/30] train_loss=0.20893 val_loss=0.12888
2025-06-17 23:18:43,490 - INFO - [Epoch 3/30] train_loss=0.17250 val_loss=0.13921
2025-06-17 23:19:53,108 - INFO - [Epoch 4/30] train_loss=0.16766 val_loss=0.14023
2025-06-17 23:21:03,166 - INFO - [Epoch 5/30] train_loss=0.15725 val_loss=0.19365
2025-06-17 23:22:08,717 - INFO - [Epoch 6/30] train_loss=0.13561 val_loss=0.16599
2025-06-17 23:23:12,757 - INFO - [Epoch 7/30] train_loss=0.20198 val_loss=0.13998
2025-06-17 23:24:16,622 - INFO - Early stop at epoch 8
2025-06-17 23:24:16,651 - INFO - Fold 3: MAE=17.21 RMSE=20.41 MAPE=4.08% on 900 pts
2025-06-17 23:24:17,293 - INFO - --- Fold 4/5 ---
2025-06-17 23:25:26,065 - INFO - [Epoch 1/30] train_loss=0.24867 val_loss=0.10647
2025-06-17 23:26:35,778 - INFO - [Epoch 2/30] train_loss=0.19044 val_loss=0.10966
2025-06-17 23:27:46,218 - INFO - [Epoch 3/30] train_loss=0.17563 val_loss=0.18191
2025-06-17 23:28:57,243 - INFO - [Epoch 4/30] train_loss=0.15045 val_loss=0.15928
2025-06-17 23:30:10,433 - INFO - [Epoch 5/30] train_loss=0.15839 val_loss=0.14695
2025-06-17 23:31:22,238 - INFO - [Epoch 6/30] train_loss=0.15769 val_loss=0.21855
2025-06-17 23:32:32,464 - INFO - Early stop at epoch 7
2025-06-17 23:32:32,506 - INFO - Fold 4: MAE=46.31 RMSE=49.95 MAPE=11.61% on 900 pts
2025-06-17 23:32:33,263 - INFO - --- Fold 5/5 ---
2025-06-17 23:33:43,264 - INFO - [Epoch 1/30] train_loss=0.25795 val_loss=0.12007
2025-06-17 23:34:50,523 - INFO - [Epoch 2/30] train_loss=0.19504 val_loss=0.10935
2025-06-17 23:35:55,779 - INFO - [Epoch 3/30] train_loss=0.18074 val_loss=0.14703
2025-06-17 23:37:01,312 - INFO - [Epoch 4/30] train_loss=0.16495 val_loss=0.12037
2025-06-17 23:38:12,486 - INFO - [Epoch 5/30] train_loss=0.14371 val_loss=0.15992
2025-06-17 23:39:22,583 - INFO - [Epoch 6/30] train_loss=0.17683 val_loss=0.12448
2025-06-17 23:40:33,093 - INFO - [Epoch 7/30] train_loss=0.16955 val_loss=0.16302
2025-06-17 23:41:43,676 - INFO - Early stop at epoch 8
2025-06-17 23:41:43,709 - INFO - Fold 5: MAE=40.25 RMSE=50.04 MAPE=10.46% on 900 pts
2025-06-17 23:41:44,424 - INFO - ===== mean over 5 folds: MAE=33.63 RMSE=39.27 MAPE=8.28% =====
