2025-06-18 16:38:06,119 - INFO -        common_cad_avg1h
count      90757.000000
mean         423.524946
std          138.010021
min          273.657007
25%          334.943368
50%          400.366144
75%          462.853268
max         1591.184778
2025-06-18 16:38:06,129 - INFO - Размер полного датасета: 90757
2025-06-18 16:38:06,130 - INFO - Размер для обучения и CV: 72605
2025-06-18 16:38:06,131 - INFO - Размер для валидации: 17244
2025-06-18 16:38:06,131 - INFO - Размер для hold-out теста: 908
2025-06-18 16:38:06,212 - INFO - Запускаю кросс-валидацию на 5 фолдах...
2025-06-18 16:38:06,220 - INFO - 
--- Фолд 1/5 ---
2025-06-18 16:38:06,221 - INFO - Размер train фолда 1: 85349
2025-06-18 16:38:06,222 - INFO - Размер val фолда 1: 900
2025-06-18 16:38:06,222 - INFO - Период фолда 1: 2024-11-25 18:01:00 - 2024-12-10 13:38:00
2025-06-18 16:38:06,222 - INFO - Начинаю обучение на фолде...
2025-06-18 16:49:54,486 - INFO -        common_cad_avg1h
count      90757.000000
mean         423.524946
std          138.010021
min          273.657007
25%          334.943368
50%          400.366144
75%          462.853268
max         1591.184778
2025-06-18 16:49:54,494 - INFO - Размер полного датасета: 90757
2025-06-18 16:49:54,494 - INFO - Размер для обучения и CV: 72605
2025-06-18 16:49:54,495 - INFO - Размер для валидации: 17244
2025-06-18 16:49:54,496 - INFO - Размер для hold-out теста: 908
2025-06-18 16:49:54,568 - INFO - Запускаю кросс-валидацию на 5 фолдах...
2025-06-18 16:49:54,587 - INFO - 
--- Фолд 1/5 ---
2025-06-18 16:49:54,593 - INFO - Размер train фолда 1: 85349
2025-06-18 16:49:54,596 - INFO - Размер val фолда 1: 900
2025-06-18 16:49:54,599 - INFO - Период фолда 1: 2024-11-25 18:01:00 - 2024-12-10 13:38:00
2025-06-18 16:49:54,602 - INFO - Начинаю обучение на фолде...
2025-06-18 16:54:21,249 - INFO - Обучение на фолде завершено.
2025-06-18 16:55:21,482 - INFO - Метрики на фолде 1: MAE=27.9, RMSE=38.9, MAPE=7.12%
2025-06-18 16:55:21,855 - INFO - 
--- Фолд 2/5 ---
2025-06-18 16:55:21,864 - INFO - Размер train фолда 2: 86249
2025-06-18 16:55:21,865 - INFO - Размер val фолда 2: 900
2025-06-18 16:55:21,865 - INFO - Период фолда 2: 2024-11-25 18:01:00 - 2024-12-10 17:23:00
2025-06-18 16:55:21,878 - INFO - Начинаю обучение на фолде...
2025-06-18 17:01:10,039 - INFO - Обучение на фолде завершено.
2025-06-18 17:02:12,299 - INFO - Метрики на фолде 2: MAE=18.1, RMSE=23.8, MAPE=4.38%
2025-06-18 17:02:12,567 - INFO - 
--- Фолд 3/5 ---
2025-06-18 17:02:12,576 - INFO - Размер train фолда 3: 87149
2025-06-18 17:02:12,577 - INFO - Размер val фолда 3: 900
2025-06-18 17:02:12,577 - INFO - Период фолда 3: 2024-11-25 18:01:00 - 2024-12-10 21:08:00
2025-06-18 17:02:12,589 - INFO - Начинаю обучение на фолде...
2025-06-18 17:06:11,390 - INFO - Обучение на фолде завершено.
2025-06-18 17:07:12,488 - INFO - Метрики на фолде 3: MAE=24.3, RMSE=28.7, MAPE=5.83%
2025-06-18 17:07:12,748 - INFO - 
--- Фолд 4/5 ---
2025-06-18 17:07:12,750 - INFO - Размер train фолда 4: 88049
2025-06-18 17:07:12,751 - INFO - Размер val фолда 4: 900
2025-06-18 17:07:12,751 - INFO - Период фолда 4: 2024-11-25 18:01:00 - 2024-12-11 00:53:00
2025-06-18 17:07:12,759 - INFO - Начинаю обучение на фолде...
2025-06-18 17:11:18,409 - INFO - Обучение на фолде завершено.
2025-06-18 17:12:19,570 - INFO - Метрики на фолде 4: MAE=19.0, RMSE=22.0, MAPE=4.65%
2025-06-18 17:12:19,819 - INFO - 
--- Фолд 5/5 ---
2025-06-18 17:12:19,822 - INFO - Размер train фолда 5: 88949
2025-06-18 17:12:19,822 - INFO - Размер val фолда 5: 900
2025-06-18 17:12:19,822 - INFO - Период фолда 5: 2024-11-25 18:01:00 - 2024-12-11 04:38:00
2025-06-18 17:12:19,839 - INFO - Начинаю обучение на фолде...
2025-06-18 17:16:37,307 - INFO - Обучение на фолде завершено.
2025-06-18 17:17:44,790 - INFO - Метрики на фолде 5: MAE=88.7, RMSE=105.7, MAPE=19.89%
2025-06-18 17:17:45,071 - INFO - 
--- Результаты кросс-валидации (средние) ---
2025-06-18 17:17:45,071 - INFO - CV Avg • MAE=35.6  RMSE=43.8  MAPE=8.37%
2025-06-18 17:17:45,072 - INFO - 
Начинаю обучение финальной модели на всех данных train+val...
2025-06-18 17:22:08,763 - INFO - Финальная модель успешно обучена!
2025-06-18 17:22:08,789 - INFO - Параметры модели: {'loss_function': 'RMSE', 'boosting_type': 'Plain', 'l2_leaf_reg': 40, 'depth': 15, 'learning_rate': 0.015, 'iterations': 500, 'rsm': 0.75, 'random_seed': 42, 'early_stopping_rounds': 300, 'verbose': False}
2025-06-18 17:22:10,703 - INFO - 
Делаю прогноз на hold-out сете...
2025-06-18 17:23:17,243 - INFO - Прогноз готов!
2025-06-18 17:23:17,275 - INFO - Длина прогноза: 908, Длина реальных данных: 908
2025-06-18 17:23:17,286 - INFO - Blind ~4h test • MAE=44.4  RMSE=52.0  MAPE=12.01%  on 908 valid points
2025-06-18 17:23:17,876 - INFO - 
*** Hold-out metrics ***
2025-06-18 17:23:17,877 - INFO -           value
MAE   44.427706
RMSE  52.006900
MAPE  12.006981
2025-06-18 17:23:17,884 - INFO - 
MAE by day:
2025-06-18 17:23:17,884 - INFO -         index        MAE
0  2024-12-11  44.427706
2025-06-18 17:23:19,254 - INFO -                    feature  importance
0            f_resid_lag_2   23.790246
1      f_resid_roll_mean_4   20.448849
2            f_resid_lag_1   19.186225
3            f_resid_lag_4   17.855664
4     f_resid_roll_mean_96    6.555076
5    f_resid_roll_mean_192    1.036668
6   f_resid_roll_mean_4320    1.035880
7   f_resid_roll_mean_8640    0.999176
8   f_resid_roll_mean_5760    0.917445
9    f_resid_roll_std_8640    0.848165
10    f_resid_roll_std_192    0.780566
11   f_resid_roll_std_4320    0.776949
12   f_resid_roll_std_5760    0.699350
13          f_resid_lag_96    0.659896
14        f_resid_lag_5760    0.653861
15   f_resid_roll_std_2880    0.633361
16     f_resid_roll_std_96    0.514223
17                time_idx    0.492063
18  f_resid_roll_mean_2880    0.484368
19   f_resid_roll_std_1920    0.419885
