[2025-06-18 18:43:04] INFO: Загрузка и подготовка данных...
[2025-06-18 18:43:04] INFO: Данные загружены. Размер: (90757, 3). Период: 2024-11-25 18:01:00 – 2024-12-11 12:10:00
[2025-06-18 18:43:04] INFO: Данные для CV (train+val): 90757 точек
[2025-06-18 18:43:04] INFO: Hold-out для финального теста: 908 точек
[2025-06-18 18:43:04] INFO: Запускаю кросс-валидацию на 5 фолдах...
[2025-06-18 18:43:04] INFO: --- Фолд 1/5 ---
[2025-06-18 18:43:04] INFO: Начинаю обучение на фолде...
[2025-06-18 18:43:05] INFO: Обучение на фолде завершено.
[2025-06-18 18:43:05] INFO: Метрики на фолде 1: MAE=10.8, RMSE=12.9, MAPE=2.44%
[2025-06-18 18:43:05] INFO: --- Фолд 2/5 ---
[2025-06-18 18:43:05] INFO: Начинаю обучение на фолде...
[2025-06-18 18:43:06] INFO: Обучение на фолде завершено.
[2025-06-18 18:43:06] INFO: Метрики на фолде 2: MAE=7.1, RMSE=8.8, MAPE=1.69%
[2025-06-18 18:43:06] INFO: --- Фолд 3/5 ---
[2025-06-18 18:43:06] INFO: Начинаю обучение на фолде...
[2025-06-18 18:43:07] INFO: Обучение на фолде завершено.
[2025-06-18 18:43:07] INFO: Метрики на фолде 3: MAE=6.2, RMSE=7.4, MAPE=1.53%
[2025-06-18 18:43:07] INFO: --- Фолд 4/5 ---
[2025-06-18 18:43:07] INFO: Начинаю обучение на фолде...
[2025-06-18 18:43:08] INFO: Обучение на фолде завершено.
[2025-06-18 18:43:08] INFO: Метрики на фолде 4: MAE=18.0, RMSE=19.2, MAPE=4.28%
[2025-06-18 18:43:08] INFO: --- Фолд 5/5 ---
[2025-06-18 18:43:08] INFO: Начинаю обучение на фолде...
[2025-06-18 18:43:09] INFO: Обучение на фолде завершено.
[2025-06-18 18:43:09] INFO: Метрики на фолде 5: MAE=12.6, RMSE=15.7, MAPE=3.57%
[2025-06-18 18:43:09] INFO: 
--- Результаты кросс-валидации (средние) ---
[2025-06-18 18:43:09] INFO: CV Avg • MAE=11.0  RMSE=12.8  MAPE=2.70%
