2025-06-19 00:57:09,329 - INFO - root - --- Параметры запуска ---
2025-06-19 00:57:09,329 - INFO - root - start_date: 2024-11-25 18:00:00
2025-06-19 00:57:09,329 - INFO - root - end_date: 2024-12-11 12:10:00
2025-06-19 00:57:09,329 - INFO - root - use_cache: True
2025-06-19 00:57:09,329 - INFO - root - cache_filename: common_cad_avg1h_20241125_20241211.parquet
2025-06-19 00:57:09,329 - INFO - root - target_col: common_cad_avg1h
2025-06-19 00:57:09,329 - INFO - root - history_minutes: 180
2025-06-19 00:57:09,329 - INFO - root - n_splits: 5
2025-06-19 00:57:09,329 - INFO - root - test_size: 900
2025-06-19 00:57:09,329 - INFO - root - order: (1, 1, 0)
2025-06-19 00:57:09,329 - INFO - root - seasonal_order: (1, 1, 0, 24)
2025-06-19 00:57:09,329 - INFO - root - --------------------------
2025-06-19 00:57:09,329 - INFO - root - Загрузка и очистка данных...
2025-06-19 00:57:09,368 - INFO - root - Запускаю кросс-валидацию с 5 фолдами...
2025-06-19 00:57:09,369 - INFO - root - ==== ФОЛД 1/5 ====
2025-06-19 00:57:09,371 - INFO - root - Размер обучающей выборки: 86257, тестовой: 900
2025-06-19 00:57:09,371 - INFO - root - Обучение модели SARIMA... Это может занять время.
2025-06-19 00:57:54,179 - INFO - root - Модель обучена.
2025-06-19 00:57:54,180 - INFO - root - Получение прогноза...
2025-06-19 00:57:54,281 - INFO - root - Метрики на фолде 1: {'MAE': 38.37447992144531, 'RMSE': np.float64(55.99480620558828), 'MAPE': 8.524162843180344}
2025-06-19 00:57:54,281 - INFO - root - Сохранение графика прогноза для фолда...
2025-06-19 00:57:54,550 - INFO - root - ==== ФОЛД 2/5 ====
2025-06-19 00:57:54,553 - INFO - root - Размер обучающей выборки: 87157, тестовой: 900
2025-06-19 00:57:54,553 - INFO - root - Обучение модели SARIMA... Это может занять время.
2025-06-19 00:59:29,732 - INFO - root - Модель обучена.
2025-06-19 00:59:29,733 - INFO - root - Получение прогноза...
2025-06-19 00:59:29,809 - INFO - root - Метрики на фолде 2: {'MAE': 249.34816192220114, 'RMSE': np.float64(301.7549975702446), 'MAPE': 59.77815572674202}
2025-06-19 00:59:29,809 - INFO - root - Сохранение графика прогноза для фолда...
2025-06-19 00:59:30,024 - INFO - root - ==== ФОЛД 3/5 ====
2025-06-19 00:59:30,028 - INFO - root - Размер обучающей выборки: 88057, тестовой: 900
2025-06-19 00:59:30,028 - INFO - root - Обучение модели SARIMA... Это может занять время.
2025-06-19 01:00:19,140 - INFO - root - Модель обучена.
2025-06-19 01:00:19,141 - INFO - root - Получение прогноза...
2025-06-19 01:00:19,218 - INFO - root - Метрики на фолде 3: {'MAE': 138.07799442503594, 'RMSE': np.float64(159.2471454229536), 'MAPE': 33.651719537709724}
2025-06-19 01:00:19,218 - INFO - root - Сохранение графика прогноза для фолда...
2025-06-19 01:00:19,423 - INFO - root - ==== ФОЛД 4/5 ====
2025-06-19 01:00:19,425 - INFO - root - Размер обучающей выборки: 88957, тестовой: 900
2025-06-19 01:00:19,425 - INFO - root - Обучение модели SARIMA... Это может занять время.
2025-06-19 01:01:21,002 - INFO - root - Модель обучена.
2025-06-19 01:01:21,003 - INFO - root - Получение прогноза...
2025-06-19 01:01:21,075 - INFO - root - Метрики на фолде 4: {'MAE': 54.88247424699772, 'RMSE': np.float64(64.72407748106893), 'MAPE': 12.341969937229846}
2025-06-19 01:01:21,075 - INFO - root - Сохранение графика прогноза для фолда...
2025-06-19 01:01:21,280 - INFO - root - ==== ФОЛД 5/5 ====
2025-06-19 01:01:21,282 - INFO - root - Размер обучающей выборки: 89857, тестовой: 900
2025-06-19 01:01:21,282 - INFO - root - Обучение модели SARIMA... Это может занять время.
2025-06-19 01:02:10,377 - INFO - root - Модель обучена.
2025-06-19 01:02:10,377 - INFO - root - Получение прогноза...
2025-06-19 01:02:10,444 - INFO - root - Метрики на фолде 5: {'MAE': 71.65225043609817, 'RMSE': np.float64(77.15891403639924), 'MAPE': 19.505232515347736}
2025-06-19 01:02:10,444 - INFO - root - Сохранение графика прогноза для фолда...
2025-06-19 01:02:10,655 - INFO - root - ==== ИТОГОВЫЕ МЕТРИКИ (среднее по фолдам) ====
2025-06-19 01:02:10,655 - INFO - root - {'MAE': np.float64(110.46707219035565), 'RMSE': np.float64(131.7759881432509), 'MAPE': np.float64(26.760248112041932)}
2025-06-19 01:02:10,655 - INFO - root - Скрипт завершен. Графики и лог сохранены в plots/sarima_order_1_1_0_seasonal_1_1_0_24_20250619_005709
