2025-06-19 00:39:58,341 - INFO - root - Загрузка и очистка данных...
2025-06-19 00:39:58,378 - INFO - root - Запускаю кросс-валидацию с 2 фолдами...
2025-06-19 00:39:58,378 - INFO - root - ==== ФОЛД 1/2 ====
2025-06-19 00:39:58,381 - INFO - root - Размер обучающей выборки: 90557, тестовой: 100
2025-06-19 00:39:58,381 - INFO - root - Обучение модели SARIMA... Это может занять время.
2025-06-19 00:39:59,113 - INFO - root - Модель обучена.
2025-06-19 00:39:59,114 - INFO - root - Получение прогноза...
2025-06-19 00:39:59,125 - INFO - root - Метрики на фолде 1: {'MAE': 0.6165488263742946, 'RMSE': np.float64(0.626621115008721), 'MAPE': 0.18114086483583564}
2025-06-19 00:39:59,125 - INFO - root - Сохранение графика прогноза для фолда...
2025-06-19 00:39:59,342 - INFO - root - ==== ФОЛД 2/2 ====
2025-06-19 00:39:59,344 - INFO - root - Размер обучающей выборки: 90657, тестовой: 100
2025-06-19 00:39:59,344 - INFO - root - Обучение модели SARIMA... Это может занять время.
2025-06-19 00:40:00,060 - INFO - root - Модель обучена.
2025-06-19 00:40:00,060 - INFO - root - Получение прогноза...
2025-06-19 00:40:00,070 - INFO - root - Метрики на фолде 2: {'MAE': 0.0, 'RMSE': np.float64(0.0), 'MAPE': 0.0}
2025-06-19 00:40:00,070 - INFO - root - Сохранение графика прогноза для фолда...
2025-06-19 00:40:00,262 - INFO - root - ==== ИТОГОВЫЕ МЕТРИКИ (среднее по фолдам) ====
2025-06-19 00:40:00,262 - INFO - root - {'MAE': np.float64(0.3082744131871473), 'RMSE': np.float64(0.3133105575043605), 'MAPE': np.float64(0.09057043241791782)}
2025-06-19 00:40:00,262 - INFO - root - Скрипт завершен. Графики сохранены в plots/sarima_cv_20250619_003958
2025-06-19 00:41:07,981 - INFO - root - Загрузка и очистка данных...
2025-06-19 00:41:08,018 - INFO - root - Запускаю кросс-валидацию с 2 фолдами...
2025-06-19 00:41:08,018 - INFO - root - ==== ФОЛД 1/2 ====
2025-06-19 00:41:08,020 - INFO - root - Размер обучающей выборки: 90557, тестовой: 100
2025-06-19 00:41:08,020 - INFO - root - Обучение модели SARIMA... Это может занять время.
2025-06-19 00:41:08,727 - INFO - root - Модель обучена.
2025-06-19 00:41:08,727 - INFO - root - Получение прогноза...
2025-06-19 00:41:08,738 - INFO - root - Метрики на фолде 1: {'MAE': 0.6165488263742946, 'RMSE': np.float64(0.626621115008721), 'MAPE': 0.18114086483583564}
2025-06-19 00:41:08,738 - INFO - root - Сохранение графика прогноза для фолда...
2025-06-19 00:41:08,956 - INFO - root - ==== ФОЛД 2/2 ====
2025-06-19 00:41:08,959 - INFO - root - Размер обучающей выборки: 90657, тестовой: 100
2025-06-19 00:41:08,959 - INFO - root - Обучение модели SARIMA... Это может занять время.
2025-06-19 00:41:09,663 - INFO - root - Модель обучена.
2025-06-19 00:41:09,663 - INFO - root - Получение прогноза...
2025-06-19 00:41:09,674 - INFO - root - Метрики на фолде 2: {'MAE': 0.0, 'RMSE': np.float64(0.0), 'MAPE': 0.0}
2025-06-19 00:41:09,674 - INFO - root - Сохранение графика прогноза для фолда...
2025-06-19 00:41:09,865 - INFO - root - ==== ИТОГОВЫЕ МЕТРИКИ (среднее по фолдам) ====
2025-06-19 00:41:09,865 - INFO - root - {'MAE': np.float64(0.3082744131871473), 'RMSE': np.float64(0.3133105575043605), 'MAPE': np.float64(0.09057043241791782)}
2025-06-19 00:41:09,865 - INFO - root - Скрипт завершен. Графики сохранены в plots/sarima_cv_20250619_004108




2025-06-19 00:42:31,593 - INFO - root - Загрузка и очистка данных...
2025-06-19 00:42:31,632 - INFO - root - Запускаю кросс-валидацию с 5 фолдами...
2025-06-19 00:42:31,633 - INFO - root - ==== ФОЛД 1/5 ====
2025-06-19 00:42:31,634 - INFO - root - Размер обучающей выборки: 86257, тестовой: 900
2025-06-19 00:42:31,635 - INFO - root - Обучение модели SARIMA... Это может занять время.
2025-06-19 00:42:44,270 - INFO - root - Модель обучена.
2025-06-19 00:42:44,270 - INFO - root - Получение прогноза...
2025-06-19 00:42:44,306 - INFO - root - Метрики на фолде 1: {'MAE': 25.761908880525905, 'RMSE': np.float64(32.9697316699383), 'MAPE': 6.262415032779837}
2025-06-19 00:42:44,307 - INFO - root - Сохранение графика прогноза для фолда...
2025-06-19 00:42:44,515 - INFO - root - ==== ФОЛД 2/5 ====
2025-06-19 00:42:44,517 - INFO - root - Размер обучающей выборки: 87157, тестовой: 900
2025-06-19 00:42:44,517 - INFO - root - Обучение модели SARIMA... Это может занять время.
2025-06-19 00:42:57,459 - INFO - root - Модель обучена.
2025-06-19 00:42:57,459 - INFO - root - Получение прогноза...
2025-06-19 00:42:57,488 - INFO - root - Метрики на фолде 2: {'MAE': 30.860915875153005, 'RMSE': np.float64(36.71598648622329), 'MAPE': 7.766478173231434}
2025-06-19 00:42:57,489 - INFO - root - Сохранение графика прогноза для фолда...
2025-06-19 00:42:57,699 - INFO - root - ==== ФОЛД 3/5 ====
2025-06-19 00:42:57,701 - INFO - root - Размер обучающей выборки: 88057, тестовой: 900
2025-06-19 00:42:57,701 - INFO - root - Обучение модели SARIMA... Это может занять время.
2025-06-19 00:43:10,447 - INFO - root - Модель обучена.
2025-06-19 00:43:10,448 - INFO - root - Получение прогноза...
2025-06-19 00:43:10,482 - INFO - root - Метрики на фолде 3: {'MAE': 19.33723462180875, 'RMSE': np.float64(23.5295534565593), 'MAPE': 4.64073475872574}
2025-06-19 00:43:10,482 - INFO - root - Сохранение графика прогноза для фолда...
2025-06-19 00:43:10,678 - INFO - root - ==== ФОЛД 4/5 ====
2025-06-19 00:43:10,680 - INFO - root - Размер обучающей выборки: 88957, тестовой: 900
2025-06-19 00:43:10,680 - INFO - root - Обучение модели SARIMA... Это может занять время.
2025-06-19 00:43:23,326 - INFO - root - Модель обучена.
2025-06-19 00:43:23,326 - INFO - root - Получение прогноза...
2025-06-19 00:43:23,355 - INFO - root - Метрики на фолде 4: {'MAE': 55.155342973000664, 'RMSE': np.float64(64.95885519946589), 'MAPE': 12.407794223780542}
2025-06-19 00:43:23,355 - INFO - root - Сохранение графика прогноза для фолда...
2025-06-19 00:43:23,553 - INFO - root - ==== ФОЛД 5/5 ====
2025-06-19 00:43:23,554 - INFO - root - Размер обучающей выборки: 89857, тестовой: 900
2025-06-19 00:43:23,554 - INFO - root - Обучение модели SARIMA... Это может занять время.
2025-06-19 00:43:36,243 - INFO - root - Модель обучена.
2025-06-19 00:43:36,243 - INFO - root - Получение прогноза...
2025-06-19 00:43:36,278 - INFO - root - Метрики на фолде 5: {'MAE': 90.89805246540112, 'RMSE': np.float64(99.30340144496952), 'MAPE': 24.864675659138342}
2025-06-19 00:43:36,278 - INFO - root - Сохранение графика прогноза для фолда...
2025-06-19 00:43:36,486 - INFO - root - ==== ИТОГОВЫЕ МЕТРИКИ (среднее по фолдам) ====
2025-06-19 00:43:36,486 - INFO - root - {'MAE': np.float64(44.40269096317789), 'RMSE': np.float64(51.495505651431266), 'MAPE': np.float64(11.18841956953118)}
2025-06-19 00:43:36,486 - INFO - root - Скрипт завершен. Графики сохранены в plots/sarima_cv_20250619_004231
