2025-06-17 23:41:44,427 - INFO - ========== Experiment 2/10 — lstm_multivar_hs128_do0.2_wd0.0001_20250617_234144 ==========
2025-06-17 23:41:44,428 - INFO - Parameter set: {'hidden_size': 128, 'dropout': 0.2, 'weight_decay': 0.0001}
2025-06-17 23:41:44,428 - INFO - --- Fold 1/5 ---
2025-06-17 23:43:28,768 - INFO - [Epoch 1/30] train_loss=0.25761 val_loss=0.11160
2025-06-17 23:45:14,099 - INFO - [Epoch 2/30] train_loss=0.20385 val_loss=0.11982
2025-06-17 23:46:58,877 - INFO - [Epoch 3/30] train_loss=0.17710 val_loss=0.10850
2025-06-17 23:48:38,873 - INFO - [Epoch 4/30] train_loss=0.18038 val_loss=0.10754
2025-06-17 23:50:19,888 - INFO - [Epoch 5/30] train_loss=0.15680 val_loss=0.12522
2025-06-17 23:52:04,781 - INFO - [Epoch 6/30] train_loss=0.18046 val_loss=0.11613
2025-06-17 23:53:49,989 - INFO - [Epoch 7/30] train_loss=0.17083 val_loss=0.12618
2025-06-17 23:55:36,037 - INFO - [Epoch 8/30] train_loss=0.15042 val_loss=0.11033
2025-06-17 23:57:20,755 - INFO - [Epoch 9/30] train_loss=0.14026 val_loss=0.10704
2025-06-17 23:59:06,078 - INFO - [Epoch 10/30] train_loss=0.15670 val_loss=0.15427
2025-06-18 00:00:47,841 - INFO - [Epoch 11/30] train_loss=0.16836 val_loss=0.15617
2025-06-18 00:02:28,020 - INFO - [Epoch 12/30] train_loss=0.16797 val_loss=0.10887
2025-06-18 00:04:12,585 - INFO - [Epoch 13/30] train_loss=0.19122 val_loss=0.11307
2025-06-18 00:05:56,591 - INFO - [Epoch 14/30] train_loss=0.15609 val_loss=0.12187
2025-06-18 00:07:41,099 - INFO - Early stop at epoch 15
2025-06-18 00:07:41,149 - INFO - Fold 1: MAE=16.96 RMSE=20.18 MAPE=4.02% on 900 pts
2025-06-18 00:07:41,987 - INFO - --- Fold 2/5 ---
2025-06-18 00:09:25,610 - INFO - [Epoch 1/30] train_loss=0.25656 val_loss=0.11543
2025-06-18 00:11:10,202 - INFO - [Epoch 2/30] train_loss=0.20966 val_loss=0.12190
2025-06-18 00:12:55,676 - INFO - [Epoch 3/30] train_loss=0.21759 val_loss=0.17137
2025-06-18 00:14:36,679 - INFO - [Epoch 4/30] train_loss=0.21889 val_loss=0.15749
2025-06-18 00:16:18,525 - INFO - [Epoch 5/30] train_loss=0.19862 val_loss=0.09965
2025-06-18 00:18:04,772 - INFO - [Epoch 6/30] train_loss=0.19926 val_loss=0.12327
2025-06-18 00:19:50,541 - INFO - [Epoch 7/30] train_loss=0.17734 val_loss=0.12852
2025-06-18 00:21:37,108 - INFO - [Epoch 8/30] train_loss=0.16269 val_loss=0.13321
2025-06-18 00:23:22,648 - INFO - [Epoch 9/30] train_loss=0.16913 val_loss=0.10164
2025-06-18 00:25:08,704 - INFO - [Epoch 10/30] train_loss=0.14814 val_loss=0.13655
2025-06-18 00:26:52,699 - INFO - Early stop at epoch 11
2025-06-18 00:26:52,753 - INFO - Fold 2: MAE=24.87 RMSE=28.23 MAPE=5.98% on 900 pts
2025-06-18 00:26:53,465 - INFO - --- Fold 3/5 ---
2025-06-18 00:28:34,019 - INFO - [Epoch 1/30] train_loss=0.24507 val_loss=0.09477
2025-06-18 00:30:18,396 - INFO - [Epoch 2/30] train_loss=0.32972 val_loss=0.11594
2025-06-18 00:32:04,219 - INFO - [Epoch 3/30] train_loss=0.25717 val_loss=0.13953
2025-06-18 00:33:50,107 - INFO - [Epoch 4/30] train_loss=0.26927 val_loss=0.21773
2025-06-18 00:35:36,047 - INFO - [Epoch 5/30] train_loss=0.23457 val_loss=0.12008
2025-06-18 00:37:21,461 - INFO - [Epoch 6/30] train_loss=0.20526 val_loss=0.12104
2025-06-18 00:39:06,869 - INFO - Early stop at epoch 7
2025-06-18 00:39:06,916 - INFO - Fold 3: MAE=17.30 RMSE=20.18 MAPE=4.21% on 900 pts
2025-06-18 00:39:07,577 - INFO - --- Fold 4/5 ---
2025-06-18 00:40:50,030 - INFO - [Epoch 1/30] train_loss=0.25052 val_loss=0.12632
2025-06-18 00:42:32,459 - INFO - [Epoch 2/30] train_loss=0.20629 val_loss=0.11682
2025-06-18 00:44:18,504 - INFO - [Epoch 3/30] train_loss=0.17504 val_loss=0.14830
2025-06-18 00:46:04,914 - INFO - [Epoch 4/30] train_loss=0.18087 val_loss=0.12819
2025-06-18 00:47:51,253 - INFO - [Epoch 5/30] train_loss=0.18162 val_loss=0.13183
2025-06-18 00:49:37,898 - INFO - [Epoch 6/30] train_loss=0.17180 val_loss=0.14669
2025-06-18 00:51:24,710 - INFO - [Epoch 7/30] train_loss=0.16038 val_loss=0.13976
2025-06-18 00:53:10,865 - INFO - Early stop at epoch 8
2025-06-18 00:53:10,908 - INFO - Fold 4: MAE=46.65 RMSE=50.43 MAPE=11.56% on 900 pts
2025-06-18 00:53:11,412 - INFO - --- Fold 5/5 ---
2025-06-18 00:54:53,950 - INFO - [Epoch 1/30] train_loss=0.25777 val_loss=0.10583
2025-06-18 00:56:39,096 - INFO - [Epoch 2/30] train_loss=0.21891 val_loss=0.11910
2025-06-18 00:58:26,934 - INFO - [Epoch 3/30] train_loss=0.20885 val_loss=0.14681
2025-06-18 01:00:14,795 - INFO - [Epoch 4/30] train_loss=0.18480 val_loss=0.13819
2025-06-18 01:02:02,184 - INFO - [Epoch 5/30] train_loss=0.19438 val_loss=0.21258
2025-06-18 01:03:49,107 - INFO - [Epoch 6/30] train_loss=0.17561 val_loss=0.10893
2025-06-18 01:05:37,028 - INFO - Early stop at epoch 7
2025-06-18 01:05:37,074 - INFO - Fold 5: MAE=30.97 RMSE=38.89 MAPE=7.91% on 900 pts
2025-06-18 01:05:37,814 - INFO - ===== mean over 5 folds: MAE=27.35 RMSE=31.58 MAPE=6.74% =====
