2025-06-17 21:39:31,975 - INFO -                      common_cad_avg1h  db_insert_cad_avg1h  \
ts                                                           
2024-11-25 18:01:00        570.036987             3.053300   
2024-11-25 18:01:15        570.036987             3.053300   
2024-11-25 18:01:30        570.036987             3.013525   
2024-11-25 18:01:45        570.036987             3.013525   
2024-11-25 18:02:00        777.154144             3.013525   

                     kafka_network_cad_avg1h  counter_events_total  
ts                                                                  
2024-11-25 18:01:00                420.23265            10639901.0  
2024-11-25 18:01:15                420.23265            10639901.0  
2024-11-25 18:01:30                390.79950            10639901.0  
2024-11-25 18:01:45                390.79950            10639901.0  
2024-11-25 18:02:00                390.79950            10641497.0  
2025-06-17 21:39:31,997 - INFO - None
2025-06-17 21:39:32,015 - INFO -        common_cad_avg1h  db_insert_cad_avg1h  kafka_network_cad_avg1h  \
count      90543.000000         90543.000000             90543.000000   
mean         423.721359             5.509463               351.511847   
std          138.113803             2.734716                68.757625   
min          273.657007             2.735899               234.218368   
25%          334.750260             4.452122               298.045506   
50%          400.631922             5.066567               339.844292   
75%          463.068981             6.066735               395.050129   
max         1591.184778            57.561204               532.150671   

       counter_events_total  
count          9.054300e+04  
mean           1.279388e+07  
std            8.205752e+05  
min            1.063990e+07  
25%            1.218310e+07  
50%            1.243139e+07  
75%            1.371772e+07  
max            1.383237e+07  
2025-06-17 21:39:32,021 - INFO - common_cad_avg1h           0
db_insert_cad_avg1h        0
kafka_network_cad_avg1h    0
counter_events_total       0
dtype: int64
2025-06-17 21:39:32,081 - INFO - Длина df_train: 89643
2025-06-17 21:39:32,083 - INFO - Длина df_hold: 900
2025-06-17 21:42:02,814 - INFO -                      common_cad_avg1h  db_insert_cad_avg1h  \
ts                                                           
2024-11-25 18:01:00        570.036987             3.053300   
2024-11-25 18:01:15        570.036987             3.053300   
2024-11-25 18:01:30        570.036987             3.013525   
2024-11-25 18:01:45        570.036987             3.013525   
2024-11-25 18:02:00        777.154144             3.013525   

                     kafka_network_cad_avg1h  counter_events_total  
ts                                                                  
2024-11-25 18:01:00                420.23265            10639901.0  
2024-11-25 18:01:15                420.23265            10639901.0  
2024-11-25 18:01:30                390.79950            10639901.0  
2024-11-25 18:01:45                390.79950            10639901.0  
2024-11-25 18:02:00                390.79950            10641497.0  
2025-06-17 21:42:02,831 - INFO - None
2025-06-17 21:42:02,854 - INFO -        common_cad_avg1h  db_insert_cad_avg1h  kafka_network_cad_avg1h  \
count      90543.000000         90543.000000             90543.000000   
mean         423.721359             5.509463               351.511847   
std          138.113803             2.734716                68.757625   
min          273.657007             2.735899               234.218368   
25%          334.750260             4.452122               298.045506   
50%          400.631922             5.066567               339.844292   
75%          463.068981             6.066735               395.050129   
max         1591.184778            57.561204               532.150671   

       counter_events_total  
count          9.054300e+04  
mean           1.279388e+07  
std            8.205752e+05  
min            1.063990e+07  
25%            1.218310e+07  
50%            1.243139e+07  
75%            1.371772e+07  
max            1.383237e+07  
2025-06-17 21:42:02,860 - INFO - common_cad_avg1h           0
db_insert_cad_avg1h        0
kafka_network_cad_avg1h    0
counter_events_total       0
dtype: int64
2025-06-17 21:42:02,896 - INFO - Длина df_train: 89643
2025-06-17 21:42:02,898 - INFO - Длина df_hold: 900
