2025-06-16 19:21:24,607 - INFO -          common_cad
count  90437.000000
mean     423.157471
std      200.322570
min      205.757349
25%      314.537964
50%      389.539380
75%      483.270654
max     8093.401355
2025-06-16 19:21:31,474 - INFO - Размер полного датасета: 90437
2025-06-16 19:21:31,476 - INFO - Размер для обучения и CV: 72349
2025-06-16 19:21:31,477 - INFO - Размер для валидации: 17183
2025-06-16 19:21:31,478 - INFO - Размер для hold-out теста: 905
2025-06-16 19:21:32,291 - INFO - Запускаю кросс-валидацию на 2 фолдах...
2025-06-16 19:21:32,293 - INFO - 
--- Фолд 1/2 ---
2025-06-16 19:21:32,296 - INFO - Размер train фолда 1: 70549
2025-06-16 19:21:32,297 - INFO - Размер val фолда 1: 900
2025-06-16 19:21:32,298 - INFO - Период фолда 1: 2024-11-25 18:01:00 - 2024-12-07 23:58:00
2025-06-16 19:21:32,299 - INFO - Начинаю обучение на фолде...
2025-06-16 19:22:28,759 - INFO -          common_cad
count  90437.000000
mean     423.157471
std      200.322570
min      205.757349
25%      314.537964
50%      389.539380
75%      483.270654
max     8093.401355
2025-06-16 19:22:28,881 - INFO - Начинаю обучение модели...
2025-06-16 19:22:35,840 - INFO -          common_cad
count  90437.000000
mean     423.157471
std      200.322570
min      205.757349
25%      314.537964
50%      389.539380
75%      483.270654
max     8093.401355
2025-06-16 19:22:42,151 - INFO - Размер полного датасета: 90437
2025-06-16 19:22:42,154 - INFO - Размер для обучения и CV: 72349
2025-06-16 19:22:42,155 - INFO - Размер для валидации: 17183
2025-06-16 19:22:42,157 - INFO - Размер для hold-out теста: 905
2025-06-16 19:22:42,635 - INFO - Запускаю кросс-валидацию на 2 фолдах...
2025-06-16 19:22:42,639 - INFO - 
--- Фолд 1/2 ---
2025-06-16 19:25:16,348 - INFO -          common_cad
count  90437.000000
mean     423.157471
std      200.322570
min      205.757349
25%      314.537964
50%      389.539380
75%      483.270654
max     8093.401355
2025-06-16 19:25:19,363 - INFO - Размер полного датасета: 90437
2025-06-16 19:25:19,365 - INFO - Размер для обучения и CV: 72349
2025-06-16 19:25:19,367 - INFO - Размер для валидации: 17183
2025-06-16 19:25:19,367 - INFO - Размер для hold-out теста: 905
2025-06-16 19:25:19,994 - INFO - Запускаю кросс-валидацию на 2 фолдах...
2025-06-16 19:25:19,997 - INFO - 
--- Фолд 1/2 ---
2025-06-16 19:25:20,001 - INFO - Размер train фолда 1: 87732
2025-06-16 19:25:20,002 - INFO - Размер val фолда 1: 900
2025-06-16 19:25:20,003 - INFO - Период фолда 1: 2024-11-25 18:01:00 - 2024-12-10 23:33:45
2025-06-16 19:25:20,004 - INFO - Начинаю обучение на фолде...
2025-06-16 19:28:32,997 - INFO - Обучение на фолде завершено.
2025-06-16 19:30:00,644 - INFO - Метрики на фолде 1: MAE=65.1, RMSE=80.4, MAPE=16.76%
2025-06-16 19:30:01,800 - INFO - 
--- Фолд 2/2 ---
2025-06-16 19:30:01,805 - INFO - Размер train фолда 2: 88632
2025-06-16 19:30:01,805 - INFO - Размер val фолда 2: 900
2025-06-16 19:30:01,806 - INFO - Период фолда 2: 2024-11-25 18:01:00 - 2024-12-11 03:18:45
2025-06-16 19:30:01,823 - INFO - Начинаю обучение на фолде...
2025-06-16 19:30:58,077 - INFO - Обучение на фолде завершено.
2025-06-16 19:32:49,278 - INFO - Метрики на фолде 2: MAE=118.9, RMSE=156.3, MAPE=27.88%
2025-06-16 19:32:50,443 - INFO - 
--- Результаты кросс-валидации (средние) ---
2025-06-16 19:32:50,444 - INFO - CV Avg • MAE=92.0  RMSE=118.4  MAPE=22.32%
2025-06-16 19:32:50,445 - INFO - 
Начинаю обучение финальной модели на всех данных train+val...
2025-06-16 19:33:37,044 - INFO - Финальная модель успешно обучена!
2025-06-16 19:33:38,501 - INFO - 
Делаю прогноз на hold-out сете...
2025-06-16 19:36:31,885 - INFO - Прогноз готов!
2025-06-16 19:36:31,909 - INFO - Длина прогноза: 905, Длина реальных данных: 905
2025-06-16 19:36:32,034 - INFO - Blind ~4h test • MAE=209.9  RMSE=250.3  MAPE=56.32%  on 905 valid points
2025-06-16 19:36:34,647 - INFO - 
*** Hold-out metrics ***
2025-06-16 19:36:34,649 - INFO -            value
MAE   209.850338
RMSE  250.326149
MAPE   56.316516
2025-06-16 19:36:34,702 - INFO - 
MAE by day:
2025-06-16 19:36:34,703 - INFO -         index         MAE
0  2024-12-11  209.850338
2025-06-16 19:36:36,389 - INFO -                    feature  importance
0      f_resid_roll_mean_4   30.472108
1            f_resid_lag_1   18.656273
2       f_resid_roll_std_4   17.921168
3            f_resid_lag_4   14.755146
4            f_resid_lag_2    2.731981
5     f_resid_roll_mean_96    2.532364
6           f_resid_lag_96    1.149959
7    f_resid_roll_mean_192    1.133664
8          f_resid_lag_192    1.083119
9         f_resid_lag_5760    0.954528
10     f_resid_roll_std_96    0.941375
11  f_resid_roll_mean_8640    0.734542
12  f_resid_roll_mean_2880    0.719182
13  f_resid_roll_mean_4320    0.704800
14   f_resid_roll_std_1920    0.692351
15  f_resid_roll_mean_1920    0.661815
16  f_resid_roll_mean_5760    0.604622
17    f_resid_roll_std_192    0.603512
18   f_resid_roll_std_4320    0.494533
19   f_resid_roll_std_5760    0.464404
