2025-06-18 07:49:57,823 - INFO - ========== Experiment 4/10 — lstm_multivar_hs128_do0.3_wd0.0001_20250618_074957 ==========
2025-06-18 07:49:57,823 - INFO - Parameter set: {'hidden_size': 128, 'dropout': 0.3, 'weight_decay': 0.0001}
2025-06-18 07:49:57,824 - INFO - --- Fold 1/5 ---
2025-06-18 07:51:52,406 - INFO - [Epoch 1/30] train_loss=0.24691 val_loss=0.10926
2025-06-18 07:53:53,689 - INFO - [Epoch 2/30] train_loss=0.18333 val_loss=0.09860
2025-06-18 07:55:33,164 - INFO - [Epoch 3/30] train_loss=0.17938 val_loss=0.11019
2025-06-18 07:57:15,927 - INFO - [Epoch 4/30] train_loss=0.18915 val_loss=0.11056
2025-06-18 07:59:01,537 - INFO - [Epoch 5/30] train_loss=0.17174 val_loss=0.12629
2025-06-18 08:00:46,869 - INFO - [Epoch 6/30] train_loss=0.16884 val_loss=0.09914
2025-06-18 08:02:26,493 - INFO - [Epoch 7/30] train_loss=0.16477 val_loss=0.11631
2025-06-18 08:04:09,199 - INFO - Early stop at epoch 8
2025-06-18 08:04:09,247 - INFO - Fold 1: MAE=16.60 RMSE=22.24 MAPE=4.06% on 900 pts
2025-06-18 08:04:10,082 - INFO - --- Fold 2/5 ---
2025-06-18 08:05:56,029 - INFO - [Epoch 1/30] train_loss=0.25650 val_loss=0.12431
2025-06-18 08:07:46,782 - INFO - [Epoch 2/30] train_loss=0.20484 val_loss=0.12137
2025-06-18 08:09:26,664 - INFO - [Epoch 3/30] train_loss=0.21164 val_loss=0.14324
2025-06-18 08:11:20,144 - INFO - [Epoch 4/30] train_loss=0.19184 val_loss=0.12825
2025-06-18 08:13:17,257 - INFO - [Epoch 5/30] train_loss=0.15784 val_loss=0.14253
2025-06-18 08:15:10,586 - INFO - [Epoch 6/30] train_loss=0.19717 val_loss=0.11759
2025-06-18 08:16:49,972 - INFO - [Epoch 7/30] train_loss=0.20354 val_loss=0.11822
2025-06-18 08:18:34,531 - INFO - [Epoch 8/30] train_loss=0.18101 val_loss=0.12345
2025-06-18 08:20:19,116 - INFO - [Epoch 9/30] train_loss=0.18548 val_loss=0.14042
2025-06-18 08:22:01,287 - INFO - [Epoch 10/30] train_loss=0.24994 val_loss=0.13494
2025-06-18 08:23:42,997 - INFO - [Epoch 11/30] train_loss=0.21812 val_loss=0.13479
2025-06-18 08:25:36,502 - INFO - Early stop at epoch 12
2025-06-18 08:25:36,565 - INFO - Fold 2: MAE=24.07 RMSE=27.19 MAPE=5.73% on 900 pts
2025-06-18 08:25:37,536 - INFO - --- Fold 3/5 ---
2025-06-18 08:27:26,976 - INFO - [Epoch 1/30] train_loss=0.24579 val_loss=0.14152
2025-06-18 08:29:18,386 - INFO - [Epoch 2/30] train_loss=0.19506 val_loss=0.15418
2025-06-18 08:31:01,359 - INFO - [Epoch 3/30] train_loss=0.16878 val_loss=0.16499
2025-06-18 08:32:56,224 - INFO - [Epoch 4/30] train_loss=0.15649 val_loss=0.12958
2025-06-18 08:34:58,972 - INFO - [Epoch 5/30] train_loss=0.19076 val_loss=0.17032
2025-06-18 08:36:46,999 - INFO - [Epoch 6/30] train_loss=0.16416 val_loss=0.23189
2025-06-18 08:38:37,235 - INFO - [Epoch 7/30] train_loss=0.16765 val_loss=0.22124
2025-06-18 08:40:33,371 - INFO - [Epoch 8/30] train_loss=0.15653 val_loss=0.17919
2025-06-18 08:42:26,301 - INFO - [Epoch 9/30] train_loss=0.16643 val_loss=0.16702
2025-06-18 08:44:09,338 - INFO - Early stop at epoch 10
2025-06-18 08:44:09,378 - INFO - Fold 3: MAE=29.45 RMSE=35.07 MAPE=7.00% on 900 pts
2025-06-18 08:44:09,844 - INFO - --- Fold 4/5 ---
2025-06-18 08:46:01,596 - INFO - [Epoch 1/30] train_loss=0.26444 val_loss=0.12617
2025-06-18 08:47:52,577 - INFO - [Epoch 2/30] train_loss=0.22112 val_loss=0.13478
2025-06-18 08:49:48,517 - INFO - [Epoch 3/30] train_loss=0.25274 val_loss=0.10168
2025-06-18 08:51:30,607 - INFO - [Epoch 4/30] train_loss=0.25156 val_loss=0.12173
2025-06-18 08:53:27,165 - INFO - [Epoch 5/30] train_loss=0.22809 val_loss=0.12977
2025-06-18 08:55:20,434 - INFO - [Epoch 6/30] train_loss=0.20768 val_loss=0.11956
2025-06-18 08:57:12,990 - INFO - [Epoch 7/30] train_loss=0.19722 val_loss=0.10390
2025-06-18 08:58:55,068 - INFO - [Epoch 8/30] train_loss=0.20050 val_loss=0.10586
