2025-06-17 20:36:18,546 - INFO -        common_cad_avg1h
count      90757.000000
mean         423.524946
std          138.010021
min          273.657007
25%          334.943368
50%          400.366144
75%          462.853268
max         1591.184778
2025-06-17 20:36:18,559 - INFO - Размер полного датасета: 90757
2025-06-17 20:36:18,560 - INFO - Размер для обучения и CV: 72605
2025-06-17 20:36:18,561 - INFO - Размер для валидации: 17244
2025-06-17 20:36:18,561 - INFO - Размер для hold-out теста: 908
2025-06-17 20:36:18,581 - INFO - Запускаю кросс-валидацию на 5 фолдах...
2025-06-17 20:36:18,583 - INFO - 
--- Фолд 1/5 ---
2025-06-17 20:36:18,584 - INFO - Размер train фолда 1: 85349
2025-06-17 20:36:18,585 - INFO - Размер val фолда 1: 900
2025-06-17 20:36:18,585 - INFO - Период фолда 1: 2024-11-25 18:01:00 - 2024-12-10 13:38:00
2025-06-17 20:36:18,585 - INFO - Начинаю обучение на фолде...
2025-06-17 20:36:50,412 - INFO - Обучение на фолде завершено.
2025-06-17 20:37:49,438 - INFO - Метрики на фолде 1: MAE=130.5, RMSE=134.5, MAPE=30.66%
2025-06-17 20:37:49,727 - INFO - 
--- Фолд 2/5 ---
2025-06-17 20:37:49,731 - INFO - Размер train фолда 2: 86249
2025-06-17 20:37:49,731 - INFO - Размер val фолда 2: 900
2025-06-17 20:37:49,732 - INFO - Период фолда 2: 2024-11-25 18:01:00 - 2024-12-10 17:23:00
2025-06-17 20:37:49,741 - INFO - Начинаю обучение на фолде...
2025-06-17 20:38:20,605 - INFO - Обучение на фолде завершено.
2025-06-17 20:39:21,969 - INFO - Метрики на фолде 2: MAE=22.4, RMSE=28.8, MAPE=5.47%
2025-06-17 20:39:22,220 - INFO - 
--- Фолд 3/5 ---
2025-06-17 20:39:22,222 - INFO - Размер train фолда 3: 87149
2025-06-17 20:39:22,223 - INFO - Размер val фолда 3: 900
2025-06-17 20:39:22,223 - INFO - Период фолда 3: 2024-11-25 18:01:00 - 2024-12-10 21:08:00
2025-06-17 20:39:22,231 - INFO - Начинаю обучение на фолде...
2025-06-17 20:39:55,261 - INFO - Обучение на фолде завершено.
2025-06-17 20:40:58,485 - INFO - Метрики на фолде 3: MAE=23.4, RMSE=27.3, MAPE=5.69%
2025-06-17 20:40:58,731 - INFO - 
--- Фолд 4/5 ---
2025-06-17 20:40:58,743 - INFO - Размер train фолда 4: 88049
2025-06-17 20:40:58,744 - INFO - Размер val фолда 4: 900
2025-06-17 20:40:58,745 - INFO - Период фолда 4: 2024-11-25 18:01:00 - 2024-12-11 00:53:00
2025-06-17 20:40:58,770 - INFO - Начинаю обучение на фолде...
2025-06-17 20:41:31,011 - INFO - Обучение на фолде завершено.
2025-06-17 20:42:33,463 - INFO - Метрики на фолде 4: MAE=23.1, RMSE=29.2, MAPE=5.74%
2025-06-17 20:42:33,717 - INFO - 
--- Фолд 5/5 ---
2025-06-17 20:42:33,720 - INFO - Размер train фолда 5: 88949
2025-06-17 20:42:33,720 - INFO - Размер val фолда 5: 900
2025-06-17 20:42:33,721 - INFO - Период фолда 5: 2024-11-25 18:01:00 - 2024-12-11 04:38:00
2025-06-17 20:42:33,734 - INFO - Начинаю обучение на фолде...
2025-06-17 20:43:06,309 - INFO - Обучение на фолде завершено.
2025-06-17 20:44:09,535 - INFO - Метрики на фолде 5: MAE=55.6, RMSE=64.7, MAPE=12.65%
2025-06-17 20:44:09,829 - INFO - 
--- Результаты кросс-валидации (средние) ---
2025-06-17 20:44:09,829 - INFO - CV Avg • MAE=51.0  RMSE=56.9  MAPE=12.04%
2025-06-17 20:44:09,830 - INFO - 
Начинаю обучение финальной модели на всех данных train+val...
2025-06-17 20:44:38,542 - INFO - Финальная модель успешно обучена!
2025-06-17 20:44:38,545 - INFO - Параметры модели: {'loss_function': 'RMSE', 'boosting_type': 'Plain', 'l2_leaf_reg': 10.0, 'depth': 10, 'learning_rate': 0.075, 'iterations': 1000, 'random_seed': 42, 'early_stopping_rounds': 300, 'verbose': False}
2025-06-17 20:44:40,014 - INFO - 
Делаю прогноз на hold-out сете...
2025-06-17 20:45:45,192 - INFO - Прогноз готов!
2025-06-17 20:45:45,225 - INFO - Длина прогноза: 908, Длина реальных данных: 908
2025-06-17 20:45:45,237 - INFO - Blind ~4h test • MAE=39.0  RMSE=43.6  MAPE=10.45%  on 908 valid points
2025-06-17 20:45:45,912 - INFO - 
*** Hold-out metrics ***
2025-06-17 20:45:45,914 - INFO -           value
MAE   38.969103
RMSE  43.618387
MAPE  10.450927
2025-06-17 20:45:45,947 - INFO - 
MAE by day:
2025-06-17 20:45:45,947 - INFO -         index        MAE
0  2024-12-11  38.969103
2025-06-17 20:45:46,710 - INFO -                    feature  importance
0            f_resid_lag_1   24.168883
1            f_resid_lag_2   18.987631
2     f_resid_roll_mean_96   18.253282
3      f_resid_roll_mean_4   16.097036
4            f_resid_lag_4   12.783639
5           f_resid_lag_96    2.341336
6    f_resid_roll_mean_192    2.022671
7          f_resid_lag_192    0.765733
8    f_resid_roll_std_2880    0.745624
9    f_resid_roll_std_4320    0.641077
10        f_resid_lag_5760    0.420715
11   f_resid_roll_std_1920    0.410549
12              is_weekend    0.372762
13  f_resid_roll_mean_4320    0.356727
14   f_resid_roll_std_5760    0.268767
15    f_resid_roll_std_192    0.267168
16  f_resid_roll_mean_5760    0.258536
17   f_resid_roll_std_8640    0.233478
18     f_resid_roll_std_96    0.174644
19  f_resid_roll_mean_1920    0.156148
