2025-06-17 21:50:28,288 - INFO -        common_cad_avg1h
count      90757.000000
mean         423.524946
std          138.010021
min          273.657007
25%          334.943368
50%          400.366144
75%          462.853268
max         1591.184778
2025-06-17 21:50:28,320 - INFO - Размер полного датасета: 90757
2025-06-17 21:50:28,323 - INFO - Размер для обучения и CV: 72605
2025-06-17 21:50:28,327 - INFO - Размер для валидации: 17244
2025-06-17 21:50:28,329 - INFO - Размер для hold-out теста: 908
2025-06-17 21:50:28,451 - INFO - Запускаю кросс-валидацию на 5 фолдах...
2025-06-17 21:50:28,518 - INFO - 
--- Фолд 1/5 ---
2025-06-17 21:50:28,522 - INFO - Размер train фолда 1: 85349
2025-06-17 21:50:28,523 - INFO - Размер val фолда 1: 900
2025-06-17 21:50:28,523 - INFO - Период фолда 1: 2024-11-25 18:01:00 - 2024-12-10 13:38:00
2025-06-17 21:50:28,523 - INFO - Начинаю обучение на фолде...
2025-06-17 21:50:51,665 - INFO - Обучение на фолде завершено.
2025-06-17 21:51:57,770 - INFO - Метрики на фолде 1: MAE=112.9, RMSE=118.2, MAPE=26.42%
2025-06-17 21:51:58,129 - INFO - 
--- Фолд 2/5 ---
2025-06-17 21:51:58,136 - INFO - Размер train фолда 2: 86249
2025-06-17 21:51:58,137 - INFO - Размер val фолда 2: 900
2025-06-17 21:51:58,137 - INFO - Период фолда 2: 2024-11-25 18:01:00 - 2024-12-10 17:23:00
2025-06-17 21:51:58,146 - INFO - Начинаю обучение на фолде...
2025-06-17 21:52:19,166 - INFO - Обучение на фолде завершено.
2025-06-17 21:53:26,734 - INFO - Метрики на фолде 2: MAE=22.0, RMSE=27.9, MAPE=5.34%
2025-06-17 21:53:26,962 - INFO - 
--- Фолд 3/5 ---
2025-06-17 21:53:26,966 - INFO - Размер train фолда 3: 87149
2025-06-17 21:53:26,966 - INFO - Размер val фолда 3: 900
2025-06-17 21:53:26,967 - INFO - Период фолда 3: 2024-11-25 18:01:00 - 2024-12-10 21:08:00
2025-06-17 21:53:26,977 - INFO - Начинаю обучение на фолде...
2025-06-17 21:53:47,701 - INFO - Обучение на фолде завершено.
2025-06-17 21:54:57,379 - INFO - Метрики на фолде 3: MAE=46.8, RMSE=56.7, MAPE=11.16%
2025-06-17 21:54:57,658 - INFO - 
--- Фолд 4/5 ---
2025-06-17 21:54:57,661 - INFO - Размер train фолда 4: 88049
2025-06-17 21:54:57,662 - INFO - Размер val фолда 4: 900
2025-06-17 21:54:57,662 - INFO - Период фолда 4: 2024-11-25 18:01:00 - 2024-12-11 00:53:00
2025-06-17 21:54:57,677 - INFO - Начинаю обучение на фолде...
2025-06-17 21:55:21,337 - INFO - Обучение на фолде завершено.
2025-06-17 21:56:31,311 - INFO - Метрики на фолде 4: MAE=12.1, RMSE=16.0, MAPE=3.06%
2025-06-17 21:56:31,544 - INFO - 
--- Фолд 5/5 ---
2025-06-17 21:56:31,550 - INFO - Размер train фолда 5: 88949
2025-06-17 21:56:31,551 - INFO - Размер val фолда 5: 900
2025-06-17 21:56:31,551 - INFO - Период фолда 5: 2024-11-25 18:01:00 - 2024-12-11 04:38:00
2025-06-17 21:56:31,565 - INFO - Начинаю обучение на фолде...
2025-06-17 21:56:52,780 - INFO - Обучение на фолде завершено.
2025-06-17 21:58:02,344 - INFO - Метрики на фолде 5: MAE=83.6, RMSE=100.2, MAPE=18.72%
2025-06-17 21:58:02,612 - INFO - 
--- Результаты кросс-валидации (средние) ---
2025-06-17 21:58:02,613 - INFO - CV Avg • MAE=55.5  RMSE=63.8  MAPE=12.94%
2025-06-17 21:58:02,613 - INFO - 
Начинаю обучение финальной модели на всех данных train+val...
2025-06-17 21:58:22,108 - INFO - Финальная модель успешно обучена!
2025-06-17 21:58:22,110 - INFO - Параметры модели: {'loss_function': 'RMSE', 'boosting_type': 'Plain', 'l2_leaf_reg': 10.0, 'depth': 10, 'learning_rate': 0.075, 'iterations': 1000, 'rsm': 0.5, 'random_seed': 42, 'early_stopping_rounds': 500, 'verbose': False}
2025-06-17 21:58:23,180 - INFO - 
Делаю прогноз на hold-out сете...
2025-06-17 21:59:34,671 - INFO - Прогноз готов!
2025-06-17 21:59:34,709 - INFO - Длина прогноза: 908, Длина реальных данных: 908
2025-06-17 21:59:34,723 - INFO - Blind ~4h test • MAE=140.7  RMSE=144.8  MAPE=36.12%  on 908 valid points
2025-06-17 21:59:35,347 - INFO - 
*** Hold-out metrics ***
2025-06-17 21:59:35,348 - INFO -            value
MAE   140.709824
RMSE  144.826780
MAPE   36.121729
2025-06-17 21:59:35,356 - INFO - 
MAE by day:
2025-06-17 21:59:35,356 - INFO -         index         MAE
0  2024-12-11  140.709824
2025-06-17 21:59:35,899 - INFO -                    feature  importance
0            f_resid_lag_4   29.921202
1            f_resid_lag_1   15.939889
2      f_resid_roll_mean_4   12.781556
3            f_resid_lag_2   10.387538
4     f_resid_roll_mean_96    6.768003
5           f_resid_lag_96    6.246525
6    f_resid_roll_mean_192    4.972779
7          f_resid_lag_192    2.603750
8                 hour_sin    1.823785
9    f_resid_roll_std_2880    1.796016
10   f_resid_roll_std_1920    1.326907
11   f_resid_roll_std_5760    1.153506
12                hour_cos    0.920391
13  f_resid_roll_mean_5760    0.586452
14   f_resid_roll_std_4320    0.486702
15   f_resid_roll_std_8640    0.338284
16    f_resid_roll_std_192    0.318888
17                 dow_cos    0.311021
18     f_resid_roll_std_96    0.302778
19        f_resid_lag_5760    0.277313
