[2025-06-18 19:14:41] INFO: Загрузка и подготовка данных...
[2025-06-18 19:14:41] INFO: Данные загружены. Размер: (90757, 3). Период: 2024-11-25 18:01:00 – 2024-12-11 12:10:00
[2025-06-18 19:14:41] INFO: Данные для CV (train+val): 90757 точек
[2025-06-18 19:14:41] INFO: Hold-out для финального теста: 908 точек
[2025-06-18 19:14:41] INFO: Запускаю кросс-валидацию на 5 фолдах...
[2025-06-18 19:14:41] INFO: --- Фолд 1/5 ---
[2025-06-18 19:14:41] INFO: Начинаю обучение на фолде...
[2025-06-18 19:14:42] INFO: Обучение на фолде завершено.
[2025-06-18 19:14:42] INFO: Метрики на фолде 1: MAE=10.8, RMSE=12.9, MAPE=2.43%
[2025-06-18 19:14:42] INFO: --- Фолд 2/5 ---
[2025-06-18 19:14:42] INFO: Начинаю обучение на фолде...
[2025-06-18 19:14:43] INFO: Обучение на фолде завершено.
[2025-06-18 19:14:43] INFO: Метрики на фолде 2: MAE=7.1, RMSE=8.8, MAPE=1.69%
[2025-06-18 19:14:43] INFO: --- Фолд 3/5 ---
[2025-06-18 19:14:43] INFO: Начинаю обучение на фолде...
[2025-06-18 19:14:44] INFO: Обучение на фолде завершено.
[2025-06-18 19:14:44] INFO: Метрики на фолде 3: MAE=6.2, RMSE=7.5, MAPE=1.53%
[2025-06-18 19:14:44] INFO: --- Фолд 4/5 ---
[2025-06-18 19:14:44] INFO: Начинаю обучение на фолде...
[2025-06-18 19:14:45] INFO: Обучение на фолде завершено.
[2025-06-18 19:14:45] INFO: Метрики на фолде 4: MAE=18.0, RMSE=19.2, MAPE=4.28%
[2025-06-18 19:14:45] INFO: --- Фолд 5/5 ---
[2025-06-18 19:14:45] INFO: Начинаю обучение на фолде...
[2025-06-18 19:14:46] INFO: Обучение на фолде завершено.
[2025-06-18 19:14:46] INFO: Метрики на фолде 5: MAE=12.7, RMSE=15.8, MAPE=3.58%
[2025-06-18 19:14:46] INFO: 
*** Hold-out metrics ***
[2025-06-18 19:14:46] INFO:           value
MAE   12.669647
RMSE  15.792938
MAPE   3.584055
[2025-06-18 19:14:47] INFO: 
--- Результаты кросс-валидации (средние) ---
[2025-06-18 19:14:47] INFO: CV Avg • MAE=11.0  RMSE=12.8  MAPE=2.70%
