2025-06-27 14:58:25,948 - INFO - root - Загрузка и очистка данных...
2025-06-27 14:58:26,226 - INFO - root - Запускаю кросс-валидацию с 5 фолдами...
2025-06-27 14:58:26,226 - INFO - root - ==== ФОЛД 1/5 ====
2025-06-27 14:58:26,227 - INFO - root - Добавление кастомных признаков (циклических и rolling)...
2025-06-27 14:58:28,509 - INFO - root - Количество признаков: 8
2025-06-27 14:58:28,510 - INFO - root - Построение и обучение модели...
2025-06-27 14:58:56,707 - WARNING - absl - You are saving your model as an HDF5 file via `model.save()` or `keras.saving.save_model(model)`. This file format is considered legacy. We recommend using instead the native Keras format, e.g. `model.save('my_model.keras')` or `keras.saving.save_model(model, 'my_model.keras')`. 
2025-06-27 14:59:19,520 - WARNING - absl - You are saving your model as an HDF5 file via `model.save()` or `keras.saving.save_model(model)`. This file format is considered legacy. We recommend using instead the native Keras format, e.g. `model.save('my_model.keras')` or `keras.saving.save_model(model, 'my_model.keras')`. 
2025-06-27 14:59:42,192 - WARNING - absl - You are saving your model as an HDF5 file via `model.save()` or `keras.saving.save_model(model)`. This file format is considered legacy. We recommend using instead the native Keras format, e.g. `model.save('my_model.keras')` or `keras.saving.save_model(model, 'my_model.keras')`. 
2025-06-27 15:00:04,980 - WARNING - absl - You are saving your model as an HDF5 file via `model.save()` or `keras.saving.save_model(model)`. This file format is considered legacy. We recommend using instead the native Keras format, e.g. `model.save('my_model.keras')` or `keras.saving.save_model(model, 'my_model.keras')`. 
2025-06-27 15:00:28,146 - WARNING - absl - You are saving your model as an HDF5 file via `model.save()` or `keras.saving.save_model(model)`. This file format is considered legacy. We recommend using instead the native Keras format, e.g. `model.save('my_model.keras')` or `keras.saving.save_model(model, 'my_model.keras')`. 
2025-06-27 15:00:53,143 - WARNING - absl - You are saving your model as an HDF5 file via `model.save()` or `keras.saving.save_model(model)`. This file format is considered legacy. We recommend using instead the native Keras format, e.g. `model.save('my_model.keras')` or `keras.saving.save_model(model, 'my_model.keras')`. 
2025-06-27 15:01:19,083 - WARNING - absl - You are saving your model as an HDF5 file via `model.save()` or `keras.saving.save_model(model)`. This file format is considered legacy. We recommend using instead the native Keras format, e.g. `model.save('my_model.keras')` or `keras.saving.save_model(model, 'my_model.keras')`. 
2025-06-27 15:01:45,184 - WARNING - absl - You are saving your model as an HDF5 file via `model.save()` or `keras.saving.save_model(model)`. This file format is considered legacy. We recommend using instead the native Keras format, e.g. `model.save('my_model.keras')` or `keras.saving.save_model(model, 'my_model.keras')`. 
2025-06-27 15:02:36,897 - WARNING - absl - You are saving your model as an HDF5 file via `model.save()` or `keras.saving.save_model(model)`. This file format is considered legacy. We recommend using instead the native Keras format, e.g. `model.save('my_model.keras')` or `keras.saving.save_model(model, 'my_model.keras')`. 
2025-06-27 15:02:37,000 - INFO - root - Оценка на тестовом фолде...
2025-06-27 15:02:37,083 - WARNING - absl - Compiled the loaded model, but the compiled metrics have yet to be built. `model.compile_metrics` will be empty until you train or evaluate the model.
2025-06-27 15:02:37,490 - INFO - root - Метрики на фолде 1: {'MAE': 6.943559739696887, 'RMSE': np.float64(8.351072670875892), 'MAPE': 1.6398280697301082}
2025-06-27 15:02:37,490 - INFO - root - Сохранение графика прогноза для фолда...
2025-06-27 15:02:37,748 - INFO - root - ==== ФОЛД 2/5 ====
2025-06-27 15:02:37,752 - INFO - root - Добавление кастомных признаков (циклических и rolling)...
2025-06-27 15:02:40,693 - INFO - root - Количество признаков: 8
2025-06-27 15:02:40,693 - INFO - root - Построение и обучение модели...
2025-06-27 15:03:08,074 - WARNING - absl - You are saving your model as an HDF5 file via `model.save()` or `keras.saving.save_model(model)`. This file format is considered legacy. We recommend using instead the native Keras format, e.g. `model.save('my_model.keras')` or `keras.saving.save_model(model, 'my_model.keras')`. 
2025-06-27 15:03:33,847 - WARNING - absl - You are saving your model as an HDF5 file via `model.save()` or `keras.saving.save_model(model)`. This file format is considered legacy. We recommend using instead the native Keras format, e.g. `model.save('my_model.keras')` or `keras.saving.save_model(model, 'my_model.keras')`. 
2025-06-27 15:03:59,018 - WARNING - absl - You are saving your model as an HDF5 file via `model.save()` or `keras.saving.save_model(model)`. This file format is considered legacy. We recommend using instead the native Keras format, e.g. `model.save('my_model.keras')` or `keras.saving.save_model(model, 'my_model.keras')`. 
2025-06-27 15:04:24,622 - WARNING - absl - You are saving your model as an HDF5 file via `model.save()` or `keras.saving.save_model(model)`. This file format is considered legacy. We recommend using instead the native Keras format, e.g. `model.save('my_model.keras')` or `keras.saving.save_model(model, 'my_model.keras')`. 
2025-06-27 15:04:50,183 - WARNING - absl - You are saving your model as an HDF5 file via `model.save()` or `keras.saving.save_model(model)`. This file format is considered legacy. We recommend using instead the native Keras format, e.g. `model.save('my_model.keras')` or `keras.saving.save_model(model, 'my_model.keras')`. 
2025-06-27 15:05:16,218 - WARNING - absl - You are saving your model as an HDF5 file via `model.save()` or `keras.saving.save_model(model)`. This file format is considered legacy. We recommend using instead the native Keras format, e.g. `model.save('my_model.keras')` or `keras.saving.save_model(model, 'my_model.keras')`. 
2025-06-27 15:05:42,160 - WARNING - absl - You are saving your model as an HDF5 file via `model.save()` or `keras.saving.save_model(model)`. This file format is considered legacy. We recommend using instead the native Keras format, e.g. `model.save('my_model.keras')` or `keras.saving.save_model(model, 'my_model.keras')`. 
2025-06-27 15:06:07,933 - WARNING - absl - You are saving your model as an HDF5 file via `model.save()` or `keras.saving.save_model(model)`. This file format is considered legacy. We recommend using instead the native Keras format, e.g. `model.save('my_model.keras')` or `keras.saving.save_model(model, 'my_model.keras')`. 
2025-06-27 15:06:59,146 - WARNING - absl - You are saving your model as an HDF5 file via `model.save()` or `keras.saving.save_model(model)`. This file format is considered legacy. We recommend using instead the native Keras format, e.g. `model.save('my_model.keras')` or `keras.saving.save_model(model, 'my_model.keras')`. 
2025-06-27 15:06:59,267 - INFO - root - Оценка на тестовом фолде...
2025-06-27 15:06:59,316 - WARNING - absl - Compiled the loaded model, but the compiled metrics have yet to be built. `model.compile_metrics` will be empty until you train or evaluate the model.
2025-06-27 15:06:59,698 - INFO - root - Метрики на фолде 2: {'MAE': 7.509196721986279, 'RMSE': np.float64(9.615147146908813), 'MAPE': 1.851178953647296}
2025-06-27 15:06:59,698 - INFO - root - Сохранение графика прогноза для фолда...
2025-06-27 15:06:59,931 - INFO - root - ==== ФОЛД 3/5 ====
2025-06-27 15:06:59,934 - INFO - root - Добавление кастомных признаков (циклических и rolling)...
2025-06-27 15:07:02,515 - INFO - root - Количество признаков: 8
2025-06-27 15:07:02,515 - INFO - root - Построение и обучение модели...
2025-06-27 15:07:29,709 - WARNING - absl - You are saving your model as an HDF5 file via `model.save()` or `keras.saving.save_model(model)`. This file format is considered legacy. We recommend using instead the native Keras format, e.g. `model.save('my_model.keras')` or `keras.saving.save_model(model, 'my_model.keras')`. 
2025-06-27 15:07:56,322 - WARNING - absl - You are saving your model as an HDF5 file via `model.save()` or `keras.saving.save_model(model)`. This file format is considered legacy. We recommend using instead the native Keras format, e.g. `model.save('my_model.keras')` or `keras.saving.save_model(model, 'my_model.keras')`. 
2025-06-27 15:08:22,012 - WARNING - absl - You are saving your model as an HDF5 file via `model.save()` or `keras.saving.save_model(model)`. This file format is considered legacy. We recommend using instead the native Keras format, e.g. `model.save('my_model.keras')` or `keras.saving.save_model(model, 'my_model.keras')`. 
2025-06-27 15:08:47,623 - WARNING - absl - You are saving your model as an HDF5 file via `model.save()` or `keras.saving.save_model(model)`. This file format is considered legacy. We recommend using instead the native Keras format, e.g. `model.save('my_model.keras')` or `keras.saving.save_model(model, 'my_model.keras')`. 
2025-06-27 15:09:13,255 - WARNING - absl - You are saving your model as an HDF5 file via `model.save()` or `keras.saving.save_model(model)`. This file format is considered legacy. We recommend using instead the native Keras format, e.g. `model.save('my_model.keras')` or `keras.saving.save_model(model, 'my_model.keras')`. 
2025-06-27 15:09:39,735 - WARNING - absl - You are saving your model as an HDF5 file via `model.save()` or `keras.saving.save_model(model)`. This file format is considered legacy. We recommend using instead the native Keras format, e.g. `model.save('my_model.keras')` or `keras.saving.save_model(model, 'my_model.keras')`. 
2025-06-27 15:10:05,277 - WARNING - absl - You are saving your model as an HDF5 file via `model.save()` or `keras.saving.save_model(model)`. This file format is considered legacy. We recommend using instead the native Keras format, e.g. `model.save('my_model.keras')` or `keras.saving.save_model(model, 'my_model.keras')`. 
2025-06-27 15:10:30,711 - WARNING - absl - You are saving your model as an HDF5 file via `model.save()` or `keras.saving.save_model(model)`. This file format is considered legacy. We recommend using instead the native Keras format, e.g. `model.save('my_model.keras')` or `keras.saving.save_model(model, 'my_model.keras')`. 
2025-06-27 15:11:23,238 - INFO - root - Оценка на тестовом фолде...
2025-06-27 15:11:23,286 - WARNING - absl - Compiled the loaded model, but the compiled metrics have yet to be built. `model.compile_metrics` will be empty until you train or evaluate the model.
2025-06-27 15:11:23,718 - INFO - root - Метрики на фолде 3: {'MAE': 5.3073185545455575, 'RMSE': np.float64(6.586823802335811), 'MAPE': 1.309509411417115}
2025-06-27 15:11:23,718 - INFO - root - Сохранение графика прогноза для фолда...
2025-06-27 15:11:23,961 - INFO - root - ==== ФОЛД 4/5 ====
2025-06-27 15:11:23,964 - INFO - root - Добавление кастомных признаков (циклических и rolling)...
2025-06-27 15:11:26,852 - INFO - root - Количество признаков: 8
2025-06-27 15:11:26,852 - INFO - root - Построение и обучение модели...
2025-06-27 15:11:54,674 - WARNING - absl - You are saving your model as an HDF5 file via `model.save()` or `keras.saving.save_model(model)`. This file format is considered legacy. We recommend using instead the native Keras format, e.g. `model.save('my_model.keras')` or `keras.saving.save_model(model, 'my_model.keras')`. 
2025-06-27 15:12:21,612 - WARNING - absl - You are saving your model as an HDF5 file via `model.save()` or `keras.saving.save_model(model)`. This file format is considered legacy. We recommend using instead the native Keras format, e.g. `model.save('my_model.keras')` or `keras.saving.save_model(model, 'my_model.keras')`. 
2025-06-27 15:12:48,054 - WARNING - absl - You are saving your model as an HDF5 file via `model.save()` or `keras.saving.save_model(model)`. This file format is considered legacy. We recommend using instead the native Keras format, e.g. `model.save('my_model.keras')` or `keras.saving.save_model(model, 'my_model.keras')`. 
2025-06-27 15:13:14,537 - WARNING - absl - You are saving your model as an HDF5 file via `model.save()` or `keras.saving.save_model(model)`. This file format is considered legacy. We recommend using instead the native Keras format, e.g. `model.save('my_model.keras')` or `keras.saving.save_model(model, 'my_model.keras')`. 
2025-06-27 15:13:41,513 - WARNING - absl - You are saving your model as an HDF5 file via `model.save()` or `keras.saving.save_model(model)`. This file format is considered legacy. We recommend using instead the native Keras format, e.g. `model.save('my_model.keras')` or `keras.saving.save_model(model, 'my_model.keras')`. 
2025-06-27 15:14:08,231 - WARNING - absl - You are saving your model as an HDF5 file via `model.save()` or `keras.saving.save_model(model)`. This file format is considered legacy. We recommend using instead the native Keras format, e.g. `model.save('my_model.keras')` or `keras.saving.save_model(model, 'my_model.keras')`. 
2025-06-27 15:14:34,070 - WARNING - absl - You are saving your model as an HDF5 file via `model.save()` or `keras.saving.save_model(model)`. This file format is considered legacy. We recommend using instead the native Keras format, e.g. `model.save('my_model.keras')` or `keras.saving.save_model(model, 'my_model.keras')`. 
2025-06-27 15:14:59,979 - WARNING - absl - You are saving your model as an HDF5 file via `model.save()` or `keras.saving.save_model(model)`. This file format is considered legacy. We recommend using instead the native Keras format, e.g. `model.save('my_model.keras')` or `keras.saving.save_model(model, 'my_model.keras')`. 
2025-06-27 15:15:25,780 - WARNING - absl - You are saving your model as an HDF5 file via `model.save()` or `keras.saving.save_model(model)`. This file format is considered legacy. We recommend using instead the native Keras format, e.g. `model.save('my_model.keras')` or `keras.saving.save_model(model, 'my_model.keras')`. 
2025-06-27 15:15:52,074 - WARNING - absl - You are saving your model as an HDF5 file via `model.save()` or `keras.saving.save_model(model)`. This file format is considered legacy. We recommend using instead the native Keras format, e.g. `model.save('my_model.keras')` or `keras.saving.save_model(model, 'my_model.keras')`. 
2025-06-27 15:15:52,159 - INFO - root - Оценка на тестовом фолде...
2025-06-27 15:15:52,216 - WARNING - absl - Compiled the loaded model, but the compiled metrics have yet to be built. `model.compile_metrics` will be empty until you train or evaluate the model.
2025-06-27 15:15:52,581 - INFO - root - Метрики на фолде 4: {'MAE': 157.38607746118353, 'RMSE': np.float64(164.429049555056), 'MAPE': 36.50067101306676}
2025-06-27 15:15:52,581 - INFO - root - Сохранение графика прогноза для фолда...
2025-06-27 15:15:52,791 - INFO - root - ==== ФОЛД 5/5 ====
2025-06-27 15:15:52,794 - INFO - root - Добавление кастомных признаков (циклических и rolling)...
2025-06-27 15:15:55,355 - INFO - root - Количество признаков: 8
2025-06-27 15:15:55,356 - INFO - root - Построение и обучение модели...
2025-06-27 15:16:22,754 - WARNING - absl - You are saving your model as an HDF5 file via `model.save()` or `keras.saving.save_model(model)`. This file format is considered legacy. We recommend using instead the native Keras format, e.g. `model.save('my_model.keras')` or `keras.saving.save_model(model, 'my_model.keras')`. 
2025-06-27 15:16:49,617 - WARNING - absl - You are saving your model as an HDF5 file via `model.save()` or `keras.saving.save_model(model)`. This file format is considered legacy. We recommend using instead the native Keras format, e.g. `model.save('my_model.keras')` or `keras.saving.save_model(model, 'my_model.keras')`. 
2025-06-27 15:17:15,882 - WARNING - absl - You are saving your model as an HDF5 file via `model.save()` or `keras.saving.save_model(model)`. This file format is considered legacy. We recommend using instead the native Keras format, e.g. `model.save('my_model.keras')` or `keras.saving.save_model(model, 'my_model.keras')`. 
2025-06-27 15:17:42,344 - WARNING - absl - You are saving your model as an HDF5 file via `model.save()` or `keras.saving.save_model(model)`. This file format is considered legacy. We recommend using instead the native Keras format, e.g. `model.save('my_model.keras')` or `keras.saving.save_model(model, 'my_model.keras')`. 
2025-06-27 15:18:08,654 - WARNING - absl - You are saving your model as an HDF5 file via `model.save()` or `keras.saving.save_model(model)`. This file format is considered legacy. We recommend using instead the native Keras format, e.g. `model.save('my_model.keras')` or `keras.saving.save_model(model, 'my_model.keras')`. 
2025-06-27 15:18:35,545 - WARNING - absl - You are saving your model as an HDF5 file via `model.save()` or `keras.saving.save_model(model)`. This file format is considered legacy. We recommend using instead the native Keras format, e.g. `model.save('my_model.keras')` or `keras.saving.save_model(model, 'my_model.keras')`. 
2025-06-27 15:19:01,822 - WARNING - absl - You are saving your model as an HDF5 file via `model.save()` or `keras.saving.save_model(model)`. This file format is considered legacy. We recommend using instead the native Keras format, e.g. `model.save('my_model.keras')` or `keras.saving.save_model(model, 'my_model.keras')`. 
2025-06-27 15:19:28,052 - WARNING - absl - You are saving your model as an HDF5 file via `model.save()` or `keras.saving.save_model(model)`. This file format is considered legacy. We recommend using instead the native Keras format, e.g. `model.save('my_model.keras')` or `keras.saving.save_model(model, 'my_model.keras')`. 
2025-06-27 15:19:54,472 - WARNING - absl - You are saving your model as an HDF5 file via `model.save()` or `keras.saving.save_model(model)`. This file format is considered legacy. We recommend using instead the native Keras format, e.g. `model.save('my_model.keras')` or `keras.saving.save_model(model, 'my_model.keras')`. 
2025-06-27 15:20:20,486 - WARNING - absl - You are saving your model as an HDF5 file via `model.save()` or `keras.saving.save_model(model)`. This file format is considered legacy. We recommend using instead the native Keras format, e.g. `model.save('my_model.keras')` or `keras.saving.save_model(model, 'my_model.keras')`. 
2025-06-27 15:20:20,606 - INFO - root - Оценка на тестовом фолде...
2025-06-27 15:20:20,666 - WARNING - absl - Compiled the loaded model, but the compiled metrics have yet to be built. `model.compile_metrics` will be empty until you train or evaluate the model.
2025-06-27 15:20:21,044 - INFO - root - Метрики на фолде 5: {'MAE': 12.588081103012106, 'RMSE': np.float64(15.4502955300994), 'MAPE': 3.2874168676246005}
2025-06-27 15:20:21,044 - INFO - root - Сохранение графика прогноза для фолда...
2025-06-27 15:20:21,274 - INFO - root - ==== ИТОГОВЫЕ МЕТРИКИ (среднее по фолдам) ====
2025-06-27 15:20:21,274 - INFO - root - {'MAE': np.float64(37.94684671608487), 'RMSE': np.float64(40.88647774105518), 'MAPE': np.float64(8.917720863097175)}
2025-06-27 15:20:21,274 - INFO - root - Скрипт завершен. Модели сохранены в models/lstm_multivariate_cv_fixed_20250627_145826, графики в plots/lstm_multivariate_cv_fixed_20250627_145826
-----------------------

2025-06-27 15:23:17,778 - INFO - root - Загрузка данных...
2025-06-27 15:23:17,978 - INFO - root - Запускаю кросс-валидацию с 5 фолдами...
2025-06-27 15:23:17,978 - INFO - root - ==== ФОЛД 1/5 ====
2025-06-27 15:23:17,985 - INFO - root - Добавление кастомных признаков (циклических и rolling)...
2025-06-27 15:23:20,073 - INFO - root - Количество признаков: 8
2025-06-27 15:23:20,073 - INFO - root - Построение и обучение модели...
2025-06-27 15:23:48,326 - WARNING - absl - You are saving your model as an HDF5 file via `model.save()` or `keras.saving.save_model(model)`. This file format is considered legacy. We recommend using instead the native Keras format, e.g. `model.save('my_model.keras')` or `keras.saving.save_model(model, 'my_model.keras')`. 
2025-06-27 15:24:11,630 - WARNING - absl - You are saving your model as an HDF5 file via `model.save()` or `keras.saving.save_model(model)`. This file format is considered legacy. We recommend using instead the native Keras format, e.g. `model.save('my_model.keras')` or `keras.saving.save_model(model, 'my_model.keras')`. 
2025-06-27 15:24:34,529 - WARNING - absl - You are saving your model as an HDF5 file via `model.save()` or `keras.saving.save_model(model)`. This file format is considered legacy. We recommend using instead the native Keras format, e.g. `model.save('my_model.keras')` or `keras.saving.save_model(model, 'my_model.keras')`. 
2025-06-27 15:24:58,069 - WARNING - absl - You are saving your model as an HDF5 file via `model.save()` or `keras.saving.save_model(model)`. This file format is considered legacy. We recommend using instead the native Keras format, e.g. `model.save('my_model.keras')` or `keras.saving.save_model(model, 'my_model.keras')`. 
2025-06-27 15:25:21,306 - WARNING - absl - You are saving your model as an HDF5 file via `model.save()` or `keras.saving.save_model(model)`. This file format is considered legacy. We recommend using instead the native Keras format, e.g. `model.save('my_model.keras')` or `keras.saving.save_model(model, 'my_model.keras')`. 
2025-06-27 15:25:44,247 - WARNING - absl - You are saving your model as an HDF5 file via `model.save()` or `keras.saving.save_model(model)`. This file format is considered legacy. We recommend using instead the native Keras format, e.g. `model.save('my_model.keras')` or `keras.saving.save_model(model, 'my_model.keras')`. 
2025-06-27 15:26:06,930 - WARNING - absl - You are saving your model as an HDF5 file via `model.save()` or `keras.saving.save_model(model)`. This file format is considered legacy. We recommend using instead the native Keras format, e.g. `model.save('my_model.keras')` or `keras.saving.save_model(model, 'my_model.keras')`. 
2025-06-27 15:26:29,859 - WARNING - absl - You are saving your model as an HDF5 file via `model.save()` or `keras.saving.save_model(model)`. This file format is considered legacy. We recommend using instead the native Keras format, e.g. `model.save('my_model.keras')` or `keras.saving.save_model(model, 'my_model.keras')`. 
2025-06-27 15:26:52,997 - WARNING - absl - You are saving your model as an HDF5 file via `model.save()` or `keras.saving.save_model(model)`. This file format is considered legacy. We recommend using instead the native Keras format, e.g. `model.save('my_model.keras')` or `keras.saving.save_model(model, 'my_model.keras')`. 
2025-06-27 15:27:16,642 - WARNING - absl - You are saving your model as an HDF5 file via `model.save()` or `keras.saving.save_model(model)`. This file format is considered legacy. We recommend using instead the native Keras format, e.g. `model.save('my_model.keras')` or `keras.saving.save_model(model, 'my_model.keras')`. 
2025-06-27 15:27:16,769 - INFO - root - Оценка на тестовом фолде...
2025-06-27 15:27:16,822 - WARNING - absl - Compiled the loaded model, but the compiled metrics have yet to be built. `model.compile_metrics` will be empty until you train or evaluate the model.
2025-06-27 15:27:17,194 - INFO - root - Метрики на фолде 1: {'MAE': 2.889518177121187, 'RMSE': np.float64(3.4446883006116495), 'MAPE': 0.6793616086481664}
2025-06-27 15:27:17,194 - INFO - root - Сохранение графика прогноза для фолда...
2025-06-27 15:27:17,430 - INFO - root - ==== ФОЛД 2/5 ====
2025-06-27 15:27:17,436 - INFO - root - Добавление кастомных признаков (циклических и rolling)...
2025-06-27 15:27:19,919 - INFO - root - Количество признаков: 8
2025-06-27 15:27:19,920 - INFO - root - Построение и обучение модели...
2025-06-27 15:27:44,725 - WARNING - absl - You are saving your model as an HDF5 file via `model.save()` or `keras.saving.save_model(model)`. This file format is considered legacy. We recommend using instead the native Keras format, e.g. `model.save('my_model.keras')` or `keras.saving.save_model(model, 'my_model.keras')`. 
2025-06-27 15:28:08,014 - WARNING - absl - You are saving your model as an HDF5 file via `model.save()` or `keras.saving.save_model(model)`. This file format is considered legacy. We recommend using instead the native Keras format, e.g. `model.save('my_model.keras')` or `keras.saving.save_model(model, 'my_model.keras')`. 
2025-06-27 15:28:30,727 - WARNING - absl - You are saving your model as an HDF5 file via `model.save()` or `keras.saving.save_model(model)`. This file format is considered legacy. We recommend using instead the native Keras format, e.g. `model.save('my_model.keras')` or `keras.saving.save_model(model, 'my_model.keras')`. 
2025-06-27 15:28:53,662 - WARNING - absl - You are saving your model as an HDF5 file via `model.save()` or `keras.saving.save_model(model)`. This file format is considered legacy. We recommend using instead the native Keras format, e.g. `model.save('my_model.keras')` or `keras.saving.save_model(model, 'my_model.keras')`. 
2025-06-27 15:29:17,096 - WARNING - absl - You are saving your model as an HDF5 file via `model.save()` or `keras.saving.save_model(model)`. This file format is considered legacy. We recommend using instead the native Keras format, e.g. `model.save('my_model.keras')` or `keras.saving.save_model(model, 'my_model.keras')`. 
2025-06-27 15:29:40,200 - WARNING - absl - You are saving your model as an HDF5 file via `model.save()` or `keras.saving.save_model(model)`. This file format is considered legacy. We recommend using instead the native Keras format, e.g. `model.save('my_model.keras')` or `keras.saving.save_model(model, 'my_model.keras')`. 
2025-06-27 15:30:03,411 - WARNING - absl - You are saving your model as an HDF5 file via `model.save()` or `keras.saving.save_model(model)`. This file format is considered legacy. We recommend using instead the native Keras format, e.g. `model.save('my_model.keras')` or `keras.saving.save_model(model, 'my_model.keras')`. 
2025-06-27 15:30:26,707 - WARNING - absl - You are saving your model as an HDF5 file via `model.save()` or `keras.saving.save_model(model)`. This file format is considered legacy. We recommend using instead the native Keras format, e.g. `model.save('my_model.keras')` or `keras.saving.save_model(model, 'my_model.keras')`. 
2025-06-27 15:30:50,650 - WARNING - absl - You are saving your model as an HDF5 file via `model.save()` or `keras.saving.save_model(model)`. This file format is considered legacy. We recommend using instead the native Keras format, e.g. `model.save('my_model.keras')` or `keras.saving.save_model(model, 'my_model.keras')`. 
2025-06-27 15:31:15,161 - WARNING - absl - You are saving your model as an HDF5 file via `model.save()` or `keras.saving.save_model(model)`. This file format is considered legacy. We recommend using instead the native Keras format, e.g. `model.save('my_model.keras')` or `keras.saving.save_model(model, 'my_model.keras')`. 
2025-06-27 15:31:15,304 - INFO - root - Оценка на тестовом фолде...
2025-06-27 15:31:15,359 - WARNING - absl - Compiled the loaded model, but the compiled metrics have yet to be built. `model.compile_metrics` will be empty until you train or evaluate the model.
2025-06-27 15:31:15,716 - INFO - root - Метрики на фолде 2: {'MAE': 2.1405865667771904, 'RMSE': np.float64(2.7243461167432983), 'MAPE': 0.5170849614637621}
2025-06-27 15:31:15,717 - INFO - root - Сохранение графика прогноза для фолда...
2025-06-27 15:31:15,942 - INFO - root - ==== ФОЛД 3/5 ====
2025-06-27 15:31:15,948 - INFO - root - Добавление кастомных признаков (циклических и rolling)...
2025-06-27 15:31:18,523 - INFO - root - Количество признаков: 8
2025-06-27 15:31:18,523 - INFO - root - Построение и обучение модели...
2025-06-27 15:31:43,418 - WARNING - absl - You are saving your model as an HDF5 file via `model.save()` or `keras.saving.save_model(model)`. This file format is considered legacy. We recommend using instead the native Keras format, e.g. `model.save('my_model.keras')` or `keras.saving.save_model(model, 'my_model.keras')`. 
2025-06-27 15:32:07,816 - WARNING - absl - You are saving your model as an HDF5 file via `model.save()` or `keras.saving.save_model(model)`. This file format is considered legacy. We recommend using instead the native Keras format, e.g. `model.save('my_model.keras')` or `keras.saving.save_model(model, 'my_model.keras')`. 
2025-06-27 15:32:32,138 - WARNING - absl - You are saving your model as an HDF5 file via `model.save()` or `keras.saving.save_model(model)`. This file format is considered legacy. We recommend using instead the native Keras format, e.g. `model.save('my_model.keras')` or `keras.saving.save_model(model, 'my_model.keras')`. 
2025-06-27 15:32:55,757 - WARNING - absl - You are saving your model as an HDF5 file via `model.save()` or `keras.saving.save_model(model)`. This file format is considered legacy. We recommend using instead the native Keras format, e.g. `model.save('my_model.keras')` or `keras.saving.save_model(model, 'my_model.keras')`. 
2025-06-27 15:33:19,119 - WARNING - absl - You are saving your model as an HDF5 file via `model.save()` or `keras.saving.save_model(model)`. This file format is considered legacy. We recommend using instead the native Keras format, e.g. `model.save('my_model.keras')` or `keras.saving.save_model(model, 'my_model.keras')`. 
2025-06-27 15:33:42,756 - WARNING - absl - You are saving your model as an HDF5 file via `model.save()` or `keras.saving.save_model(model)`. This file format is considered legacy. We recommend using instead the native Keras format, e.g. `model.save('my_model.keras')` or `keras.saving.save_model(model, 'my_model.keras')`. 
2025-06-27 15:35:18,038 - INFO - root - Оценка на тестовом фолде...
2025-06-27 15:35:18,106 - WARNING - absl - Compiled the loaded model, but the compiled metrics have yet to be built. `model.compile_metrics` will be empty until you train or evaluate the model.
2025-06-27 15:35:18,449 - INFO - root - Метрики на фолде 3: {'MAE': 0.8121337594912057, 'RMSE': np.float64(1.1750888779825541), 'MAPE': 0.20053400989852913}
2025-06-27 15:35:18,449 - INFO - root - Сохранение графика прогноза для фолда...
2025-06-27 15:35:18,674 - INFO - root - ==== ФОЛД 4/5 ====
2025-06-27 15:35:18,681 - INFO - root - Добавление кастомных признаков (циклических и rolling)...
2025-06-27 15:35:21,153 - INFO - root - Количество признаков: 8
2025-06-27 15:35:21,154 - INFO - root - Построение и обучение модели...
2025-06-27 15:35:45,858 - WARNING - absl - You are saving your model as an HDF5 file via `model.save()` or `keras.saving.save_model(model)`. This file format is considered legacy. We recommend using instead the native Keras format, e.g. `model.save('my_model.keras')` or `keras.saving.save_model(model, 'my_model.keras')`. 
2025-06-27 15:36:08,832 - WARNING - absl - You are saving your model as an HDF5 file via `model.save()` or `keras.saving.save_model(model)`. This file format is considered legacy. We recommend using instead the native Keras format, e.g. `model.save('my_model.keras')` or `keras.saving.save_model(model, 'my_model.keras')`. 
2025-06-27 15:36:32,311 - WARNING - absl - You are saving your model as an HDF5 file via `model.save()` or `keras.saving.save_model(model)`. This file format is considered legacy. We recommend using instead the native Keras format, e.g. `model.save('my_model.keras')` or `keras.saving.save_model(model, 'my_model.keras')`. 
2025-06-27 15:36:56,117 - WARNING - absl - You are saving your model as an HDF5 file via `model.save()` or `keras.saving.save_model(model)`. This file format is considered legacy. We recommend using instead the native Keras format, e.g. `model.save('my_model.keras')` or `keras.saving.save_model(model, 'my_model.keras')`. 
2025-06-27 15:37:21,025 - WARNING - absl - You are saving your model as an HDF5 file via `model.save()` or `keras.saving.save_model(model)`. This file format is considered legacy. We recommend using instead the native Keras format, e.g. `model.save('my_model.keras')` or `keras.saving.save_model(model, 'my_model.keras')`. 
2025-06-27 15:37:47,479 - WARNING - absl - You are saving your model as an HDF5 file via `model.save()` or `keras.saving.save_model(model)`. This file format is considered legacy. We recommend using instead the native Keras format, e.g. `model.save('my_model.keras')` or `keras.saving.save_model(model, 'my_model.keras')`. 
2025-06-27 15:38:14,621 - WARNING - absl - You are saving your model as an HDF5 file via `model.save()` or `keras.saving.save_model(model)`. This file format is considered legacy. We recommend using instead the native Keras format, e.g. `model.save('my_model.keras')` or `keras.saving.save_model(model, 'my_model.keras')`. 
2025-06-27 15:38:58,215 - INFO - root - Загрузка данных...
2025-06-27 15:38:58,438 - INFO - root - Запускаю кросс-валидацию с 5 фолдами...
2025-06-27 15:38:58,438 - INFO - root - ==== ФОЛД 1/5 ====
2025-06-27 15:38:58,445 - INFO - root - Добавление кастомных признаков (циклических и rolling)...
2025-06-27 15:39:00,580 - INFO - root - Количество признаков: 8
2025-06-27 15:39:00,581 - INFO - root - Построение и обучение модели...
2025-06-27 15:39:26,775 - WARNING - absl - You are saving your model as an HDF5 file via `model.save()` or `keras.saving.save_model(model)`. This file format is considered legacy. We recommend using instead the native Keras format, e.g. `model.save('my_model.keras')` or `keras.saving.save_model(model, 'my_model.keras')`. 
2025-06-27 15:39:48,772 - WARNING - absl - You are saving your model as an HDF5 file via `model.save()` or `keras.saving.save_model(model)`. This file format is considered legacy. We recommend using instead the native Keras format, e.g. `model.save('my_model.keras')` or `keras.saving.save_model(model, 'my_model.keras')`. 
2025-06-27 15:40:09,692 - WARNING - absl - You are saving your model as an HDF5 file via `model.save()` or `keras.saving.save_model(model)`. This file format is considered legacy. We recommend using instead the native Keras format, e.g. `model.save('my_model.keras')` or `keras.saving.save_model(model, 'my_model.keras')`. 
2025-06-27 15:40:30,631 - WARNING - absl - You are saving your model as an HDF5 file via `model.save()` or `keras.saving.save_model(model)`. This file format is considered legacy. We recommend using instead the native Keras format, e.g. `model.save('my_model.keras')` or `keras.saving.save_model(model, 'my_model.keras')`. 
2025-06-27 15:40:50,787 - WARNING - absl - You are saving your model as an HDF5 file via `model.save()` or `keras.saving.save_model(model)`. This file format is considered legacy. We recommend using instead the native Keras format, e.g. `model.save('my_model.keras')` or `keras.saving.save_model(model, 'my_model.keras')`. 
2025-06-27 15:41:11,218 - WARNING - absl - You are saving your model as an HDF5 file via `model.save()` or `keras.saving.save_model(model)`. This file format is considered legacy. We recommend using instead the native Keras format, e.g. `model.save('my_model.keras')` or `keras.saving.save_model(model, 'my_model.keras')`. 
2025-06-27 15:41:32,449 - WARNING - absl - You are saving your model as an HDF5 file via `model.save()` or `keras.saving.save_model(model)`. This file format is considered legacy. We recommend using instead the native Keras format, e.g. `model.save('my_model.keras')` or `keras.saving.save_model(model, 'my_model.keras')`. 
2025-06-27 15:41:53,343 - WARNING - absl - You are saving your model as an HDF5 file via `model.save()` or `keras.saving.save_model(model)`. This file format is considered legacy. We recommend using instead the native Keras format, e.g. `model.save('my_model.keras')` or `keras.saving.save_model(model, 'my_model.keras')`. 
2025-06-27 15:42:13,632 - WARNING - absl - You are saving your model as an HDF5 file via `model.save()` or `keras.saving.save_model(model)`. This file format is considered legacy. We recommend using instead the native Keras format, e.g. `model.save('my_model.keras')` or `keras.saving.save_model(model, 'my_model.keras')`. 
2025-06-27 15:42:34,669 - INFO - root - Оценка на тестовом фолде (рекурсивный прогноз)...
2025-06-27 15:42:34,720 - WARNING - absl - Compiled the loaded model, but the compiled metrics have yet to be built. `model.compile_metrics` will be empty until you train or evaluate the model.
2025-06-27 15:44:31,430 - INFO - root - Метрики на фолде 1: {'MAE': 173.56326956538447, 'RMSE': np.float64(213.8506202047329), 'MAPE': 41.99971428294067}
2025-06-27 15:44:31,430 - INFO - root - Сохранение графика прогноза для фолда...
2025-06-27 15:44:31,665 - INFO - root - ==== ФОЛД 2/5 ====
2025-06-27 15:44:31,671 - INFO - root - Добавление кастомных признаков (циклических и rolling)...
2025-06-27 15:44:33,880 - INFO - root - Количество признаков: 8
2025-06-27 15:44:33,880 - INFO - root - Построение и обучение модели...
2025-06-27 15:44:57,533 - WARNING - absl - You are saving your model as an HDF5 file via `model.save()` or `keras.saving.save_model(model)`. This file format is considered legacy. We recommend using instead the native Keras format, e.g. `model.save('my_model.keras')` or `keras.saving.save_model(model, 'my_model.keras')`. 
2025-06-27 15:45:20,022 - WARNING - absl - You are saving your model as an HDF5 file via `model.save()` or `keras.saving.save_model(model)`. This file format is considered legacy. We recommend using instead the native Keras format, e.g. `model.save('my_model.keras')` or `keras.saving.save_model(model, 'my_model.keras')`. 
2025-06-27 15:45:41,674 - WARNING - absl - You are saving your model as an HDF5 file via `model.save()` or `keras.saving.save_model(model)`. This file format is considered legacy. We recommend using instead the native Keras format, e.g. `model.save('my_model.keras')` or `keras.saving.save_model(model, 'my_model.keras')`. 
2025-06-27 15:46:03,253 - WARNING - absl - You are saving your model as an HDF5 file via `model.save()` or `keras.saving.save_model(model)`. This file format is considered legacy. We recommend using instead the native Keras format, e.g. `model.save('my_model.keras')` or `keras.saving.save_model(model, 'my_model.keras')`. 
2025-06-27 15:46:25,828 - WARNING - absl - You are saving your model as an HDF5 file via `model.save()` or `keras.saving.save_model(model)`. This file format is considered legacy. We recommend using instead the native Keras format, e.g. `model.save('my_model.keras')` or `keras.saving.save_model(model, 'my_model.keras')`. 
2025-06-27 15:46:46,918 - WARNING - absl - You are saving your model as an HDF5 file via `model.save()` or `keras.saving.save_model(model)`. This file format is considered legacy. We recommend using instead the native Keras format, e.g. `model.save('my_model.keras')` or `keras.saving.save_model(model, 'my_model.keras')`. 
2025-06-27 15:47:09,847 - WARNING - absl - You are saving your model as an HDF5 file via `model.save()` or `keras.saving.save_model(model)`. This file format is considered legacy. We recommend using instead the native Keras format, e.g. `model.save('my_model.keras')` or `keras.saving.save_model(model, 'my_model.keras')`. 
2025-06-27 15:47:31,874 - WARNING - absl - You are saving your model as an HDF5 file via `model.save()` or `keras.saving.save_model(model)`. This file format is considered legacy. We recommend using instead the native Keras format, e.g. `model.save('my_model.keras')` or `keras.saving.save_model(model, 'my_model.keras')`. 
2025-06-27 15:47:53,927 - WARNING - absl - You are saving your model as an HDF5 file via `model.save()` or `keras.saving.save_model(model)`. This file format is considered legacy. We recommend using instead the native Keras format, e.g. `model.save('my_model.keras')` or `keras.saving.save_model(model, 'my_model.keras')`. 
2025-06-27 15:48:16,291 - INFO - root - Оценка на тестовом фолде (рекурсивный прогноз)...
2025-06-27 15:48:16,350 - WARNING - absl - Compiled the loaded model, but the compiled metrics have yet to be built. `model.compile_metrics` will be empty until you train or evaluate the model.
2025-06-27 15:50:13,004 - INFO - root - Метрики на фолде 2: {'MAE': 34.01178895060221, 'RMSE': np.float64(40.91048834264089), 'MAPE': 8.532056845207965}
2025-06-27 15:50:13,005 - INFO - root - Сохранение графика прогноза для фолда...
2025-06-27 15:50:13,230 - INFO - root - ==== ФОЛД 3/5 ====
2025-06-27 15:50:13,235 - INFO - root - Добавление кастомных признаков (циклических и rolling)...
2025-06-27 15:50:15,590 - INFO - root - Количество признаков: 8
2025-06-27 15:50:15,590 - INFO - root - Построение и обучение модели...
2025-06-27 15:50:39,896 - WARNING - absl - You are saving your model as an HDF5 file via `model.save()` or `keras.saving.save_model(model)`. This file format is considered legacy. We recommend using instead the native Keras format, e.g. `model.save('my_model.keras')` or `keras.saving.save_model(model, 'my_model.keras')`. 
2025-06-27 15:51:02,728 - WARNING - absl - You are saving your model as an HDF5 file via `model.save()` or `keras.saving.save_model(model)`. This file format is considered legacy. We recommend using instead the native Keras format, e.g. `model.save('my_model.keras')` or `keras.saving.save_model(model, 'my_model.keras')`. 
2025-06-27 15:51:24,758 - WARNING - absl - You are saving your model as an HDF5 file via `model.save()` or `keras.saving.save_model(model)`. This file format is considered legacy. We recommend using instead the native Keras format, e.g. `model.save('my_model.keras')` or `keras.saving.save_model(model, 'my_model.keras')`. 
2025-06-27 15:51:47,794 - WARNING - absl - You are saving your model as an HDF5 file via `model.save()` or `keras.saving.save_model(model)`. This file format is considered legacy. We recommend using instead the native Keras format, e.g. `model.save('my_model.keras')` or `keras.saving.save_model(model, 'my_model.keras')`. 
2025-06-27 15:52:10,495 - WARNING - absl - You are saving your model as an HDF5 file via `model.save()` or `keras.saving.save_model(model)`. This file format is considered legacy. We recommend using instead the native Keras format, e.g. `model.save('my_model.keras')` or `keras.saving.save_model(model, 'my_model.keras')`. 
2025-06-27 15:52:33,230 - WARNING - absl - You are saving your model as an HDF5 file via `model.save()` or `keras.saving.save_model(model)`. This file format is considered legacy. We recommend using instead the native Keras format, e.g. `model.save('my_model.keras')` or `keras.saving.save_model(model, 'my_model.keras')`. 
2025-06-27 15:52:55,645 - WARNING - absl - You are saving your model as an HDF5 file via `model.save()` or `keras.saving.save_model(model)`. This file format is considered legacy. We recommend using instead the native Keras format, e.g. `model.save('my_model.keras')` or `keras.saving.save_model(model, 'my_model.keras')`. 
2025-06-27 15:53:18,190 - WARNING - absl - You are saving your model as an HDF5 file via `model.save()` or `keras.saving.save_model(model)`. This file format is considered legacy. We recommend using instead the native Keras format, e.g. `model.save('my_model.keras')` or `keras.saving.save_model(model, 'my_model.keras')`. 
2025-06-27 15:54:03,468 - INFO - root - Оценка на тестовом фолде (рекурсивный прогноз)...
2025-06-27 15:54:03,517 - WARNING - absl - Compiled the loaded model, but the compiled metrics have yet to be built. `model.compile_metrics` will be empty until you train or evaluate the model.
2025-06-27 15:56:00,088 - INFO - root - Метрики на фолде 3: {'MAE': 79.90187111409506, 'RMSE': np.float64(85.13309633162498), 'MAPE': 19.773645408823548}
2025-06-27 15:56:00,088 - INFO - root - Сохранение графика прогноза для фолда...
2025-06-27 15:56:00,320 - INFO - root - ==== ФОЛД 4/5 ====
2025-06-27 15:56:00,326 - INFO - root - Добавление кастомных признаков (циклических и rolling)...
2025-06-27 15:56:02,705 - INFO - root - Количество признаков: 8
2025-06-27 15:56:02,706 - INFO - root - Построение и обучение модели...
2025-06-27 15:56:26,442 - WARNING - absl - You are saving your model as an HDF5 file via `model.save()` or `keras.saving.save_model(model)`. This file format is considered legacy. We recommend using instead the native Keras format, e.g. `model.save('my_model.keras')` or `keras.saving.save_model(model, 'my_model.keras')`. 
2025-06-27 15:56:48,814 - WARNING - absl - You are saving your model as an HDF5 file via `model.save()` or `keras.saving.save_model(model)`. This file format is considered legacy. We recommend using instead the native Keras format, e.g. `model.save('my_model.keras')` or `keras.saving.save_model(model, 'my_model.keras')`. 
2025-06-27 15:57:12,234 - WARNING - absl - You are saving your model as an HDF5 file via `model.save()` or `keras.saving.save_model(model)`. This file format is considered legacy. We recommend using instead the native Keras format, e.g. `model.save('my_model.keras')` or `keras.saving.save_model(model, 'my_model.keras')`. 
2025-06-27 15:57:35,280 - WARNING - absl - You are saving your model as an HDF5 file via `model.save()` or `keras.saving.save_model(model)`. This file format is considered legacy. We recommend using instead the native Keras format, e.g. `model.save('my_model.keras')` or `keras.saving.save_model(model, 'my_model.keras')`. 
2025-06-27 15:57:57,569 - WARNING - absl - You are saving your model as an HDF5 file via `model.save()` or `keras.saving.save_model(model)`. This file format is considered legacy. We recommend using instead the native Keras format, e.g. `model.save('my_model.keras')` or `keras.saving.save_model(model, 'my_model.keras')`. 
2025-06-27 15:58:20,276 - WARNING - absl - You are saving your model as an HDF5 file via `model.save()` or `keras.saving.save_model(model)`. This file format is considered legacy. We recommend using instead the native Keras format, e.g. `model.save('my_model.keras')` or `keras.saving.save_model(model, 'my_model.keras')`. 
2025-06-27 15:58:43,489 - WARNING - absl - You are saving your model as an HDF5 file via `model.save()` or `keras.saving.save_model(model)`. This file format is considered legacy. We recommend using instead the native Keras format, e.g. `model.save('my_model.keras')` or `keras.saving.save_model(model, 'my_model.keras')`. 
2025-06-27 15:59:05,879 - WARNING - absl - You are saving your model as an HDF5 file via `model.save()` or `keras.saving.save_model(model)`. This file format is considered legacy. We recommend using instead the native Keras format, e.g. `model.save('my_model.keras')` or `keras.saving.save_model(model, 'my_model.keras')`. 
2025-06-27 15:59:30,358 - WARNING - absl - You are saving your model as an HDF5 file via `model.save()` or `keras.saving.save_model(model)`. This file format is considered legacy. We recommend using instead the native Keras format, e.g. `model.save('my_model.keras')` or `keras.saving.save_model(model, 'my_model.keras')`. 
2025-06-27 15:59:54,957 - WARNING - absl - You are saving your model as an HDF5 file via `model.save()` or `keras.saving.save_model(model)`. This file format is considered legacy. We recommend using instead the native Keras format, e.g. `model.save('my_model.keras')` or `keras.saving.save_model(model, 'my_model.keras')`. 
2025-06-27 15:59:55,041 - INFO - root - Оценка на тестовом фолде (рекурсивный прогноз)...
2025-06-27 15:59:55,085 - WARNING - absl - Compiled the loaded model, but the compiled metrics have yet to be built. `model.compile_metrics` will be empty until you train or evaluate the model.
2025-06-27 16:01:51,899 - INFO - root - Метрики на фолде 4: {'MAE': 98.65014732937281, 'RMSE': np.float64(114.50372509891068), 'MAPE': 22.215698269562818}
2025-06-27 16:01:51,900 - INFO - root - Сохранение графика прогноза для фолда...
2025-06-27 16:01:52,129 - INFO - root - ==== ФОЛД 5/5 ====
2025-06-27 16:01:52,135 - INFO - root - Добавление кастомных признаков (циклических и rolling)...
2025-06-27 16:01:54,629 - INFO - root - Количество признаков: 8
2025-06-27 16:01:54,630 - INFO - root - Построение и обучение модели...
2025-06-27 16:02:18,920 - WARNING - absl - You are saving your model as an HDF5 file via `model.save()` or `keras.saving.save_model(model)`. This file format is considered legacy. We recommend using instead the native Keras format, e.g. `model.save('my_model.keras')` or `keras.saving.save_model(model, 'my_model.keras')`. 
2025-06-27 16:02:41,535 - WARNING - absl - You are saving your model as an HDF5 file via `model.save()` or `keras.saving.save_model(model)`. This file format is considered legacy. We recommend using instead the native Keras format, e.g. `model.save('my_model.keras')` or `keras.saving.save_model(model, 'my_model.keras')`. 
2025-06-27 16:03:04,424 - WARNING - absl - You are saving your model as an HDF5 file via `model.save()` or `keras.saving.save_model(model)`. This file format is considered legacy. We recommend using instead the native Keras format, e.g. `model.save('my_model.keras')` or `keras.saving.save_model(model, 'my_model.keras')`. 
2025-06-27 16:03:27,721 - WARNING - absl - You are saving your model as an HDF5 file via `model.save()` or `keras.saving.save_model(model)`. This file format is considered legacy. We recommend using instead the native Keras format, e.g. `model.save('my_model.keras')` or `keras.saving.save_model(model, 'my_model.keras')`. 
2025-06-27 16:03:50,427 - WARNING - absl - You are saving your model as an HDF5 file via `model.save()` or `keras.saving.save_model(model)`. This file format is considered legacy. We recommend using instead the native Keras format, e.g. `model.save('my_model.keras')` or `keras.saving.save_model(model, 'my_model.keras')`. 
2025-06-27 16:04:12,833 - WARNING - absl - You are saving your model as an HDF5 file via `model.save()` or `keras.saving.save_model(model)`. This file format is considered legacy. We recommend using instead the native Keras format, e.g. `model.save('my_model.keras')` or `keras.saving.save_model(model, 'my_model.keras')`. 
2025-06-27 16:04:36,162 - WARNING - absl - You are saving your model as an HDF5 file via `model.save()` or `keras.saving.save_model(model)`. This file format is considered legacy. We recommend using instead the native Keras format, e.g. `model.save('my_model.keras')` or `keras.saving.save_model(model, 'my_model.keras')`. 
2025-06-27 16:04:58,460 - WARNING - absl - You are saving your model as an HDF5 file via `model.save()` or `keras.saving.save_model(model)`. This file format is considered legacy. We recommend using instead the native Keras format, e.g. `model.save('my_model.keras')` or `keras.saving.save_model(model, 'my_model.keras')`. 
2025-06-27 16:05:21,105 - WARNING - absl - You are saving your model as an HDF5 file via `model.save()` or `keras.saving.save_model(model)`. This file format is considered legacy. We recommend using instead the native Keras format, e.g. `model.save('my_model.keras')` or `keras.saving.save_model(model, 'my_model.keras')`. 
2025-06-27 16:05:43,614 - INFO - root - Оценка на тестовом фолде (рекурсивный прогноз)...
2025-06-27 16:05:43,670 - WARNING - absl - Compiled the loaded model, but the compiled metrics have yet to be built. `model.compile_metrics` will be empty until you train or evaluate the model.
2025-06-27 16:07:39,384 - INFO - root - Метрики на фолде 5: {'MAE': 115.7704428003996, 'RMSE': np.float64(125.76955064132584), 'MAPE': 31.61282689786419}
2025-06-27 16:07:39,384 - INFO - root - Сохранение графика прогноза для фолда...
2025-06-27 16:07:39,611 - INFO - root - ==== ИТОГОВЫЕ МЕТРИКИ (среднее по фолдам) ====
2025-06-27 16:07:39,611 - INFO - root - {'MAE': np.float64(100.37950395197083), 'RMSE': np.float64(116.03349612384707), 'MAPE': np.float64(24.82678834087984)}
2025-06-27 16:07:39,611 - INFO - root - Скрипт завершен. Модели сохранены в models/lstm_multivariate_cv_fixed_20250627_153858, графики в plots/lstm_multivariate_cv_fixed_20250627_153858
