2025-06-18 21:23:44,558 - INFO - root - Загрузка и очистка данных...
2025-06-18 21:23:44,795 - INFO - root - Добавление кастомных признаков (циклических и rolling)...
2025-06-18 21:23:44,951 - INFO - root - Запускаю кросс-валидацию с 5 фолдами...
2025-06-18 21:23:44,951 - INFO - root - ==== ФОЛД 1/5 ====
2025-06-18 21:23:47,218 - INFO - root - Количество признаков: 8
2025-06-18 21:23:47,219 - INFO - root - Построение и обучение модели...
2025-06-18 21:24:17,897 - WARNING - absl - You are saving your model as an HDF5 file via `model.save()` or `keras.saving.save_model(model)`. This file format is considered legacy. We recommend using instead the native Keras format, e.g. `model.save('my_model.keras')` or `keras.saving.save_model(model, 'my_model.keras')`. 
2025-06-18 21:24:42,454 - WARNING - absl - You are saving your model as an HDF5 file via `model.save()` or `keras.saving.save_model(model)`. This file format is considered legacy. We recommend using instead the native Keras format, e.g. `model.save('my_model.keras')` or `keras.saving.save_model(model, 'my_model.keras')`. 
2025-06-18 21:25:07,021 - WARNING - absl - You are saving your model as an HDF5 file via `model.save()` or `keras.saving.save_model(model)`. This file format is considered legacy. We recommend using instead the native Keras format, e.g. `model.save('my_model.keras')` or `keras.saving.save_model(model, 'my_model.keras')`. 
2025-06-18 21:25:31,603 - WARNING - absl - You are saving your model as an HDF5 file via `model.save()` or `keras.saving.save_model(model)`. This file format is considered legacy. We recommend using instead the native Keras format, e.g. `model.save('my_model.keras')` or `keras.saving.save_model(model, 'my_model.keras')`. 
2025-06-18 21:25:56,517 - WARNING - absl - You are saving your model as an HDF5 file via `model.save()` or `keras.saving.save_model(model)`. This file format is considered legacy. We recommend using instead the native Keras format, e.g. `model.save('my_model.keras')` or `keras.saving.save_model(model, 'my_model.keras')`. 
2025-06-18 21:26:20,939 - WARNING - absl - You are saving your model as an HDF5 file via `model.save()` or `keras.saving.save_model(model)`. This file format is considered legacy. We recommend using instead the native Keras format, e.g. `model.save('my_model.keras')` or `keras.saving.save_model(model, 'my_model.keras')`. 
2025-06-18 21:26:45,393 - WARNING - absl - You are saving your model as an HDF5 file via `model.save()` or `keras.saving.save_model(model)`. This file format is considered legacy. We recommend using instead the native Keras format, e.g. `model.save('my_model.keras')` or `keras.saving.save_model(model, 'my_model.keras')`. 
2025-06-18 21:27:09,857 - WARNING - absl - You are saving your model as an HDF5 file via `model.save()` or `keras.saving.save_model(model)`. This file format is considered legacy. We recommend using instead the native Keras format, e.g. `model.save('my_model.keras')` or `keras.saving.save_model(model, 'my_model.keras')`. 
2025-06-18 21:27:59,187 - WARNING - absl - You are saving your model as an HDF5 file via `model.save()` or `keras.saving.save_model(model)`. This file format is considered legacy. We recommend using instead the native Keras format, e.g. `model.save('my_model.keras')` or `keras.saving.save_model(model, 'my_model.keras')`. 
2025-06-18 21:27:59,257 - INFO - root - Оценка на тестовом фолде...
2025-06-18 21:27:59,315 - WARNING - absl - Compiled the loaded model, but the compiled metrics have yet to be built. `model.compile_metrics` will be empty until you train or evaluate the model.
2025-06-18 21:27:59,698 - INFO - root - Метрики на фолде 1: {'MAE': 3.8041304742384305, 'RMSE': np.float64(4.576854769017077), 'MAPE': 0.8968758678664025}
2025-06-18 21:27:59,699 - INFO - root - Сохранение графика прогноза для фолда...
2025-06-18 21:27:59,929 - INFO - root - ==== ФОЛД 2/5 ====
2025-06-18 21:28:02,225 - INFO - root - Количество признаков: 8
2025-06-18 21:28:02,226 - INFO - root - Построение и обучение модели...
2025-06-18 21:28:28,430 - WARNING - absl - You are saving your model as an HDF5 file via `model.save()` or `keras.saving.save_model(model)`. This file format is considered legacy. We recommend using instead the native Keras format, e.g. `model.save('my_model.keras')` or `keras.saving.save_model(model, 'my_model.keras')`. 
2025-06-18 21:28:54,062 - WARNING - absl - You are saving your model as an HDF5 file via `model.save()` or `keras.saving.save_model(model)`. This file format is considered legacy. We recommend using instead the native Keras format, e.g. `model.save('my_model.keras')` or `keras.saving.save_model(model, 'my_model.keras')`. 
2025-06-18 21:29:18,985 - WARNING - absl - You are saving your model as an HDF5 file via `model.save()` or `keras.saving.save_model(model)`. This file format is considered legacy. We recommend using instead the native Keras format, e.g. `model.save('my_model.keras')` or `keras.saving.save_model(model, 'my_model.keras')`. 
2025-06-18 21:29:45,006 - WARNING - absl - You are saving your model as an HDF5 file via `model.save()` or `keras.saving.save_model(model)`. This file format is considered legacy. We recommend using instead the native Keras format, e.g. `model.save('my_model.keras')` or `keras.saving.save_model(model, 'my_model.keras')`. 
2025-06-18 21:30:10,486 - WARNING - absl - You are saving your model as an HDF5 file via `model.save()` or `keras.saving.save_model(model)`. This file format is considered legacy. We recommend using instead the native Keras format, e.g. `model.save('my_model.keras')` or `keras.saving.save_model(model, 'my_model.keras')`. 
2025-06-18 21:30:35,096 - WARNING - absl - You are saving your model as an HDF5 file via `model.save()` or `keras.saving.save_model(model)`. This file format is considered legacy. We recommend using instead the native Keras format, e.g. `model.save('my_model.keras')` or `keras.saving.save_model(model, 'my_model.keras')`. 
2025-06-18 21:30:59,771 - WARNING - absl - You are saving your model as an HDF5 file via `model.save()` or `keras.saving.save_model(model)`. This file format is considered legacy. We recommend using instead the native Keras format, e.g. `model.save('my_model.keras')` or `keras.saving.save_model(model, 'my_model.keras')`. 
2025-06-18 21:31:24,272 - WARNING - absl - You are saving your model as an HDF5 file via `model.save()` or `keras.saving.save_model(model)`. This file format is considered legacy. We recommend using instead the native Keras format, e.g. `model.save('my_model.keras')` or `keras.saving.save_model(model, 'my_model.keras')`. 
2025-06-18 21:31:48,953 - WARNING - absl - You are saving your model as an HDF5 file via `model.save()` or `keras.saving.save_model(model)`. This file format is considered legacy. We recommend using instead the native Keras format, e.g. `model.save('my_model.keras')` or `keras.saving.save_model(model, 'my_model.keras')`. 
2025-06-18 21:32:13,715 - WARNING - absl - You are saving your model as an HDF5 file via `model.save()` or `keras.saving.save_model(model)`. This file format is considered legacy. We recommend using instead the native Keras format, e.g. `model.save('my_model.keras')` or `keras.saving.save_model(model, 'my_model.keras')`. 
2025-06-18 21:32:13,814 - INFO - root - Оценка на тестовом фолде...
2025-06-18 21:32:13,861 - WARNING - absl - Compiled the loaded model, but the compiled metrics have yet to be built. `model.compile_metrics` will be empty until you train or evaluate the model.
2025-06-18 21:32:14,217 - INFO - root - Метрики на фолде 2: {'MAE': 5.4686234419475195, 'RMSE': np.float64(6.681295147411466), 'MAPE': 1.3349527285882032}
2025-06-18 21:32:14,217 - INFO - root - Сохранение графика прогноза для фолда...
2025-06-18 21:32:14,437 - INFO - root - ==== ФОЛД 3/5 ====
2025-06-18 21:32:16,829 - INFO - root - Количество признаков: 8
2025-06-18 21:32:16,829 - INFO - root - Построение и обучение модели...
2025-06-18 21:33:12,747 - WARNING - absl - You are saving your model as an HDF5 file via `model.save()` or `keras.saving.save_model(model)`. This file format is considered legacy. We recommend using instead the native Keras format, e.g. `model.save('my_model.keras')` or `keras.saving.save_model(model, 'my_model.keras')`. 
2025-06-18 21:33:37,527 - WARNING - absl - You are saving your model as an HDF5 file via `model.save()` or `keras.saving.save_model(model)`. This file format is considered legacy. We recommend using instead the native Keras format, e.g. `model.save('my_model.keras')` or `keras.saving.save_model(model, 'my_model.keras')`. 
2025-06-18 21:34:02,249 - WARNING - absl - You are saving your model as an HDF5 file via `model.save()` or `keras.saving.save_model(model)`. This file format is considered legacy. We recommend using instead the native Keras format, e.g. `model.save('my_model.keras')` or `keras.saving.save_model(model, 'my_model.keras')`. 
2025-06-18 21:34:27,126 - WARNING - absl - You are saving your model as an HDF5 file via `model.save()` or `keras.saving.save_model(model)`. This file format is considered legacy. We recommend using instead the native Keras format, e.g. `model.save('my_model.keras')` or `keras.saving.save_model(model, 'my_model.keras')`. 
2025-06-18 21:34:52,112 - WARNING - absl - You are saving your model as an HDF5 file via `model.save()` or `keras.saving.save_model(model)`. This file format is considered legacy. We recommend using instead the native Keras format, e.g. `model.save('my_model.keras')` or `keras.saving.save_model(model, 'my_model.keras')`. 
2025-06-18 21:35:17,301 - WARNING - absl - You are saving your model as an HDF5 file via `model.save()` or `keras.saving.save_model(model)`. This file format is considered legacy. We recommend using instead the native Keras format, e.g. `model.save('my_model.keras')` or `keras.saving.save_model(model, 'my_model.keras')`. 
2025-06-18 21:35:42,483 - WARNING - absl - You are saving your model as an HDF5 file via `model.save()` or `keras.saving.save_model(model)`. This file format is considered legacy. We recommend using instead the native Keras format, e.g. `model.save('my_model.keras')` or `keras.saving.save_model(model, 'my_model.keras')`. 
2025-06-18 21:36:07,756 - WARNING - absl - You are saving your model as an HDF5 file via `model.save()` or `keras.saving.save_model(model)`. This file format is considered legacy. We recommend using instead the native Keras format, e.g. `model.save('my_model.keras')` or `keras.saving.save_model(model, 'my_model.keras')`. 
2025-06-18 21:37:00,109 - WARNING - absl - You are saving your model as an HDF5 file via `model.save()` or `keras.saving.save_model(model)`. This file format is considered legacy. We recommend using instead the native Keras format, e.g. `model.save('my_model.keras')` or `keras.saving.save_model(model, 'my_model.keras')`. 
2025-06-18 21:37:00,232 - INFO - root - Оценка на тестовом фолде...
2025-06-18 21:37:00,280 - WARNING - absl - Compiled the loaded model, but the compiled metrics have yet to be built. `model.compile_metrics` will be empty until you train or evaluate the model.
2025-06-18 21:37:00,640 - INFO - root - Метрики на фолде 3: {'MAE': 3.5240932487073815, 'RMSE': np.float64(4.227815254462583), 'MAPE': 0.8731713945186216}
2025-06-18 21:37:00,640 - INFO - root - Сохранение графика прогноза для фолда...
2025-06-18 21:37:00,871 - INFO - root - ==== ФОЛД 4/5 ====
2025-06-18 21:37:03,407 - INFO - root - Количество признаков: 8
2025-06-18 21:37:03,407 - INFO - root - Построение и обучение модели...
2025-06-18 21:37:29,472 - WARNING - absl - You are saving your model as an HDF5 file via `model.save()` or `keras.saving.save_model(model)`. This file format is considered legacy. We recommend using instead the native Keras format, e.g. `model.save('my_model.keras')` or `keras.saving.save_model(model, 'my_model.keras')`. 
2025-06-18 21:50:57,124 - WARNING - absl - You are saving your model as an HDF5 file via `model.save()` or `keras.saving.save_model(model)`. This file format is considered legacy. We recommend using instead the native Keras format, e.g. `model.save('my_model.keras')` or `keras.saving.save_model(model, 'my_model.keras')`. 
2025-06-18 21:51:22,910 - WARNING - absl - You are saving your model as an HDF5 file via `model.save()` or `keras.saving.save_model(model)`. This file format is considered legacy. We recommend using instead the native Keras format, e.g. `model.save('my_model.keras')` or `keras.saving.save_model(model, 'my_model.keras')`. 
2025-06-18 21:51:48,555 - WARNING - absl - You are saving your model as an HDF5 file via `model.save()` or `keras.saving.save_model(model)`. This file format is considered legacy. We recommend using instead the native Keras format, e.g. `model.save('my_model.keras')` or `keras.saving.save_model(model, 'my_model.keras')`. 
2025-06-18 21:52:13,805 - WARNING - absl - You are saving your model as an HDF5 file via `model.save()` or `keras.saving.save_model(model)`. This file format is considered legacy. We recommend using instead the native Keras format, e.g. `model.save('my_model.keras')` or `keras.saving.save_model(model, 'my_model.keras')`. 
2025-06-18 21:52:39,562 - WARNING - absl - You are saving your model as an HDF5 file via `model.save()` or `keras.saving.save_model(model)`. This file format is considered legacy. We recommend using instead the native Keras format, e.g. `model.save('my_model.keras')` or `keras.saving.save_model(model, 'my_model.keras')`. 
2025-06-18 21:53:23,117 - WARNING - absl - You are saving your model as an HDF5 file via `model.save()` or `keras.saving.save_model(model)`. This file format is considered legacy. We recommend using instead the native Keras format, e.g. `model.save('my_model.keras')` or `keras.saving.save_model(model, 'my_model.keras')`. 
2025-06-18 21:54:23,737 - WARNING - absl - You are saving your model as an HDF5 file via `model.save()` or `keras.saving.save_model(model)`. This file format is considered legacy. We recommend using instead the native Keras format, e.g. `model.save('my_model.keras')` or `keras.saving.save_model(model, 'my_model.keras')`. 
2025-06-18 21:56:26,207 - INFO - root - Оценка на тестовом фолде...
2025-06-18 21:56:26,260 - WARNING - absl - Compiled the loaded model, but the compiled metrics have yet to be built. `model.compile_metrics` will be empty until you train or evaluate the model.
2025-06-18 21:56:26,645 - INFO - root - Метрики на фолде 4: {'MAE': 7.849463773505632, 'RMSE': np.float64(9.369958733946484), 'MAPE': 1.8705899325171342}
2025-06-18 21:56:26,645 - INFO - root - Сохранение графика прогноза для фолда...
2025-06-18 21:56:26,869 - INFO - root - ==== ФОЛД 5/5 ====
2025-06-18 21:56:29,346 - INFO - root - Количество признаков: 8
2025-06-18 21:56:29,347 - INFO - root - Построение и обучение модели...
2025-06-18 21:57:27,740 - WARNING - absl - You are saving your model as an HDF5 file via `model.save()` or `keras.saving.save_model(model)`. This file format is considered legacy. We recommend using instead the native Keras format, e.g. `model.save('my_model.keras')` or `keras.saving.save_model(model, 'my_model.keras')`. 
2025-06-18 21:58:29,569 - WARNING - absl - You are saving your model as an HDF5 file via `model.save()` or `keras.saving.save_model(model)`. This file format is considered legacy. We recommend using instead the native Keras format, e.g. `model.save('my_model.keras')` or `keras.saving.save_model(model, 'my_model.keras')`. 
2025-06-18 21:59:31,075 - WARNING - absl - You are saving your model as an HDF5 file via `model.save()` or `keras.saving.save_model(model)`. This file format is considered legacy. We recommend using instead the native Keras format, e.g. `model.save('my_model.keras')` or `keras.saving.save_model(model, 'my_model.keras')`. 
2025-06-18 22:00:32,602 - WARNING - absl - You are saving your model as an HDF5 file via `model.save()` or `keras.saving.save_model(model)`. This file format is considered legacy. We recommend using instead the native Keras format, e.g. `model.save('my_model.keras')` or `keras.saving.save_model(model, 'my_model.keras')`. 
2025-06-18 22:02:10,954 - WARNING - absl - You are saving your model as an HDF5 file via `model.save()` or `keras.saving.save_model(model)`. This file format is considered legacy. We recommend using instead the native Keras format, e.g. `model.save('my_model.keras')` or `keras.saving.save_model(model, 'my_model.keras')`. 
2025-06-18 22:03:12,128 - WARNING - absl - You are saving your model as an HDF5 file via `model.save()` or `keras.saving.save_model(model)`. This file format is considered legacy. We recommend using instead the native Keras format, e.g. `model.save('my_model.keras')` or `keras.saving.save_model(model, 'my_model.keras')`. 
2025-06-18 22:04:14,158 - WARNING - absl - You are saving your model as an HDF5 file via `model.save()` or `keras.saving.save_model(model)`. This file format is considered legacy. We recommend using instead the native Keras format, e.g. `model.save('my_model.keras')` or `keras.saving.save_model(model, 'my_model.keras')`. 
2025-06-18 22:05:15,633 - WARNING - absl - You are saving your model as an HDF5 file via `model.save()` or `keras.saving.save_model(model)`. This file format is considered legacy. We recommend using instead the native Keras format, e.g. `model.save('my_model.keras')` or `keras.saving.save_model(model, 'my_model.keras')`. 
2025-06-18 22:06:16,778 - WARNING - absl - You are saving your model as an HDF5 file via `model.save()` or `keras.saving.save_model(model)`. This file format is considered legacy. We recommend using instead the native Keras format, e.g. `model.save('my_model.keras')` or `keras.saving.save_model(model, 'my_model.keras')`. 
2025-06-18 22:07:17,904 - WARNING - absl - You are saving your model as an HDF5 file via `model.save()` or `keras.saving.save_model(model)`. This file format is considered legacy. We recommend using instead the native Keras format, e.g. `model.save('my_model.keras')` or `keras.saving.save_model(model, 'my_model.keras')`. 
2025-06-18 22:07:18,018 - INFO - root - Оценка на тестовом фолде...
2025-06-18 22:07:18,062 - WARNING - absl - Compiled the loaded model, but the compiled metrics have yet to be built. `model.compile_metrics` will be empty until you train or evaluate the model.
2025-06-18 22:07:18,442 - INFO - root - Метрики на фолде 5: {'MAE': 4.074335078685298, 'RMSE': np.float64(5.222358046363975), 'MAPE': 1.0744981350926575}
2025-06-18 22:07:18,442 - INFO - root - Сохранение графика прогноза для фолда...
2025-06-18 22:07:18,667 - INFO - root - ==== ИТОГОВЫЕ МЕТРИКИ (среднее по фолдам) ====
2025-06-18 22:07:18,667 - INFO - root - {'MAE': np.float64(4.9441292034168525), 'RMSE': np.float64(6.015656390240317), 'MAPE': np.float64(1.2100176117166037)}
2025-06-18 22:07:18,667 - INFO - root - Скрипт завершен. Модели сохранены в models/lstm_multivariate_cv_20250618_212344, графики в plots/lstm_multivariate_cv_20250618_212344
