2025-06-16 19:40:13,472 - INFO -          common_cad
count  90437.000000
mean     423.157471
std      200.322570
min      205.757349
25%      314.537964
50%      389.539380
75%      483.270654
max     8093.401355
2025-06-16 19:40:15,787 - INFO - Размер полного датасета: 90437
2025-06-16 19:40:15,789 - INFO - Размер для обучения и CV: 72349
2025-06-16 19:40:15,790 - INFO - Размер для валидации: 17183
2025-06-16 19:40:15,791 - INFO - Размер для hold-out теста: 905
2025-06-16 19:40:16,227 - INFO - Запускаю кросс-валидацию на 2 фолдах...
2025-06-16 19:40:16,230 - INFO - 
--- Фолд 1/2 ---
2025-06-16 19:40:16,233 - INFO - Размер train фолда 1: 87732
2025-06-16 19:40:16,233 - INFO - Размер val фолда 1: 900
2025-06-16 19:40:16,234 - INFO - Период фолда 1: 2024-11-25 18:01:00 - 2024-12-10 23:33:45
2025-06-16 19:40:16,235 - INFO - Начинаю обучение на фолде...
2025-06-16 19:42:33,087 - INFO - Обучение на фолде завершено.
2025-06-16 19:44:36,493 - INFO - Метрики на фолде 1: MAE=90.4, RMSE=108.6, MAPE=23.59%
2025-06-16 19:44:37,769 - INFO - 
--- Фолд 2/2 ---
2025-06-16 19:44:37,774 - INFO - Размер train фолда 2: 88632
2025-06-16 19:44:37,775 - INFO - Размер val фолда 2: 900
2025-06-16 19:44:37,776 - INFO - Период фолда 2: 2024-11-25 18:01:00 - 2024-12-11 03:18:45
2025-06-16 19:44:37,793 - INFO - Начинаю обучение на фолде...
2025-06-16 19:49:25,264 - INFO - Обучение на фолде завершено.
2025-06-16 19:51:17,835 - INFO - Метрики на фолде 2: MAE=105.0, RMSE=138.5, MAPE=23.91%
2025-06-16 19:51:18,444 - INFO - 
--- Результаты кросс-валидации (средние) ---
2025-06-16 19:51:18,447 - INFO - CV Avg • MAE=97.7  RMSE=123.5  MAPE=23.75%
2025-06-16 19:51:18,448 - INFO - 
Начинаю обучение финальной модели на всех данных train+val...
2025-06-16 19:53:01,872 - INFO - Финальная модель успешно обучена!
2025-06-16 19:53:01,875 - INFO - Параметры модели: {'loss_function': 'RMSE', 'boosting_type': 'Plain', 'l2_leaf_reg': 1.0, 'depth': 10, 'learning_rate': 0.075, 'iterations': 2500, 'random_seed': 42, 'early_stopping_rounds': 150, 'verbose': False}
2025-06-16 19:53:04,810 - INFO - 
Делаю прогноз на hold-out сете...
2025-06-16 19:55:56,537 - INFO - Прогноз готов!
2025-06-16 19:55:56,561 - INFO - Длина прогноза: 905, Длина реальных данных: 905
2025-06-16 19:55:56,679 - INFO - Blind ~4h test • MAE=119.4  RMSE=148.8  MAPE=33.30%  on 905 valid points
2025-06-16 19:55:59,162 - INFO - 
*** Hold-out metrics ***
2025-06-16 19:55:59,163 - INFO -            value
MAE   119.394561
RMSE  148.779086
MAPE   33.303905
2025-06-16 19:55:59,243 - INFO - 
MAE by day:
2025-06-16 19:55:59,244 - INFO -         index         MAE
0  2024-12-11  119.394561
2025-06-16 19:56:01,719 - INFO -                    feature  importance
0      f_resid_roll_mean_4   22.942704
1       f_resid_roll_std_4   19.529638
2            f_resid_lag_4   15.216597
3            f_resid_lag_1   11.898021
4     f_resid_roll_mean_96    2.905135
5            f_resid_lag_2    2.846735
6         f_resid_lag_5760    2.305504
7          f_resid_lag_192    2.256581
8           f_resid_lag_96    2.187006
9      f_resid_roll_std_96    1.984616
10   f_resid_roll_mean_192    1.757690
11    f_resid_roll_std_192    1.491980
12  f_resid_roll_mean_5760    1.254849
13  f_resid_roll_mean_8640    1.238638
14  f_resid_roll_mean_4320    1.185372
15  f_resid_roll_mean_2880    1.182081
16   f_resid_roll_std_1920    1.132861
17  f_resid_roll_mean_1920    1.028632
18                time_idx    0.852202
19   f_resid_roll_std_5760    0.851294
