2025-06-16 19:58:06,805 - INFO -          common_cad
count  90437.000000
mean     423.157471
std      200.322570
min      205.757349
25%      314.537964
50%      389.539380
75%      483.270654
max     8093.401355
2025-06-16 19:58:06,907 - INFO - Размер полного датасета: 90437
2025-06-16 19:58:06,909 - INFO - Размер для обучения и CV: 72349
2025-06-16 19:58:06,910 - INFO - Размер для валидации: 17183
2025-06-16 19:58:06,911 - INFO - Размер для hold-out теста: 905
2025-06-16 19:58:06,993 - INFO - Запускаю кросс-валидацию на 2 фолдах...
2025-06-16 19:58:06,997 - INFO - 
--- Фолд 1/2 ---
2025-06-16 19:58:07,001 - INFO - Размер train фолда 1: 87732
2025-06-16 19:58:07,002 - INFO - Размер val фолда 1: 900
2025-06-16 19:58:07,003 - INFO - Период фолда 1: 2024-11-25 18:01:00 - 2024-12-10 23:33:45
2025-06-16 19:58:07,003 - INFO - Начинаю обучение на фолде...
2025-06-16 20:02:39,305 - INFO - Обучение на фолде завершено.
2025-06-16 20:05:57,678 - INFO - Метрики на фолде 1: MAE=70.9, RMSE=91.5, MAPE=19.18%
2025-06-16 20:06:00,487 - INFO - 
--- Фолд 2/2 ---
2025-06-16 20:06:00,493 - INFO - Размер train фолда 2: 88632
2025-06-16 20:06:00,494 - INFO - Размер val фолда 2: 900
2025-06-16 20:06:00,495 - INFO - Период фолда 2: 2024-11-25 18:01:00 - 2024-12-11 03:18:45
2025-06-16 20:06:00,514 - INFO - Начинаю обучение на фолде...
2025-06-16 20:08:01,877 - INFO - Обучение на фолде завершено.
2025-06-16 20:09:48,484 - INFO - Метрики на фолде 2: MAE=100.4, RMSE=133.5, MAPE=24.57%
2025-06-16 20:09:49,107 - INFO - 
--- Результаты кросс-валидации (средние) ---
2025-06-16 20:09:49,108 - INFO - CV Avg • MAE=85.7  RMSE=112.5  MAPE=21.88%
2025-06-16 20:09:49,109 - INFO - 
Начинаю обучение финальной модели на всех данных train+val...
2025-06-16 20:14:41,780 - INFO - Финальная модель успешно обучена!
2025-06-16 20:14:41,810 - INFO - Параметры модели: {'loss_function': 'RMSE', 'boosting_type': 'Plain', 'l2_leaf_reg': 10.0, 'depth': 10, 'learning_rate': 0.075, 'iterations': 2500, 'random_seed': 42, 'early_stopping_rounds': 150, 'verbose': False}
2025-06-16 20:14:46,596 - INFO - 
Делаю прогноз на hold-out сете...
2025-06-16 20:17:38,803 - INFO - Прогноз готов!
2025-06-16 20:17:38,899 - INFO - Длина прогноза: 905, Длина реальных данных: 905
2025-06-16 20:17:39,130 - INFO - Blind ~4h test • MAE=152.1  RMSE=183.7  MAPE=43.71%  on 905 valid points
2025-06-16 20:17:41,099 - INFO - 
*** Hold-out metrics ***
2025-06-16 20:17:41,101 - INFO -            value
MAE   152.144025
RMSE  183.743996
MAPE   43.714228
2025-06-16 20:17:41,162 - INFO - 
MAE by day:
2025-06-16 20:17:41,165 - INFO -         index         MAE
0  2024-12-11  152.144025
2025-06-16 20:17:42,419 - INFO -                    feature  importance
0      f_resid_roll_mean_4   25.712435
1       f_resid_roll_std_4   19.614942
2            f_resid_lag_4   15.724655
3            f_resid_lag_1   13.639970
4            f_resid_lag_2    2.576689
5     f_resid_roll_mean_96    2.429091
6          f_resid_lag_192    1.956146
7         f_resid_lag_5760    1.885893
8           f_resid_lag_96    1.839627
9      f_resid_roll_std_96    1.708436
10   f_resid_roll_mean_192    1.593111
11    f_resid_roll_std_192    1.144704
12  f_resid_roll_mean_5760    1.072558
13  f_resid_roll_mean_8640    1.002060
14  f_resid_roll_mean_4320    0.944906
15  f_resid_roll_mean_2880    0.898961
16  f_resid_roll_mean_1920    0.881424
17   f_resid_roll_std_1920    0.875974
18   f_resid_roll_std_5760    0.814808
19   f_resid_roll_std_8640    0.670735
