2025-06-16 17:44:58,457 - INFO -          common_cad
count  90437.000000
mean     423.157471
std      200.322570
min      205.757349
25%      314.537964
50%      389.539380
75%      483.270654
max     8093.401355
2025-06-16 17:45:31,058 - INFO - Размер полного датасета: 90437
2025-06-16 17:45:31,060 - INFO - Размер для обучения и CV: 72349
2025-06-16 17:45:31,061 - INFO - Размер для валидации: 17183
2025-06-16 17:45:31,062 - INFO - Размер для hold-out теста: 905
2025-06-16 17:45:58,525 - INFO - Размер полного датасета: 90437
2025-06-16 17:45:58,527 - INFO - Размер для обучения и CV: 72349
2025-06-16 17:45:58,528 - INFO - Размер для валидации: 17183
2025-06-16 17:45:58,530 - INFO - Размер для hold-out теста: 905
2025-06-16 17:46:13,506 - INFO - Запускаю кросс-валидацию на 2 фолдах...
2025-06-16 17:46:13,509 - INFO - 
--- Фолд 1/2 ---
2025-06-16 17:46:13,512 - INFO - Размер train фолда 1: 70549
2025-06-16 17:46:13,513 - INFO - Размер val фолда 1: 900
2025-06-16 17:46:13,513 - INFO - Период фолда 1: 2024-11-25 18:01:00 - 2024-12-07 23:58:00
2025-06-16 17:46:13,514 - INFO - Начинаю обучение на фолде...
2025-06-16 17:48:00,651 - INFO - Обучение на фолде завершено.
2025-06-16 17:49:20,213 - INFO - Метрики на фолде 1: MAE=246.9, RMSE=271.5, MAPE=87.09%
2025-06-16 17:49:21,174 - INFO - 
--- Фолд 2/2 ---
2025-06-16 17:49:21,177 - INFO - Размер train фолда 2: 71449
2025-06-16 17:49:21,178 - INFO - Размер val фолда 2: 900
2025-06-16 17:49:21,179 - INFO - Период фолда 2: 2024-11-25 18:01:00 - 2024-12-08 03:43:00
2025-06-16 17:49:21,193 - INFO - Начинаю обучение на фолде...
2025-06-16 17:50:48,439 - INFO - Обучение на фолде завершено.
2025-06-16 17:52:31,174 - INFO - Метрики на фолде 2: MAE=75.1, RMSE=90.1, MAPE=25.27%
2025-06-16 17:52:32,492 - INFO - 
--- Результаты кросс-валидации (средние) ---
2025-06-16 17:52:32,499 - INFO - CV Avg • MAE=161.0  RMSE=180.8  MAPE=56.18%
2025-06-16 17:52:32,502 - INFO - 
Начинаю обучение финальной модели на всех данных train+val...
2025-06-16 17:58:20,907 - INFO - Финальная модель успешно обучена!
2025-06-16 17:58:22,416 - INFO - 
Делаю прогноз на hold-out сете...
2025-06-16 17:59:55,220 - INFO - Прогноз готов!
2025-06-16 17:59:55,235 - INFO - Длина прогноза: 0, Длина реальных данных: 0
2025-06-16 18:00:44,589 - INFO - 
Делаю прогноз на hold-out сете...
2025-06-16 18:03:33,177 - INFO - Прогноз готов!
2025-06-16 18:03:33,200 - INFO - Длина прогноза: 905, Длина реальных данных: 905
2025-06-16 18:03:33,609 - INFO - Blind ~4h test • MAE=153.9  RMSE=214.5  MAPE=40.22%  on 905 valid points
2025-06-16 18:06:52,117 - INFO - 
*** Hold-out metrics ***
2025-06-16 18:06:52,118 - INFO -            value
MAE   153.923293
RMSE  214.488476
MAPE   40.216890
2025-06-16 18:06:52,186 - INFO - 
MAE by day:
2025-06-16 18:06:52,188 - INFO -         index         MAE
0  2024-12-11  153.923293
2025-06-16 18:06:53,824 - INFO -                    feature  importance
0      f_resid_roll_mean_4   24.464197
1            f_resid_lag_1   15.528494
2       f_resid_roll_std_4   15.096054
3            f_resid_lag_4   14.580627
4     f_resid_roll_mean_96    3.639661
5          f_resid_lag_192    2.736764
6            f_resid_lag_2    2.683765
7         f_resid_lag_5760    2.644081
8           f_resid_lag_96    2.613227
9    f_resid_roll_mean_192    2.056193
10     f_resid_roll_std_96    1.567536
11  f_resid_roll_mean_1920    1.245033
12  f_resid_roll_mean_2880    1.149941
13  f_resid_roll_mean_4320    1.117968
14  f_resid_roll_mean_5760    1.079158
15    f_resid_roll_std_192    1.041716
16  f_resid_roll_mean_8640    1.025053
17                    hour    0.860056
18   f_resid_roll_std_2880    0.780434
19   f_resid_roll_std_1920    0.763935
2025-06-16 18:10:40,959 - INFO -          common_cad
count  90437.000000
mean     423.157471
std      200.322570
min      205.757349
25%      314.537964
50%      389.539380
75%      483.270654
max     8093.401355
2025-06-16 18:10:41,047 - INFO - Размер полного датасета: 90437
2025-06-16 18:10:41,049 - INFO - Размер для обучения и CV: 72349
2025-06-16 18:10:41,050 - INFO - Размер для валидации: 17183
2025-06-16 18:10:41,051 - INFO - Размер для hold-out теста: 905
2025-06-16 18:10:41,173 - INFO - Запускаю кросс-валидацию на 2 фолдах...
2025-06-16 18:10:41,176 - INFO - 
--- Фолд 1/2 ---
2025-06-16 18:10:41,179 - INFO - Размер train фолда 1: 70549
2025-06-16 18:10:41,180 - INFO - Размер val фолда 1: 900
2025-06-16 18:10:41,180 - INFO - Период фолда 1: 2024-11-25 18:01:00 - 2024-12-07 23:58:00
2025-06-16 18:10:41,181 - INFO - Начинаю обучение на фолде...
2025-06-16 18:12:00,875 - INFO - Обучение на фолде завершено.
2025-06-16 18:14:19,757 - INFO - Метрики на фолде 1: MAE=315.2, RMSE=350.6, MAPE=110.64%
2025-06-16 18:14:20,394 - INFO - 
--- Фолд 2/2 ---
2025-06-16 18:14:20,397 - INFO - Размер train фолда 2: 71449
2025-06-16 18:14:20,398 - INFO - Размер val фолда 2: 900
2025-06-16 18:14:20,398 - INFO - Период фолда 2: 2024-11-25 18:01:00 - 2024-12-08 03:43:00
2025-06-16 18:14:20,409 - INFO - Начинаю обучение на фолде...
2025-06-16 18:14:47,597 - INFO - Обучение на фолде завершено.
2025-06-16 18:16:24,990 - INFO - Метрики на фолде 2: MAE=374.5, RMSE=397.0, MAPE=125.73%
2025-06-16 18:16:25,590 - INFO - 
--- Результаты кросс-валидации (средние) ---
2025-06-16 18:16:25,592 - INFO - CV Avg • MAE=344.9  RMSE=373.8  MAPE=118.18%
2025-06-16 18:16:25,593 - INFO - 
Начинаю обучение финальной модели на всех данных train+val...
2025-06-16 18:17:03,322 - INFO - Финальная модель успешно обучена!
2025-06-16 18:17:05,085 - INFO - 
Делаю прогноз на hold-out сете...
2025-06-16 18:20:01,435 - INFO - Прогноз готов!
2025-06-16 18:20:01,462 - INFO - Длина прогноза: 905, Длина реальных данных: 905
2025-06-16 18:20:01,616 - INFO - Blind ~4h test • MAE=231.3  RMSE=278.9  MAPE=62.63%  on 905 valid points
2025-06-16 18:20:04,333 - INFO - 
*** Hold-out metrics ***
2025-06-16 18:20:04,334 - INFO -            value
MAE   231.318711
RMSE  278.893236
MAPE   62.631779
2025-06-16 18:20:04,381 - INFO - 
MAE by day:
2025-06-16 18:20:04,382 - INFO -         index         MAE
0  2024-12-11  231.318711
2025-06-16 18:20:05,997 - INFO -                    feature  importance
0      f_resid_roll_mean_4   32.910274
1            f_resid_lag_1   20.202739
2       f_resid_roll_std_4   17.196413
3            f_resid_lag_4   15.324793
4            f_resid_lag_2    2.873040
5     f_resid_roll_mean_96    2.373305
6    f_resid_roll_mean_192    0.894568
7           f_resid_lag_96    0.772880
8          f_resid_lag_192    0.669742
9      f_resid_roll_std_96    0.654802
10        f_resid_lag_5760    0.591815
11  f_resid_roll_mean_8640    0.532374
12  f_resid_roll_mean_4320    0.511810
13  f_resid_roll_mean_2880    0.505611
14   f_resid_roll_std_1920    0.478923
15  f_resid_roll_mean_1920    0.470000
16  f_resid_roll_mean_5760    0.426742
17    f_resid_roll_std_192    0.410972
18                time_idx    0.374775
19   f_resid_roll_std_4320    0.370909
