[2025-06-18 18:39:19] INFO: Загрузка и подготовка данных...
[2025-06-18 18:39:19] INFO: Данные загружены. Размер: (90757, 3). Период: 2024-11-25 18:01:00 – 2024-12-11 12:10:00
[2025-06-18 18:39:19] INFO: Данные для CV (train+val): 90757 точек
[2025-06-18 18:39:19] INFO: Hold-out для финального теста: 908 точек
[2025-06-18 18:39:19] INFO: Запускаю кросс-валидацию на 5 фолдах...
[2025-06-18 18:39:19] INFO: --- Фолд 1/5 ---
[2025-06-18 18:39:19] INFO: Начинаю обучение на фолде...
[2025-06-18 18:39:20] INFO: Обучение на фолде завершено.
[2025-06-18 18:39:20] INFO: Метрики на фолде 1: MAE=10.6, RMSE=12.5, MAPE=2.39%
[2025-06-18 18:39:20] INFO: --- Фолд 2/5 ---
[2025-06-18 18:39:20] INFO: Начинаю обучение на фолде...
[2025-06-18 18:39:21] INFO: Обучение на фолде завершено.
[2025-06-18 18:39:21] INFO: Метрики на фолде 2: MAE=7.2, RMSE=8.7, MAPE=1.71%
[2025-06-18 18:39:21] INFO: --- Фолд 3/5 ---
[2025-06-18 18:39:21] INFO: Начинаю обучение на фолде...
[2025-06-18 18:39:22] INFO: Обучение на фолде завершено.
[2025-06-18 18:39:22] INFO: Метрики на фолде 3: MAE=6.3, RMSE=7.4, MAPE=1.55%
[2025-06-18 18:39:22] INFO: --- Фолд 4/5 ---
[2025-06-18 18:39:22] INFO: Начинаю обучение на фолде...
[2025-06-18 18:39:23] INFO: Обучение на фолде завершено.
[2025-06-18 18:39:23] INFO: Метрики на фолде 4: MAE=17.8, RMSE=19.1, MAPE=4.25%
[2025-06-18 18:39:23] INFO: --- Фолд 5/5 ---
[2025-06-18 18:39:23] INFO: Начинаю обучение на фолде...
[2025-06-18 18:39:24] INFO: Обучение на фолде завершено.
[2025-06-18 18:39:24] INFO: Метрики на фолде 5: MAE=13.0, RMSE=16.1, MAPE=3.67%
[2025-06-18 18:39:24] INFO: 
--- Результаты кросс-валидации (средние) ---
[2025-06-18 18:39:24] INFO: CV Avg • MAE=11.0  RMSE=12.8  MAPE=2.72%
