2025-06-17 21:30:00,671 - INFO -                      common_cad_avg1h  db_insert_cad_avg1h  \
ts                                                           
2024-11-25 18:01:00        570.036987             3.053300   
2024-11-25 18:01:15        570.036987             3.053300   
2024-11-25 18:01:30        570.036987             3.013525   
2024-11-25 18:01:45        570.036987             3.013525   
2024-11-25 18:02:00        777.154144             3.013525   

                     kafka_network_cad_avg1h  counter_events_total  
ts                                                                  
2024-11-25 18:01:00                420.23265            10639901.0  
2024-11-25 18:01:15                420.23265            10639901.0  
2024-11-25 18:01:30                390.79950            10639901.0  
2024-11-25 18:01:45                390.79950            10639901.0  
2024-11-25 18:02:00                390.79950            10641497.0  
2025-06-17 21:30:00,684 - INFO - None
2025-06-17 21:30:00,703 - INFO -        common_cad_avg1h  db_insert_cad_avg1h  kafka_network_cad_avg1h  \
count      90543.000000         90543.000000             90543.000000   
mean         423.721359             5.509463               351.511847   
std          138.113803             2.734716                68.757625   
min          273.657007             2.735899               234.218368   
25%          334.750260             4.452122               298.045506   
50%          400.631922             5.066567               339.844292   
75%          463.068981             6.066735               395.050129   
max         1591.184778            57.561204               532.150671   

       counter_events_total  
count          9.054300e+04  
mean           1.279388e+07  
std            8.205752e+05  
min            1.063990e+07  
25%            1.218310e+07  
50%            1.243139e+07  
75%            1.371772e+07  
max            1.383237e+07  
2025-06-17 21:30:00,709 - INFO - common_cad_avg1h           0
db_insert_cad_avg1h        0
kafka_network_cad_avg1h    0
counter_events_total       0
dtype: int64
2025-06-17 21:30:00,766 - INFO - Длина df_train: 89643
2025-06-17 21:30:00,768 - INFO - Длина df_hold: 900
2025-06-17 21:31:54,980 - INFO - Длина прогноза: 900, Длина факта: 900
2025-06-17 21:31:54,984 - INFO - Blind ~4h test • MAE=33.5  RMSE=42.8  MAPE=8.72%  on 900 valid points
2025-06-17 21:31:55,676 - INFO - 
*** Hold-out metrics ***
2025-06-17 21:31:55,677 - INFO -           value
MAE   33.466626
RMSE  42.750749
MAPE   8.722659
2025-06-17 21:31:55,687 - INFO - 
MAE by day:
2025-06-17 21:31:55,688 - INFO -         index        MAE
0  2024-12-11  33.466626
2025-06-17 21:45:39,373 - INFO - Длина прогноза: 900, Длина факта: 900
2025-06-17 21:45:39,384 - INFO - Blind ~4h test • MAE=31.6  RMSE=40.5  MAPE=7.71%  on 900 valid points
2025-06-17 21:45:40,366 - INFO - 
*** Hold-out metrics ***
2025-06-17 21:45:40,367 - INFO -           value
MAE   31.628311
RMSE  40.453480
MAPE   7.713948
2025-06-17 21:45:40,388 - INFO - 
MAE by day:
2025-06-17 21:45:40,392 - INFO -         index        MAE
0  2024-12-11  31.628311
2025-06-17 21:50:25,220 - INFO -                      common_cad_avg1h  db_insert_cad_avg1h  \
ts                                                           
2024-11-25 18:01:00        570.036987             3.053300   
2024-11-25 18:01:15        570.036987             3.053300   
2024-11-25 18:01:30        570.036987             3.013525   
2024-11-25 18:01:45        570.036987             3.013525   
2024-11-25 18:02:00        777.154144             3.013525   

                     kafka_network_cad_avg1h  counter_events_total  
ts                                                                  
2024-11-25 18:01:00                420.23265            10639901.0  
2024-11-25 18:01:15                420.23265            10639901.0  
2024-11-25 18:01:30                390.79950            10639901.0  
2024-11-25 18:01:45                390.79950            10639901.0  
2024-11-25 18:02:00                390.79950            10641497.0  
2025-06-17 21:50:25,236 - INFO - None
2025-06-17 21:50:25,259 - INFO -        common_cad_avg1h  db_insert_cad_avg1h  kafka_network_cad_avg1h  \
count      90543.000000         90543.000000             90543.000000   
mean         423.721359             5.509463               351.511847   
std          138.113803             2.734716                68.757625   
min          273.657007             2.735899               234.218368   
25%          334.750260             4.452122               298.045506   
50%          400.631922             5.066567               339.844292   
75%          463.068981             6.066735               395.050129   
max         1591.184778            57.561204               532.150671   

       counter_events_total  
count          9.054300e+04  
mean           1.279388e+07  
std            8.205752e+05  
min            1.063990e+07  
25%            1.218310e+07  
50%            1.243139e+07  
75%            1.371772e+07  
max            1.383237e+07  
2025-06-17 21:50:25,266 - INFO - common_cad_avg1h           0
db_insert_cad_avg1h        0
kafka_network_cad_avg1h    0
counter_events_total       0
dtype: int64
2025-06-17 21:50:25,321 - INFO - Длина df_train: 89643
2025-06-17 21:50:25,322 - INFO - Длина df_hold: 900
2025-06-17 21:59:11,187 - INFO - Длина прогноза: 900, Длина факта: 900
2025-06-17 21:59:11,197 - INFO - Blind ~4h test • MAE=32.2  RMSE=40.1  MAPE=8.39%  on 900 valid points
2025-06-17 21:59:12,042 - INFO - 
*** Hold-out metrics ***
2025-06-17 21:59:12,043 - INFO -           value
MAE   32.213855
RMSE  40.050615
MAPE   8.387125
2025-06-17 21:59:12,058 - INFO - 
MAE by day:
2025-06-17 21:59:12,059 - INFO -         index        MAE
0  2024-12-11  32.213855
