[2025-06-18 19:11:53] INFO: Загрузка и подготовка данных...
[2025-06-18 19:11:53] INFO: Данные загружены. Размер: (90757, 3). Период: 2024-11-25 18:01:00 – 2024-12-11 12:10:00
[2025-06-18 19:11:53] INFO: Данные для CV (train+val): 90757 точек
[2025-06-18 19:11:53] INFO: Hold-out для финального теста: 908 точек
[2025-06-18 19:11:53] INFO: Запускаю кросс-валидацию на 5 фолдах...
[2025-06-18 19:11:53] INFO: --- Фолд 1/5 ---
[2025-06-18 19:11:53] INFO: Начинаю обучение на фолде...
[2025-06-18 19:11:54] INFO: Обучение на фолде завершено.
[2025-06-18 19:11:54] INFO: Метрики на фолде 1: MAE=10.8, RMSE=12.9, MAPE=2.43%
[2025-06-18 19:11:54] INFO: --- Фолд 2/5 ---
[2025-06-18 19:11:54] INFO: Начинаю обучение на фолде...
[2025-06-18 19:11:55] INFO: Обучение на фолде завершено.
[2025-06-18 19:11:55] INFO: Метрики на фолде 2: MAE=7.1, RMSE=8.8, MAPE=1.68%
[2025-06-18 19:11:55] INFO: --- Фолд 3/5 ---
[2025-06-18 19:11:55] INFO: Начинаю обучение на фолде...
[2025-06-18 19:11:56] INFO: Обучение на фолде завершено.
[2025-06-18 19:11:56] INFO: Метрики на фолде 3: MAE=6.2, RMSE=7.4, MAPE=1.53%
[2025-06-18 19:11:56] INFO: --- Фолд 4/5 ---
[2025-06-18 19:11:56] INFO: Начинаю обучение на фолде...
[2025-06-18 19:11:57] INFO: Обучение на фолде завершено.
[2025-06-18 19:11:57] INFO: Метрики на фолде 4: MAE=18.0, RMSE=19.2, MAPE=4.28%
[2025-06-18 19:11:57] INFO: --- Фолд 5/5 ---
[2025-06-18 19:11:57] INFO: Начинаю обучение на фолде...
[2025-06-18 19:11:58] INFO: Обучение на фолде завершено.
[2025-06-18 19:11:58] INFO: Метрики на фолде 5: MAE=12.7, RMSE=15.8, MAPE=3.59%
[2025-06-18 19:11:58] INFO: 
*** Hold-out metrics ***
[2025-06-18 19:11:58] INFO:           value
MAE   12.707067
RMSE  15.818463
MAPE   3.593611
