2025-06-18 18:19:33,479 - INFO - ========== Experiment 6/10 — lstm_multivar_hs128_do0.1_wd0.0005_20250618_181933 ==========
2025-06-18 18:19:33,479 - INFO - Parameter set: {'hidden_size': 128, 'dropout': 0.1, 'weight_decay': 0.0005}
2025-06-18 18:19:33,479 - INFO - --- Fold 1/5 ---
2025-06-18 18:21:11,954 - INFO - [Epoch 1/30] train_loss=0.26421 val_loss=0.11023
2025-06-18 18:22:51,730 - INFO - [Epoch 2/30] train_loss=0.20776 val_loss=0.13197
2025-06-18 18:24:32,072 - INFO - [Epoch 3/30] train_loss=0.19778 val_loss=0.10099
2025-06-18 18:26:12,097 - INFO - [Epoch 4/30] train_loss=0.19080 val_loss=0.11785
2025-06-18 18:27:51,238 - INFO - [Epoch 5/30] train_loss=0.20863 val_loss=0.13632
2025-06-18 18:29:31,935 - INFO - [Epoch 6/30] train_loss=0.25262 val_loss=0.13220
2025-06-18 18:31:12,369 - INFO - [Epoch 7/30] train_loss=0.24025 val_loss=0.11408
2025-06-18 18:32:53,148 - INFO - [Epoch 8/30] train_loss=0.21779 val_loss=0.10494
2025-06-18 18:34:32,155 - INFO - Early stop at epoch 9
2025-06-18 18:34:32,194 - INFO - Fold 1: MAE=14.93 RMSE=19.26 MAPE=3.61% on 900 pts
2025-06-18 18:34:32,662 - INFO - --- Fold 2/5 ---
2025-06-18 18:36:09,833 - INFO - [Epoch 1/30] train_loss=0.26679 val_loss=0.12138
2025-06-18 18:37:48,795 - INFO - [Epoch 2/30] train_loss=0.22849 val_loss=0.11527
2025-06-18 18:39:27,932 - INFO - [Epoch 3/30] train_loss=0.21533 val_loss=0.10816
2025-06-18 18:41:07,327 - INFO - [Epoch 4/30] train_loss=0.23187 val_loss=0.16466
2025-06-18 18:42:46,680 - INFO - [Epoch 5/30] train_loss=0.24004 val_loss=0.10865
2025-06-18 18:44:26,190 - INFO - [Epoch 6/30] train_loss=0.19741 val_loss=0.13185
2025-06-18 18:46:05,486 - INFO - [Epoch 7/30] train_loss=0.18911 val_loss=0.11043
2025-06-18 18:47:44,906 - INFO - [Epoch 8/30] train_loss=0.17108 val_loss=0.11685
2025-06-18 18:49:24,505 - INFO - Early stop at epoch 9
2025-06-18 18:49:24,544 - INFO - Fold 2: MAE=21.30 RMSE=24.52 MAPE=5.18% on 900 pts
2025-06-18 18:49:25,003 - INFO - --- Fold 3/5 ---
2025-06-18 18:51:03,164 - INFO - [Epoch 1/30] train_loss=0.27228 val_loss=0.10208
2025-06-18 18:52:43,029 - INFO - [Epoch 2/30] train_loss=0.21876 val_loss=0.12520
2025-06-18 18:54:23,162 - INFO - [Epoch 3/30] train_loss=0.19311 val_loss=0.09463
2025-06-18 18:56:03,210 - INFO - [Epoch 4/30] train_loss=0.18791 val_loss=0.16184
2025-06-18 18:57:43,225 - INFO - [Epoch 5/30] train_loss=0.18512 val_loss=0.13373
2025-06-18 18:59:23,459 - INFO - [Epoch 6/30] train_loss=0.22225 val_loss=0.16009
2025-06-18 19:01:03,592 - INFO - [Epoch 7/30] train_loss=0.20341 val_loss=0.12027
2025-06-18 19:02:43,999 - INFO - [Epoch 8/30] train_loss=0.18090 val_loss=0.12806
2025-06-18 19:04:24,510 - INFO - Early stop at epoch 9
2025-06-18 19:04:24,550 - INFO - Fold 3: MAE=17.85 RMSE=20.95 MAPE=4.26% on 900 pts
2025-06-18 19:04:25,035 - INFO - --- Fold 4/5 ---
2025-06-18 19:06:04,696 - INFO - [Epoch 1/30] train_loss=0.26897 val_loss=0.10555
2025-06-18 19:07:45,519 - INFO - [Epoch 2/30] train_loss=0.21235 val_loss=0.13884
2025-06-18 19:09:26,453 - INFO - [Epoch 3/30] train_loss=0.23369 val_loss=0.11659
2025-06-18 19:11:07,622 - INFO - [Epoch 4/30] train_loss=0.20767 val_loss=0.10547
2025-06-18 19:12:48,768 - INFO - [Epoch 5/30] train_loss=0.18427 val_loss=0.11820
2025-06-18 19:14:30,059 - INFO - [Epoch 6/30] train_loss=0.17181 val_loss=0.11529
2025-06-18 19:16:11,235 - INFO - Early stop at epoch 7
2025-06-18 19:16:11,276 - INFO - Fold 4: MAE=47.24 RMSE=51.06 MAPE=11.87% on 900 pts
2025-06-18 19:16:11,744 - INFO - --- Fold 5/5 ---
2025-06-18 19:17:52,085 - INFO - [Epoch 1/30] train_loss=0.26719 val_loss=0.09772
