2025-06-17 19:18:50,095 - INFO -        common_cad_avg1h
count      90757.000000
mean         423.524946
std          138.010021
min          273.657007
25%          334.943368
50%          400.366144
75%          462.853268
max         1591.184778
2025-06-17 19:18:54,439 - INFO - Размер полного датасета: 90757
2025-06-17 19:18:54,440 - INFO - Размер для обучения и CV: 72605
2025-06-17 19:18:54,441 - INFO - Размер для валидации: 17244
2025-06-17 19:18:54,441 - INFO - Размер для hold-out теста: 908
2025-06-17 19:18:54,808 - INFO - Запускаю кросс-валидацию на 5 фолдах...
2025-06-17 19:18:54,812 - INFO - 
--- Фолд 1/5 ---
2025-06-17 19:18:54,816 - INFO - Размер train фолда 1: 85349
2025-06-17 19:18:54,817 - INFO - Размер val фолда 1: 900
2025-06-17 19:18:54,818 - INFO - Период фолда 1: 2024-11-25 18:01:00 - 2024-12-10 13:38:00
2025-06-17 19:18:54,819 - INFO - Начинаю обучение на фолде...
2025-06-17 19:26:04,758 - INFO -        common_cad_avg1h
count      90757.000000
mean         423.524946
std          138.010021
min          273.657007
25%          334.943368
50%          400.366144
75%          462.853268
max         1591.184778
2025-06-17 19:26:09,217 - INFO - Размер полного датасета: 90757
2025-06-17 19:26:09,218 - INFO - Размер для обучения и CV: 72605
2025-06-17 19:26:09,219 - INFO - Размер для валидации: 17244
2025-06-17 19:26:09,219 - INFO - Размер для hold-out теста: 908
2025-06-17 19:26:09,702 - INFO - Запускаю кросс-валидацию на 5 фолдах...
2025-06-17 19:26:09,706 - INFO - 
--- Фолд 1/5 ---
2025-06-17 19:26:09,710 - INFO - Размер train фолда 1: 85349
2025-06-17 19:26:09,710 - INFO - Размер val фолда 1: 900
2025-06-17 19:26:09,711 - INFO - Период фолда 1: 2024-11-25 18:01:00 - 2024-12-10 13:38:00
2025-06-17 19:26:09,711 - INFO - Начинаю обучение на фолде...
2025-06-17 19:28:06,708 - INFO -        common_cad_avg1h
count      90757.000000
mean         423.524946
std          138.010021
min          273.657007
25%          334.943368
50%          400.366144
75%          462.853268
max         1591.184778
2025-06-17 19:28:09,695 - INFO - Размер полного датасета: 90757
2025-06-17 19:28:09,697 - INFO - Размер для обучения и CV: 72605
2025-06-17 19:28:09,697 - INFO - Размер для валидации: 17244
2025-06-17 19:28:09,698 - INFO - Размер для hold-out теста: 908
2025-06-17 19:28:10,007 - INFO - Запускаю кросс-валидацию на 5 фолдах...
2025-06-17 19:28:10,011 - INFO - 
--- Фолд 1/5 ---
2025-06-17 19:28:10,014 - INFO - Размер train фолда 1: 85349
2025-06-17 19:28:10,015 - INFO - Размер val фолда 1: 900
2025-06-17 19:28:10,015 - INFO - Период фолда 1: 2024-11-25 18:01:00 - 2024-12-10 13:38:00
2025-06-17 19:28:10,016 - INFO - Начинаю обучение на фолде...
2025-06-17 19:28:45,167 - INFO - Обучение на фолде завершено.
2025-06-17 19:29:45,380 - INFO - Метрики на фолде 1: MAE=110.6, RMSE=114.5, MAPE=26.08%
2025-06-17 19:29:45,726 - INFO - 
--- Фолд 2/5 ---
2025-06-17 19:29:45,730 - INFO - Размер train фолда 2: 86249
2025-06-17 19:29:45,730 - INFO - Размер val фолда 2: 900
2025-06-17 19:29:45,730 - INFO - Период фолда 2: 2024-11-25 18:01:00 - 2024-12-10 17:23:00
2025-06-17 19:29:45,748 - INFO - Начинаю обучение на фолде...
2025-06-17 19:30:18,950 - INFO - Обучение на фолде завершено.
2025-06-17 19:31:18,898 - INFO - Метрики на фолде 2: MAE=17.9, RMSE=22.8, MAPE=4.30%
2025-06-17 19:31:19,147 - INFO - 
--- Фолд 3/5 ---
2025-06-17 19:31:19,150 - INFO - Размер train фолда 3: 87149
2025-06-17 19:31:19,151 - INFO - Размер val фолда 3: 900
2025-06-17 19:31:19,151 - INFO - Период фолда 3: 2024-11-25 18:01:00 - 2024-12-10 21:08:00
2025-06-17 19:31:19,163 - INFO - Начинаю обучение на фолде...
2025-06-17 19:31:49,179 - INFO - Обучение на фолде завершено.
2025-06-17 19:32:50,325 - INFO - Метрики на фолде 3: MAE=23.4, RMSE=27.3, MAPE=5.70%
2025-06-17 19:32:50,568 - INFO - 
--- Фолд 4/5 ---
2025-06-17 19:32:50,570 - INFO - Размер train фолда 4: 88049
2025-06-17 19:32:50,570 - INFO - Размер val фолда 4: 900
2025-06-17 19:32:50,571 - INFO - Период фолда 4: 2024-11-25 18:01:00 - 2024-12-11 00:53:00
2025-06-17 19:32:50,580 - INFO - Начинаю обучение на фолде...
2025-06-17 19:33:21,932 - INFO - Обучение на фолде завершено.
2025-06-17 19:34:22,796 - INFO - Метрики на фолде 4: MAE=29.7, RMSE=40.6, MAPE=7.40%
2025-06-17 19:34:23,032 - INFO - 
--- Фолд 5/5 ---
2025-06-17 19:34:23,036 - INFO - Размер train фолда 5: 88949
2025-06-17 19:34:23,036 - INFO - Размер val фолда 5: 900
2025-06-17 19:34:23,036 - INFO - Период фолда 5: 2024-11-25 18:01:00 - 2024-12-11 04:38:00
2025-06-17 19:34:23,042 - INFO - Начинаю обучение на фолде...
2025-06-17 19:34:54,282 - INFO - Обучение на фолде завершено.
2025-06-17 19:35:56,105 - INFO - Метрики на фолде 5: MAE=59.1, RMSE=67.0, MAPE=13.53%
2025-06-17 19:35:56,347 - INFO - 
--- Результаты кросс-валидации (средние) ---
2025-06-17 19:35:56,347 - INFO - CV Avg • MAE=48.1  RMSE=54.5  MAPE=11.40%
2025-06-17 19:35:56,348 - INFO - 
Начинаю обучение финальной модели на всех данных train+val...
2025-06-17 19:36:23,969 - INFO - Финальная модель успешно обучена!
2025-06-17 19:36:23,971 - INFO - Параметры модели: {'loss_function': 'RMSE', 'boosting_type': 'Plain', 'l2_leaf_reg': 10.0, 'depth': 10, 'learning_rate': 0.075, 'iterations': 1000, 'random_seed': 42, 'early_stopping_rounds': 150, 'verbose': False}
2025-06-17 19:36:25,076 - INFO - 
Делаю прогноз на hold-out сете...
2025-06-17 19:37:30,513 - INFO - Прогноз готов!
2025-06-17 19:37:30,548 - INFO - Длина прогноза: 908, Длина реальных данных: 908
2025-06-17 19:37:30,564 - INFO - Blind ~4h test • MAE=38.5  RMSE=49.1  MAPE=10.77%  on 908 valid points
2025-06-17 19:37:31,212 - INFO - 
*** Hold-out metrics ***
2025-06-17 19:37:31,213 - INFO -           value
MAE   38.500259
RMSE  49.081192
MAPE  10.774990
2025-06-17 19:37:31,221 - INFO - 
MAE by day:
2025-06-17 19:37:31,222 - INFO -         index        MAE
0  2024-12-11  38.500259
2025-06-17 19:37:31,706 - INFO -                    feature  importance
0            f_resid_lag_1   24.227824
1            f_resid_lag_2   18.909671
2     f_resid_roll_mean_96   18.336390
3      f_resid_roll_mean_4   15.964949
4            f_resid_lag_4   12.768066
5           f_resid_lag_96    2.334584
6    f_resid_roll_mean_192    2.070175
7          f_resid_lag_192    0.772530
8    f_resid_roll_std_2880    0.752021
9    f_resid_roll_std_4320    0.649911
10        f_resid_lag_5760    0.417763
11   f_resid_roll_std_1920    0.398879
12              is_weekend    0.370432
13  f_resid_roll_mean_4320    0.352091
14   f_resid_roll_std_5760    0.286836
15  f_resid_roll_mean_5760    0.262870
16    f_resid_roll_std_192    0.260703
17   f_resid_roll_std_8640    0.205179
18     f_resid_roll_std_96    0.177944
19  f_resid_roll_mean_1920    0.154748
