[2025-06-18 18:40:12] INFO: Загрузка и подготовка данных...
[2025-06-18 18:40:12] INFO: Данные загружены. Размер: (90757, 3). Период: 2024-11-25 18:01:00 – 2024-12-11 12:10:00
[2025-06-18 18:40:12] INFO: Данные для CV (train+val): 90757 точек
[2025-06-18 18:40:12] INFO: Hold-out для финального теста: 908 точек
[2025-06-18 18:40:12] INFO: Запускаю кросс-валидацию на 5 фолдах...
[2025-06-18 18:40:12] INFO: --- Фолд 1/5 ---
[2025-06-18 18:40:12] INFO: Начинаю обучение на фолде...
[2025-06-18 18:40:13] INFO: Обучение на фолде завершено.
[2025-06-18 18:40:13] INFO: Метрики на фолде 1: MAE=10.6, RMSE=12.5, MAPE=2.39%
[2025-06-18 18:40:13] INFO: --- Фолд 2/5 ---
[2025-06-18 18:40:13] INFO: Начинаю обучение на фолде...
[2025-06-18 18:40:14] INFO: Обучение на фолде завершено.
[2025-06-18 18:40:14] INFO: Метрики на фолде 2: MAE=7.1, RMSE=8.7, MAPE=1.70%
[2025-06-18 18:40:14] INFO: --- Фолд 3/5 ---
[2025-06-18 18:40:14] INFO: Начинаю обучение на фолде...
[2025-06-18 18:40:15] INFO: Обучение на фолде завершено.
[2025-06-18 18:40:15] INFO: Метрики на фолде 3: MAE=6.3, RMSE=7.5, MAPE=1.56%
[2025-06-18 18:40:15] INFO: --- Фолд 4/5 ---
[2025-06-18 18:40:15] INFO: Начинаю обучение на фолде...
[2025-06-18 18:40:16] INFO: Обучение на фолде завершено.
[2025-06-18 18:40:16] INFO: Метрики на фолде 4: MAE=17.9, RMSE=19.1, MAPE=4.25%
[2025-06-18 18:40:16] INFO: --- Фолд 5/5 ---
[2025-06-18 18:40:16] INFO: Начинаю обучение на фолде...
[2025-06-18 18:40:17] INFO: Обучение на фолде завершено.
[2025-06-18 18:40:17] INFO: Метрики на фолде 5: MAE=13.0, RMSE=16.1, MAPE=3.67%
[2025-06-18 18:40:17] INFO: 
--- Результаты кросс-валидации (средние) ---
[2025-06-18 18:40:17] INFO: CV Avg • MAE=11.0  RMSE=12.8  MAPE=2.71%
