2025-06-16 14:33:39,970 - INFO -          common_cad
count  90437.000000
mean     423.157471
std      200.322570
min      205.757349
25%      314.537964
50%      389.539380
75%      483.270654
max     8093.401355
2025-06-16 14:34:00,254 - INFO - Начинаю обучение модели...
2025-06-16 14:34:49,227 - INFO - Модель успешно обучена!
2025-06-16 14:34:49,470 - INFO - Делаю прогноз...
2025-06-16 14:38:56,359 - INFO - Прогноз готов!
2025-06-16 14:38:56,400 - INFO - Длина прогноза: 905, Длина реальных данных: 905
2025-06-16 14:38:56,546 - INFO - Blind ~4h test • MAE=93.6  RMSE=125.5  MAPE=23.82%  on 905 valid points
2025-06-16 14:39:01,221 - INFO - 
*** Hold-out metrics ***
2025-06-16 14:39:01,222 - INFO -            value
MAE    93.592760
RMSE  125.485329
MAPE   23.822688
2025-06-16 14:39:01,280 - INFO - 
MAE by day:
2025-06-16 14:39:01,282 - INFO -         index       MAE
0  2024-12-11  93.59276
