2025-06-16 14:43:47,664 - INFO -          common_cad
count  90437.000000
mean     423.157471
std      200.322570
min      205.757349
25%      314.537964
50%      389.539380
75%      483.270654
max     8093.401355
2025-06-16 14:43:47,726 - INFO - Начинаю обучение модели...
2025-06-16 14:44:29,628 - INFO - Модель успешно обучена!
2025-06-16 14:44:29,786 - INFO - Делаю прогноз...
2025-06-16 14:48:33,712 - INFO - Прогноз готов!
2025-06-16 14:48:33,743 - INFO - Длина прогноза: 905, Длина реальных данных: 905
2025-06-16 14:48:33,877 - INFO - Blind ~4h test • MAE=92.2  RMSE=125.7  MAPE=22.69%  on 905 valid points
2025-06-16 14:48:38,684 - INFO - 
*** Hold-out metrics ***
2025-06-16 14:48:38,685 - INFO -            value
MAE    92.207402
RMSE  125.745733
MAPE   22.694880
2025-06-16 14:48:38,697 - INFO - 
MAE by day:
2025-06-16 14:48:38,712 - INFO -         index        MAE
0  2024-12-11  92.207402
2025-06-16 14:48:41,186 - INFO -                         feature  importance
0   f_target_ewm_mean_alpha_0_3   24.412809
1                f_target_lag_1   19.332822
2           f_target_roll_max_4   13.002460
3          f_target_roll_mean_4    9.716575
4               f_target_diff_2    8.315664
5               f_target_diff_1    4.075699
6               f_target_diff_4    4.000739
7   f_target_ewm_mean_alpha_0_1    2.674954
8    f_target_diff_1_roll_std_4    1.912511
9                f_target_lag_4    1.816400
10        f_target_roll_mean_96    1.727172
11               f_target_lag_2    1.576486
12         f_target_roll_max_12    1.404825
13       f_target_roll_mean_192    0.886155
14             f_target_diff_96    0.860806
15  f_target_diff_1_roll_std_12    0.652486
16      f_target_roll_mean_1920    0.481333
17            f_target_lag_5760    0.404648
18      f_target_roll_mean_2880    0.361575
19                         hour    0.301704
2025-06-16 14:58:51,191 - INFO -          common_cad
count  90437.000000
mean     423.157471
std      200.322570
min      205.757349
25%      314.537964
50%      389.539380
75%      483.270654
max     8093.401355
2025-06-16 15:01:02,016 - INFO -          common_cad
count  90437.000000
mean     423.157471
std      200.322570
min      205.757349
25%      314.537964
50%      389.539380
75%      483.270654
max     8093.401355
2025-06-16 15:01:03,593 - INFO - Размер полного датасета: 90437
2025-06-16 15:01:03,595 - INFO - Размер для обучения и CV: 89533
2025-06-16 15:01:03,597 - INFO - Размер для hold-out теста: 904
2025-06-16 15:01:03,855 - INFO - Запускаю кросс-валидацию на 5 фолдах...
2025-06-16 15:01:03,860 - INFO - 
--- Фолд 1/5 ---
2025-06-16 15:01:03,865 - INFO - Размер train фолда 1: 85033
2025-06-16 15:01:03,868 - INFO - Размер val фолда 1: 900
2025-06-16 15:01:03,870 - INFO - Период фолда 1: 2024-11-25 18:01:00 - 2024-12-10 12:19:00
2025-06-16 15:01:03,872 - INFO - Начинаю обучение на фолде...
2025-06-16 15:01:40,936 - INFO - Обучение на фолде завершено.
2025-06-16 15:05:43,718 - INFO - Метрики на фолде 1: MAE=74.5, RMSE=87.9, MAPE=19.87%
2025-06-16 15:05:45,914 - INFO - 
--- Фолд 2/5 ---
2025-06-16 15:05:45,917 - INFO - Размер train фолда 2: 85933
2025-06-16 15:05:45,918 - INFO - Размер val фолда 2: 900
2025-06-16 15:05:45,919 - INFO - Период фолда 2: 2024-11-25 18:01:00 - 2024-12-10 16:04:00
2025-06-16 15:05:45,926 - INFO - Начинаю обучение на фолде...
2025-06-16 15:05:59,684 - INFO - Обучение на фолде завершено.
2025-06-16 15:09:03,700 - INFO - Метрики на фолде 2: MAE=77.0, RMSE=98.2, MAPE=21.30%
2025-06-16 15:09:04,942 - INFO - 
--- Фолд 3/5 ---
2025-06-16 15:09:04,947 - INFO - Размер train фолда 3: 86833
2025-06-16 15:09:04,949 - INFO - Размер val фолда 3: 900
2025-06-16 15:09:04,950 - INFO - Период фолда 3: 2024-11-25 18:01:00 - 2024-12-10 19:49:00
2025-06-16 15:09:04,962 - INFO - Начинаю обучение на фолде...
2025-06-16 15:10:57,682 - INFO - Обучение на фолде завершено.
2025-06-16 15:16:44,918 - INFO - Метрики на фолде 3: MAE=97.5, RMSE=128.2, MAPE=29.41%
2025-06-16 15:16:46,439 - INFO - 
--- Фолд 4/5 ---
2025-06-16 15:16:46,457 - INFO - Размер train фолда 4: 87733
2025-06-16 15:16:46,462 - INFO - Размер val фолда 4: 900
2025-06-16 15:16:46,465 - INFO - Период фолда 4: 2024-11-25 18:01:00 - 2024-12-10 23:34:00
2025-06-16 15:16:46,471 - INFO - Начинаю обучение на фолде...
2025-06-16 15:17:23,005 - INFO - Обучение на фолде завершено.
2025-06-16 15:22:20,657 - INFO - Метрики на фолде 4: MAE=78.2, RMSE=94.5, MAPE=21.54%
2025-06-16 15:22:22,513 - INFO - 
--- Фолд 5/5 ---
2025-06-16 15:22:22,523 - INFO - Размер train фолда 5: 88633
2025-06-16 15:22:22,525 - INFO - Размер val фолда 5: 900
2025-06-16 15:22:22,526 - INFO - Период фолда 5: 2024-11-25 18:01:00 - 2024-12-11 03:19:00
2025-06-16 15:22:22,539 - INFO - Начинаю обучение на фолде...
2025-06-16 15:23:18,102 - INFO - Обучение на фолде завершено.
2025-06-16 15:26:40,717 - INFO - Метрики на фолде 5: MAE=84.9, RMSE=109.8, MAPE=21.77%
2025-06-16 15:26:41,412 - INFO - 
--- Результаты кросс-валидации (средние) ---
2025-06-16 15:26:41,414 - INFO - CV Avg • MAE=82.4  RMSE=103.7  MAPE=22.78%
2025-06-16 15:26:41,415 - INFO - 
Начинаю обучение финальной модели на всех данных train+val...
2025-06-16 15:27:23,731 - INFO - Финальная модель успешно обучена!
2025-06-16 15:27:27,049 - INFO - 
Делаю прогноз на hold-out сете...
2025-06-16 15:29:36,242 - INFO - Прогноз готов!
2025-06-16 15:29:36,364 - INFO - Длина прогноза: 904, Длина реальных данных: 904
2025-06-16 15:29:36,505 - INFO - Blind ~4h test • MAE=96.6  RMSE=131.5  MAPE=24.70%  on 904 valid points
2025-06-16 15:29:38,671 - INFO - 
*** Hold-out metrics ***
2025-06-16 15:29:38,673 - INFO -            value
MAE    96.623004
RMSE  131.488811
MAPE   24.701530
2025-06-16 15:29:38,766 - INFO - 
MAE by day:
2025-06-16 15:29:38,768 - INFO -         index        MAE
0  2024-12-11  96.623004
