2025-06-17 20:25:25,054 - INFO - root - Всего комбинаций: 1
2025-06-17 20:25:25,067 - INFO - root - ==== Комбинация 1/1 ====
2025-06-17 20:25:25,068 - INFO - root - Параметры: {'trend_model_type': 'global', 'trend_window_size': 960, 'depth': 10, 'l2_leaf_reg': 10, 'learning_rate': 0.1, 'iterations': 500, 'rsm': 0.8, 'early_stopping_rounds': 100}
2025-06-17 20:25:25,069 - INFO - comb_1_trend_model_type=global__depth=10__l2_leaf_reg=10__learning_rate=0p1__iterations=500__rsm=0p8__early_stopping_rounds=100 - Начинаю оценку комбинации comb_1_trend_model_type=global__depth=10__l2_leaf_reg=10__learning_rate=0p1__iterations=500__rsm=0p8__early_stopping_rounds=100
2025-06-17 20:29:28,685 - INFO - root - Всего комбинаций: 1
2025-06-17 20:29:28,685 - INFO - root - ==== Комбинация 1/1 ====
2025-06-17 20:29:28,685 - INFO - root - Параметры: {'trend_model_type': 'global', 'trend_window_size': 960, 'depth': 10, 'l2_leaf_reg': 10, 'learning_rate': 0.1, 'iterations': 500, 'rsm': 0.8, 'early_stopping_rounds': 100}
2025-06-17 20:29:28,686 - INFO - comb_1_trend_model_type=global__depth=10__l2_leaf_reg=10__learning_rate=0p1__iterations=500__rsm=0p8__early_stopping_rounds=100 - Начинаю оценку комбинации comb_1_trend_model_type=global__depth=10__l2_leaf_reg=10__learning_rate=0p1__iterations=500__rsm=0p8__early_stopping_rounds=100
2025-06-17 20:30:36,994 - INFO - comb_1_trend_model_type=global__depth=10__l2_leaf_reg=10__learning_rate=0p1__iterations=500__rsm=0p8__early_stopping_rounds=100 - Fold 1 metrics: {'MAE': 28.46263753026351, 'RMSE': np.float64(39.547073536092725), 'MAPE': 7.706907207109763}
2025-06-17 20:31:46,266 - INFO - comb_1_trend_model_type=global__depth=10__l2_leaf_reg=10__learning_rate=0p1__iterations=500__rsm=0p8__early_stopping_rounds=100 - Fold 2 metrics: {'MAE': 12.30379871325814, 'RMSE': np.float64(12.905414658092823), 'MAPE': 3.6133791950070493}
2025-06-17 20:31:46,471 - INFO - comb_1_trend_model_type=global__depth=10__l2_leaf_reg=10__learning_rate=0p1__iterations=500__rsm=0p8__early_stopping_rounds=100 - Average CV metrics: {'MAE': np.float64(20.383218121760827), 'RMSE': np.float64(26.226244097092774), 'MAPE': np.float64(5.660143201058406)}
2025-06-17 20:40:14,318 - INFO - root - Всего комбинаций: 1
2025-06-17 20:40:14,319 - INFO - root - ==== Комбинация 1/1 ====
2025-06-17 20:40:14,319 - INFO - root - Параметры: {'trend_model_type': 'global', 'trend_window_size': 960, 'depth': 10, 'l2_leaf_reg': 10, 'learning_rate': 0.1, 'iterations': 500, 'rsm': 0.8, 'early_stopping_rounds': 100}
2025-06-17 20:40:14,319 - INFO - comb_1_trend_model_type=global__depth=10__l2_leaf_reg=10__learning_rate=0p1__iterations=500__rsm=0p8__early_stopping_rounds=100 - Начинаю оценку комбинации comb_1_trend_model_type=global__depth=10__l2_leaf_reg=10__learning_rate=0p1__iterations=500__rsm=0p8__early_stopping_rounds=100
2025-06-17 20:41:23,477 - INFO - comb_1_trend_model_type=global__depth=10__l2_leaf_reg=10__learning_rate=0p1__iterations=500__rsm=0p8__early_stopping_rounds=100 - Fold 1 metrics: {'MAE': 28.46263753026351, 'RMSE': np.float64(39.547073536092725), 'MAPE': 7.706907207109763}
2025-06-17 20:42:36,921 - INFO - comb_1_trend_model_type=global__depth=10__l2_leaf_reg=10__learning_rate=0p1__iterations=500__rsm=0p8__early_stopping_rounds=100 - Fold 2 metrics: {'MAE': 12.30379871325814, 'RMSE': np.float64(12.905414658092823), 'MAPE': 3.6133791950070493}
2025-06-17 20:42:37,126 - INFO - comb_1_trend_model_type=global__depth=10__l2_leaf_reg=10__learning_rate=0p1__iterations=500__rsm=0p8__early_stopping_rounds=100 - Average CV metrics: {'MAE': np.float64(20.383218121760827), 'RMSE': np.float64(26.226244097092774), 'MAPE': np.float64(5.660143201058406)}
2025-06-17 20:45:18,739 - INFO - comb_1_trend_model_type=global__depth=10__l2_leaf_reg=10__learning_rate=0p1__iterations=500__rsm=0p8__early_stopping_rounds=100 - Final model saved to tune_catboost/models/comb_1_trend_model_type=global__depth=10__l2_leaf_reg=10__learning_rate=0p1__iterations=500__rsm=0p8__early_stopping_rounds=100
2025-06-17 20:45:18,740 - INFO - comb_1_trend_model_type=global__depth=10__l2_leaf_reg=10__learning_rate=0p1__iterations=500__rsm=0p8__early_stopping_rounds=100 - Final model CatBoost params: {'loss_function': 'RMSE', 'boosting_type': 'Plain', 'l2_leaf_reg': 10, 'depth': 10, 'learning_rate': 0.1, 'iterations': 500, 'rsm': 0.8, 'random_seed': 42, 'early_stopping_rounds': 100, 'verbose': False}
2025-06-17 20:45:18,754 - INFO - root - Средние метрики: {'MAE': np.float64(20.383218121760827), 'RMSE': np.float64(26.226244097092774), 'MAPE': np.float64(5.660143201058406)}
2025-06-17 20:45:18,757 - INFO - root - 
Топ-5 лучших комбинаций по RMSE:
  trend_model_type  trend_window_size  depth  l2_leaf_reg  learning_rate  iterations  rsm  early_stopping_rounds        MAE       RMSE      MAPE
0           global                960     10           10            0.1         500  0.8                    100  20.383218  26.226244  5.660143
2025-06-17 20:48:02,465 - INFO - root - Всего комбинаций: 288
2025-06-17 20:48:02,465 - INFO - root - ==== Комбинация 1/288 ====
2025-06-17 20:48:02,465 - INFO - root - Параметры: {'trend_model_type': 'global', 'trend_window_size': 960, 'depth': 12, 'l2_leaf_reg': 10, 'learning_rate': 0.05, 'iterations': 3000, 'rsm': 0.8, 'early_stopping_rounds': 300}
2025-06-17 20:48:02,465 - INFO - comb_1_trend_model_type=global__depth=12__l2_leaf_reg=10__learning_rate=0p05__iterations=3000__rsm=0p8__early_stopping_rounds=300 - Начинаю оценку комбинации comb_1_trend_model_type=global__depth=12__l2_leaf_reg=10__learning_rate=0p05__iterations=3000__rsm=0p8__early_stopping_rounds=300
2025-06-17 20:56:31,259 - INFO - comb_1_trend_model_type=global__depth=12__l2_leaf_reg=10__learning_rate=0p05__iterations=3000__rsm=0p8__early_stopping_rounds=300 - Fold 1 metrics: {'MAE': 18.289045993730138, 'RMSE': np.float64(21.879672647235044), 'MAPE': 4.255082524609812}
2025-06-17 21:05:12,496 - INFO - comb_1_trend_model_type=global__depth=12__l2_leaf_reg=10__learning_rate=0p05__iterations=3000__rsm=0p8__early_stopping_rounds=300 - Fold 2 metrics: {'MAE': 23.470498277909314, 'RMSE': np.float64(27.995784946403976), 'MAPE': 5.639508276238571}
2025-06-17 21:14:01,285 - INFO - comb_1_trend_model_type=global__depth=12__l2_leaf_reg=10__learning_rate=0p05__iterations=3000__rsm=0p8__early_stopping_rounds=300 - Fold 3 metrics: {'MAE': 23.64470167595054, 'RMSE': np.float64(25.73243955671661), 'MAPE': 5.767217340973117}
2025-06-17 21:22:58,830 - INFO - comb_1_trend_model_type=global__depth=12__l2_leaf_reg=10__learning_rate=0p05__iterations=3000__rsm=0p8__early_stopping_rounds=300 - Fold 4 metrics: {'MAE': 95.09834716843552, 'RMSE': np.float64(113.6991943083504), 'MAPE': 21.237194348382456}
2025-06-17 21:31:55,279 - INFO - comb_1_trend_model_type=global__depth=12__l2_leaf_reg=10__learning_rate=0p05__iterations=3000__rsm=0p8__early_stopping_rounds=300 - Fold 5 metrics: {'MAE': 84.70234649890861, 'RMSE': np.float64(95.8970087063057), 'MAPE': 23.358054908274404}
2025-06-17 21:31:55,509 - INFO - comb_1_trend_model_type=global__depth=12__l2_leaf_reg=10__learning_rate=0p05__iterations=3000__rsm=0p8__early_stopping_rounds=300 - Average CV metrics: {'MAE': np.float64(49.04098792298683), 'RMSE': np.float64(57.04082003300234), 'MAPE': np.float64(12.051411479695672)}
2025-06-17 21:40:53,747 - INFO - comb_1_trend_model_type=global__depth=12__l2_leaf_reg=10__learning_rate=0p05__iterations=3000__rsm=0p8__early_stopping_rounds=300 - Final model saved to tune_catboost/models/comb_1_trend_model_type=global__depth=12__l2_leaf_reg=10__learning_rate=0p05__iterations=3000__rsm=0p8__early_stopping_rounds=300
2025-06-17 21:40:53,748 - INFO - comb_1_trend_model_type=global__depth=12__l2_leaf_reg=10__learning_rate=0p05__iterations=3000__rsm=0p8__early_stopping_rounds=300 - Final model CatBoost params: {'loss_function': 'RMSE', 'boosting_type': 'Plain', 'l2_leaf_reg': 10, 'depth': 12, 'learning_rate': 0.05, 'iterations': 3000, 'rsm': 0.8, 'random_seed': 42, 'early_stopping_rounds': 300, 'verbose': False}
2025-06-17 21:40:53,792 - INFO - root - Средние метрики: {'MAE': np.float64(49.04098792298683), 'RMSE': np.float64(57.04082003300234), 'MAPE': np.float64(12.051411479695672)}
2025-06-17 21:40:53,793 - INFO - root - ==== Комбинация 2/288 ====
2025-06-17 21:40:53,793 - INFO - root - Параметры: {'trend_model_type': 'global', 'trend_window_size': 960, 'depth': 12, 'l2_leaf_reg': 10, 'learning_rate': 0.05, 'iterations': 3000, 'rsm': 0.8, 'early_stopping_rounds': 500}
2025-06-17 21:40:53,793 - INFO - comb_2_trend_model_type=global__depth=12__l2_leaf_reg=10__learning_rate=0p05__iterations=3000__rsm=0p8__early_stopping_rounds=500 - Начинаю оценку комбинации comb_2_trend_model_type=global__depth=12__l2_leaf_reg=10__learning_rate=0p05__iterations=3000__rsm=0p8__early_stopping_rounds=500
2025-06-17 21:51:55,064 - INFO - comb_2_trend_model_type=global__depth=12__l2_leaf_reg=10__learning_rate=0p05__iterations=3000__rsm=0p8__early_stopping_rounds=500 - Fold 1 metrics: {'MAE': 18.289045993730138, 'RMSE': np.float64(21.879672647235044), 'MAPE': 4.255082524609812}
2025-06-17 22:04:15,245 - INFO - comb_2_trend_model_type=global__depth=12__l2_leaf_reg=10__learning_rate=0p05__iterations=3000__rsm=0p8__early_stopping_rounds=500 - Fold 2 metrics: {'MAE': 23.470498277909314, 'RMSE': np.float64(27.995784946403976), 'MAPE': 5.639508276238571}
2025-06-17 22:16:37,089 - INFO - comb_2_trend_model_type=global__depth=12__l2_leaf_reg=10__learning_rate=0p05__iterations=3000__rsm=0p8__early_stopping_rounds=500 - Fold 3 metrics: {'MAE': 23.64470167595054, 'RMSE': np.float64(25.73243955671661), 'MAPE': 5.767217340973117}
2025-06-17 22:26:32,694 - INFO - comb_2_trend_model_type=global__depth=12__l2_leaf_reg=10__learning_rate=0p05__iterations=3000__rsm=0p8__early_stopping_rounds=500 - Fold 4 metrics: {'MAE': 95.09834716843552, 'RMSE': np.float64(113.6991943083504), 'MAPE': 21.237194348382456}
2025-06-17 22:36:48,015 - INFO - comb_2_trend_model_type=global__depth=12__l2_leaf_reg=10__learning_rate=0p05__iterations=3000__rsm=0p8__early_stopping_rounds=500 - Fold 5 metrics: {'MAE': 84.70234649890861, 'RMSE': np.float64(95.8970087063057), 'MAPE': 23.358054908274404}
2025-06-17 22:36:48,243 - INFO - comb_2_trend_model_type=global__depth=12__l2_leaf_reg=10__learning_rate=0p05__iterations=3000__rsm=0p8__early_stopping_rounds=500 - Average CV metrics: {'MAE': np.float64(49.04098792298683), 'RMSE': np.float64(57.04082003300234), 'MAPE': np.float64(12.051411479695672)}
