2025-06-17 22:43:53,436 - INFO - ==== Experiment 1/2 → lstm_decomp_hs64_do0.1_wd0.0001_20250617_224353 ====
2025-06-17 22:43:53,436 - INFO - Params: {'hidden_size': 64, 'dropout': 0.1, 'weight_decay': 0.0001}
2025-06-17 22:43:53,437 - INFO - -- Fold 1/5
2025-06-17 22:56:19,853 - INFO - [Ep 1/30] train=0.18679 val=0.61647
2025-06-17 23:09:28,298 - INFO - [Ep 2/30] train=0.08582 val=0.65001
2025-06-17 23:21:46,228 - INFO - [Ep 3/30] train=0.09513 val=0.49105
2025-06-17 23:34:38,721 - INFO - [Ep 4/30] train=0.07456 val=0.67257
2025-06-17 23:47:13,375 - INFO - [Ep 5/30] train=0.08513 val=0.52834
2025-06-17 23:59:59,570 - INFO - [Ep 6/30] train=0.06654 val=0.53353
2025-06-18 00:14:23,213 - INFO - [Ep 7/30] train=0.08198 val=0.58227
2025-06-18 00:29:27,318 - INFO - [Ep 8/30] train=0.06096 val=0.63385
2025-06-18 00:43:12,326 - INFO - Early stop at epoch 9
2025-06-18 00:43:12,485 - INFO - Fold 1: MAE=22.38 RMSE=28.63 MAPE=5.13% on 900 pts
2025-06-18 00:43:13,552 - INFO - -- Fold 2/5
2025-06-18 00:55:11,704 - INFO - [Ep 1/30] train=0.20018 val=0.44896
2025-06-18 01:07:30,481 - INFO - [Ep 2/30] train=0.11449 val=0.57782
2025-06-18 01:18:19,831 - INFO - [Ep 3/30] train=0.09919 val=0.56269
2025-06-18 01:29:04,933 - INFO - [Ep 4/30] train=0.10325 val=0.60133
2025-06-18 01:39:51,947 - INFO - [Ep 5/30] train=0.08877 val=0.42639
2025-06-18 01:50:11,974 - INFO - [Ep 6/30] train=0.07048 val=0.62689
2025-06-18 02:01:27,829 - INFO - [Ep 7/30] train=0.07019 val=0.57637
2025-06-18 02:12:07,437 - INFO - [Ep 8/30] train=0.07599 val=0.54809
2025-06-18 02:24:34,751 - INFO - [Ep 9/30] train=0.08173 val=0.63787
2025-06-18 02:35:26,768 - INFO - [Ep 10/30] train=0.06917 val=0.66659
2025-06-18 02:46:39,048 - INFO - Early stop at epoch 11
2025-06-18 02:46:39,155 - INFO - Fold 2: MAE=45.69 RMSE=55.87 MAPE=10.83% on 900 pts
2025-06-18 02:46:39,987 - INFO - -- Fold 3/5
2025-06-18 02:57:02,257 - INFO - [Ep 1/30] train=0.19931 val=0.53387
2025-06-18 03:06:10,714 - INFO - [Ep 2/30] train=0.11941 val=0.50850
2025-06-18 03:18:11,728 - INFO - [Ep 3/30] train=0.10656 val=0.47564
2025-06-18 03:30:57,371 - INFO - [Ep 4/30] train=0.07558 val=0.61365
2025-06-18 03:43:48,487 - INFO - [Ep 5/30] train=0.07315 val=0.59017
2025-06-18 03:53:33,722 - INFO - [Ep 6/30] train=0.07118 val=0.48202
2025-06-18 04:05:05,556 - INFO - [Ep 7/30] train=0.08127 val=0.39464
2025-06-18 04:16:21,817 - INFO - [Ep 8/30] train=0.07372 val=0.57148
2025-06-18 04:28:12,588 - INFO - [Ep 9/30] train=0.06322 val=0.55641
2025-06-18 04:37:44,334 - INFO - [Ep 10/30] train=0.06927 val=0.54159
2025-06-18 04:48:40,087 - INFO - [Ep 11/30] train=0.08759 val=0.39959
2025-06-18 05:00:28,754 - INFO - [Ep 12/30] train=0.06736 val=0.47153
2025-06-18 05:12:01,462 - INFO - Early stop at epoch 13
2025-06-18 05:12:01,519 - INFO - Fold 3: MAE=59.15 RMSE=64.64 MAPE=14.16% on 900 pts
2025-06-18 05:12:01,979 - INFO - -- Fold 4/5
2025-06-18 05:23:51,816 - INFO - [Ep 1/30] train=0.20361 val=0.53308
2025-06-18 05:34:06,200 - INFO - [Ep 2/30] train=0.11769 val=0.66782
2025-06-18 05:46:28,345 - INFO - [Ep 3/30] train=0.10117 val=0.72287
2025-06-18 05:58:07,490 - INFO - [Ep 4/30] train=0.09230 val=0.60501
2025-06-18 06:00:57,614 - INFO - [Ep 5/30] train=0.09940 val=0.63467
2025-06-18 06:02:04,778 - INFO - [Ep 6/30] train=0.07971 val=0.73683
2025-06-18 06:03:11,067 - INFO - Early stop at epoch 7
2025-06-18 06:03:11,127 - INFO - Fold 4: MAE=70.16 RMSE=98.67 MAPE=15.96% on 900 pts
2025-06-18 06:03:11,718 - INFO - -- Fold 5/5
2025-06-18 06:04:36,013 - INFO - [Ep 1/30] train=0.20329 val=0.62159
2025-06-18 06:05:59,547 - INFO - [Ep 2/30] train=0.11139 val=0.63830
2025-06-18 06:07:21,848 - INFO - [Ep 3/30] train=0.09366 val=0.51126
2025-06-18 06:08:38,072 - INFO - [Ep 4/30] train=0.06986 val=0.58584
2025-06-18 06:09:43,518 - INFO - [Ep 5/30] train=0.08884 val=0.59044
2025-06-18 06:10:58,505 - INFO - [Ep 6/30] train=0.07295 val=0.52168
2025-06-18 06:12:23,026 - INFO - [Ep 7/30] train=0.07243 val=0.63679
2025-06-18 06:13:48,191 - INFO - [Ep 8/30] train=0.06199 val=0.59181
2025-06-18 06:15:08,764 - INFO - Early stop at epoch 9
2025-06-18 06:15:08,810 - INFO - Fold 5: MAE=54.66 RMSE=62.97 MAPE=12.68% on 900 pts
2025-06-18 06:15:09,270 - INFO - === mean over folds: MAE=50.41 RMSE=62.16 MAPE=11.75% ===
