2025-06-18 20:13:40,543 - INFO - ========== Experiment 8/10 — lstm_multivar_hs256_do0.1_wd0.0001_20250618_201340 ==========
2025-06-18 20:13:40,543 - INFO - Parameter set: {'hidden_size': 256, 'dropout': 0.1, 'weight_decay': 0.0001}
2025-06-18 20:13:40,543 - INFO - --- Fold 1/5 ---
2025-06-18 20:19:09,585 - INFO - [Epoch 1/30] train_loss=0.25656 val_loss=0.11083
2025-06-18 20:24:41,211 - INFO - [Epoch 2/30] train_loss=0.25470 val_loss=0.12859
2025-06-18 20:30:11,148 - INFO - [Epoch 3/30] train_loss=0.27534 val_loss=0.10634
2025-06-18 20:35:43,891 - INFO - [Epoch 4/30] train_loss=0.25362 val_loss=0.10121
2025-06-18 20:41:20,019 - INFO - [Epoch 5/30] train_loss=0.23285 val_loss=0.10492
2025-06-18 20:47:00,448 - INFO - [Epoch 6/30] train_loss=0.24562 val_loss=0.10426
2025-06-18 20:52:34,253 - INFO - [Epoch 7/30] train_loss=0.21325 val_loss=0.09568
2025-06-18 20:58:07,013 - INFO - [Epoch 8/30] train_loss=0.17760 val_loss=0.10779
2025-06-18 21:03:43,440 - INFO - [Epoch 9/30] train_loss=0.17611 val_loss=0.10999
2025-06-18 21:09:22,719 - INFO - [Epoch 10/30] train_loss=0.20216 val_loss=0.10691
2025-06-18 21:14:56,992 - INFO - [Epoch 11/30] train_loss=0.18075 val_loss=0.10590
2025-06-18 21:20:31,153 - INFO - [Epoch 12/30] train_loss=0.16208 val_loss=0.12549
2025-06-18 21:26:01,543 - INFO - Early stop at epoch 13
2025-06-18 21:26:01,639 - INFO - Fold 1: MAE=15.89 RMSE=21.55 MAPE=3.88% on 900 pts
2025-06-18 21:26:02,139 - INFO - --- Fold 2/5 ---
2025-06-18 21:31:39,059 - INFO - [Epoch 1/30] train_loss=0.25310 val_loss=0.17384
2025-06-18 21:37:14,081 - INFO - [Epoch 2/30] train_loss=0.20141 val_loss=0.13540
2025-06-18 21:42:44,925 - INFO - [Epoch 3/30] train_loss=0.28539 val_loss=0.12047
2025-06-18 21:48:13,795 - INFO - [Epoch 4/30] train_loss=0.23002 val_loss=0.12421
2025-06-18 21:53:46,256 - INFO - [Epoch 5/30] train_loss=0.21958 val_loss=0.12246
2025-06-18 21:59:19,454 - INFO - [Epoch 6/30] train_loss=0.21655 val_loss=0.12122
2025-06-18 22:04:55,580 - INFO - [Epoch 7/30] train_loss=2.38867 val_loss=0.13588
2025-06-18 22:10:23,275 - INFO - [Epoch 8/30] train_loss=3.30335 val_loss=0.17581
2025-06-18 22:15:54,305 - INFO - Early stop at epoch 9
2025-06-18 22:15:54,402 - INFO - Fold 2: MAE=22.24 RMSE=25.19 MAPE=5.27% on 900 pts
2025-06-18 22:15:54,907 - INFO - --- Fold 3/5 ---
2025-06-18 22:21:33,402 - INFO - [Epoch 1/30] train_loss=0.25717 val_loss=0.11823
2025-06-18 22:27:13,209 - INFO - [Epoch 2/30] train_loss=0.25505 val_loss=0.14559
2025-06-18 22:32:49,837 - INFO - [Epoch 3/30] train_loss=0.29531 val_loss=0.15784
2025-06-18 22:38:27,483 - INFO - [Epoch 4/30] train_loss=0.29244 val_loss=0.12054
2025-06-18 22:45:59,622 - INFO - [Epoch 5/30] train_loss=0.26090 val_loss=0.12526
2025-06-18 22:52:33,577 - INFO - [Epoch 6/30] train_loss=0.21915 val_loss=0.11545
2025-06-18 22:58:13,706 - INFO - [Epoch 7/30] train_loss=0.19273 val_loss=0.12026
2025-06-18 23:03:53,802 - INFO - [Epoch 8/30] train_loss=0.20513 val_loss=0.13545
2025-06-18 23:09:34,073 - INFO - [Epoch 9/30] train_loss=0.19060 val_loss=0.10764
2025-06-18 23:15:15,327 - INFO - [Epoch 10/30] train_loss=0.16503 val_loss=0.11358
2025-06-18 23:20:54,468 - INFO - [Epoch 11/30] train_loss=0.17742 val_loss=0.14771
2025-06-18 23:26:33,422 - INFO - [Epoch 12/30] train_loss=0.13252 val_loss=0.17755
2025-06-18 23:32:13,440 - INFO - [Epoch 13/30] train_loss=0.10154 val_loss=0.24514
2025-06-18 23:37:53,100 - INFO - [Epoch 14/30] train_loss=0.10031 val_loss=0.14972
2025-06-18 23:43:27,965 - INFO - Early stop at epoch 15
2025-06-18 23:43:28,062 - INFO - Fold 3: MAE=20.48 RMSE=25.31 MAPE=4.79% on 900 pts
2025-06-18 23:43:28,583 - INFO - --- Fold 4/5 ---
2025-06-18 23:49:11,317 - INFO - [Epoch 1/30] train_loss=0.24909 val_loss=0.13429
2025-06-18 23:54:51,942 - INFO - [Epoch 2/30] train_loss=0.22856 val_loss=0.11909
