2025-06-16 13:53:46,726 - INFO -          common_cad
count  90437.000000
mean     423.157471
std      200.322570
min      205.757349
25%      314.537964
50%      389.539380
75%      483.270654
max     8093.401355
2025-06-16 13:53:46,994 - INFO - Размер полного датасета: 90437
2025-06-16 13:53:47,005 - INFO - Размер для обучения и CV: 89533
2025-06-16 13:53:47,020 - INFO - Размер для hold-out теста: 904
2025-06-16 13:53:47,504 - INFO - Запускаю кросс-валидацию на 5 фолдах...
2025-06-16 13:53:47,509 - INFO - 
--- Фолд 1/5 ---
2025-06-16 13:53:47,512 - INFO - Размер train фолда 1: 85033
2025-06-16 13:53:47,513 - INFO - Размер val фолда 1: 900
2025-06-16 13:53:47,514 - INFO - Период фолда 1: 2024-11-25 18:01:00 - 2024-12-10 12:19:00
2025-06-16 13:53:47,518 - INFO - model_fold.OUTLIER_UPPER_BOUND=2606
2025-06-16 13:53:47,518 - INFO - Начинаю обучение на фолде...
2025-06-16 13:54:07,324 - INFO - Обучение на фолде завершено.
2025-06-16 13:55:45,596 - INFO -          common_cad
count  90437.000000
mean     423.157471
std      200.322570
min      205.757349
25%      314.537964
50%      389.539380
75%      483.270654
max     8093.401355
2025-06-16 13:55:45,712 - INFO - Размер полного датасета: 90437
2025-06-16 13:55:45,713 - INFO - Размер для обучения и CV: 89533
2025-06-16 13:55:45,714 - INFO - Размер для hold-out теста: 904
2025-06-16 13:55:45,859 - INFO - Запускаю кросс-валидацию на 5 фолдах...
2025-06-16 13:55:45,861 - INFO - 
--- Фолд 1/5 ---
2025-06-16 13:55:45,865 - INFO - Размер train фолда 1: 85033
2025-06-16 13:55:45,866 - INFO - Размер val фолда 1: 900
2025-06-16 13:55:45,867 - INFO - Период фолда 1: 2024-11-25 18:01:00 - 2024-12-10 12:19:00
2025-06-16 13:55:45,871 - INFO - model_fold.OUTLIER_UPPER_BOUND=2606
2025-06-16 13:55:45,872 - INFO - Начинаю обучение на фолде...
2025-06-16 13:56:04,727 - INFO - Обучение на фолде завершено.
2025-06-16 13:57:51,972 - INFO - Метрики на фолде 1: MAE=75.6, RMSE=90.2, MAPE=20.81%
2025-06-16 13:57:55,636 - INFO - 
--- Фолд 2/5 ---
2025-06-16 13:57:55,649 - INFO - Размер train фолда 2: 85933
2025-06-16 13:57:55,650 - INFO - Размер val фолда 2: 900
2025-06-16 13:57:55,651 - INFO - Период фолда 2: 2024-11-25 18:01:00 - 2024-12-10 16:04:00
2025-06-16 13:57:55,923 - INFO - model_fold.OUTLIER_UPPER_BOUND=2606
2025-06-16 13:57:55,924 - INFO - Начинаю обучение на фолде...
2025-06-16 13:58:27,932 - INFO - Обучение на фолде завершено.
2025-06-16 14:01:29,887 - INFO - Метрики на фолде 2: MAE=84.0, RMSE=105.9, MAPE=23.40%
2025-06-16 14:01:31,231 - INFO - 
--- Фолд 3/5 ---
2025-06-16 14:01:31,290 - INFO - Размер train фолда 3: 86833
2025-06-16 14:01:31,291 - INFO - Размер val фолда 3: 900
2025-06-16 14:01:31,293 - INFO - Период фолда 3: 2024-11-25 18:01:00 - 2024-12-10 19:49:00
2025-06-16 14:01:31,422 - INFO - model_fold.OUTLIER_UPPER_BOUND=2606
2025-06-16 14:01:31,424 - INFO - Начинаю обучение на фолде...
2025-06-16 14:02:48,553 - INFO - Обучение на фолде завершено.
2025-06-16 14:07:00,823 - INFO - Метрики на фолде 3: MAE=83.4, RMSE=111.3, MAPE=24.17%
2025-06-16 14:07:01,512 - INFO - 
--- Фолд 4/5 ---
2025-06-16 14:07:01,526 - INFO - Размер train фолда 4: 87733
2025-06-16 14:07:01,527 - INFO - Размер val фолда 4: 900
2025-06-16 14:07:01,528 - INFO - Период фолда 4: 2024-11-25 18:01:00 - 2024-12-10 23:34:00
2025-06-16 14:07:01,545 - INFO - model_fold.OUTLIER_UPPER_BOUND=2530
2025-06-16 14:07:01,546 - INFO - Начинаю обучение на фолде...
2025-06-16 14:07:33,553 - INFO - Обучение на фолде завершено.
2025-06-16 14:13:40,162 - INFO - Метрики на фолде 4: MAE=87.3, RMSE=104.6, MAPE=24.03%
2025-06-16 14:13:40,919 - INFO - 
--- Фолд 5/5 ---
2025-06-16 14:13:40,923 - INFO - Размер train фолда 5: 88633
2025-06-16 14:13:40,924 - INFO - Размер val фолда 5: 900
2025-06-16 14:13:40,925 - INFO - Период фолда 5: 2024-11-25 18:01:00 - 2024-12-11 03:19:00
2025-06-16 14:13:40,939 - INFO - model_fold.OUTLIER_UPPER_BOUND=2502
2025-06-16 14:13:40,940 - INFO - Начинаю обучение на фолде...
2025-06-16 14:14:04,166 - INFO - Обучение на фолде завершено.
2025-06-16 14:16:53,637 - INFO - Метрики на фолде 5: MAE=95.5, RMSE=127.2, MAPE=22.78%
2025-06-16 14:16:54,285 - INFO - 
--- Результаты кросс-валидации (средние) ---
2025-06-16 14:16:54,286 - INFO - CV Avg • MAE=85.2  RMSE=107.8  MAPE=23.04%
2025-06-16 14:16:54,287 - INFO - 
Начинаю обучение финальной модели на всех данных train+val...
2025-06-16 14:16:54,291 - INFO - final_model.OUTLIER_UPPER_BOUND=2502
2025-06-16 14:17:20,268 - INFO - Финальная модель успешно обучена!
2025-06-16 14:17:23,543 - INFO - 
Делаю прогноз на hold-out сете...
2025-06-16 14:19:17,968 - INFO - Прогноз готов!
2025-06-16 14:19:17,995 - INFO - Длина прогноза: 904, Длина реальных данных: 904
2025-06-16 14:19:18,611 - INFO - Blind ~4h test • MAE=91.2  RMSE=125.1  MAPE=22.47%  on 904 valid points
2025-06-16 14:19:20,361 - INFO - 
*** Hold-out metrics ***
2025-06-16 14:19:20,363 - INFO -            value
MAE    91.198168
RMSE  125.095405
MAPE   22.465259
2025-06-16 14:19:20,462 - INFO - 
MAE by day:
2025-06-16 14:19:20,464 - INFO -         index        MAE
0  2024-12-11  91.198168
2025-06-16 14:19:21,614 - INFO -                         feature  importance
0   f_target_ewm_mean_alpha_0_3   29.624471
1              common_cad_lag_1   11.830358
2           f_target_roll_max_4    9.989984
3               f_target_diff_2    7.144814
4               f_target_diff_4    6.544134
5             common_cad_roll_4    4.474172
6    f_target_diff_1_roll_std_4    3.465235
7               f_target_diff_1    3.164313
8              common_cad_lag_4    3.049117
9          f_target_roll_max_12    2.793000
10             f_target_diff_96    2.452841
11  f_target_ewm_mean_alpha_0_1    2.449555
12           common_cad_roll_96    2.211685
13             common_cad_lag_2    1.405424
14            common_cad_lag_96    1.195932
15          common_cad_lag_5760    1.095803
16          common_cad_roll_192    1.053017
17           common_cad_lag_192    0.985237
18         common_cad_roll_1920    0.837406
19         common_cad_roll_5760    0.835055
