2025-06-16 17:25:46,603 - INFO -          common_cad
count  90437.000000
mean     423.157471
std      200.322570
min      205.757349
25%      314.537964
50%      389.539380
75%      483.270654
max     8093.401355
2025-06-16 17:25:46,660 - INFO - Начинаю обучение модели...
2025-06-16 17:27:18,361 - INFO - Модель успешно обучена!
2025-06-16 17:27:19,044 - INFO - Делаю прогноз...
2025-06-16 17:28:49,038 - INFO - Прогноз готов!
2025-06-16 17:28:49,054 - INFO - Длина прогноза: 905, Длина реальных данных: 905
2025-06-16 17:28:49,174 - INFO - Blind ~4h test • MAE=153.9  RMSE=214.5  MAPE=40.22%  on 905 valid points
2025-06-16 17:28:51,235 - INFO - 
*** Hold-out metrics ***
2025-06-16 17:28:51,236 - INFO -            value
MAE   153.923293
RMSE  214.488476
MAPE   40.216890
2025-06-16 17:28:51,247 - INFO - 
MAE by day:
2025-06-16 17:28:51,248 - INFO -         index         MAE
0  2024-12-11  153.923293
2025-06-16 17:28:52,239 - INFO -                    feature  importance
0      f_resid_roll_mean_4   24.464197
1            f_resid_lag_1   15.528494
2       f_resid_roll_std_4   15.096054
3            f_resid_lag_4   14.580627
4     f_resid_roll_mean_96    3.639661
5          f_resid_lag_192    2.736764
6            f_resid_lag_2    2.683765
7         f_resid_lag_5760    2.644081
8           f_resid_lag_96    2.613227
9    f_resid_roll_mean_192    2.056193
10     f_resid_roll_std_96    1.567536
11  f_resid_roll_mean_1920    1.245033
12  f_resid_roll_mean_2880    1.149941
13  f_resid_roll_mean_4320    1.117968
14  f_resid_roll_mean_5760    1.079158
15    f_resid_roll_std_192    1.041716
16  f_resid_roll_mean_8640    1.025053
17                    hour    0.860056
18   f_resid_roll_std_2880    0.780434
19   f_resid_roll_std_1920    0.763935
2025-06-16 17:30:35,573 - INFO - Начинаю обучение модели...
2025-06-16 17:32:03,809 - INFO - Модель успешно обучена!
2025-06-16 17:32:04,436 - INFO - Делаю прогноз...
2025-06-16 17:33:40,545 - INFO - Прогноз готов!
2025-06-16 17:33:40,566 - INFO - Длина прогноза: 905, Длина реальных данных: 905
2025-06-16 17:33:40,743 - INFO - Blind ~4h test • MAE=153.9  RMSE=214.5  MAPE=40.22%  on 905 valid points
2025-06-16 17:38:18,236 - INFO - Длина прогноза: 905, Длина реальных данных: 905
2025-06-16 17:38:21,060 - INFO - Blind ~4h test • MAE=153.9  RMSE=214.5  MAPE=40.22%  on 905 valid points
2025-06-16 17:40:08,205 - INFO - Начинаю обучение модели...
2025-06-16 17:41:33,421 - INFO - Модель успешно обучена!
2025-06-16 17:41:34,230 - INFO - Делаю прогноз...
2025-06-16 17:43:12,883 - INFO - Прогноз готов!
2025-06-16 17:43:12,897 - INFO - Длина прогноза: 905, Длина реальных данных: 905
2025-06-16 17:43:13,100 - INFO - Blind ~4h test • MAE=153.9  RMSE=214.5  MAPE=40.22%  on 905 valid points
